{
  "task": "LA-001",
  "artifact_integrity_valid": true,
  "current_outputs_checked": true,
  "completed_at": "2026-09-11T16:09:28.924083+00:00",
  "outputs": {
    "papers/completion/law_to_action/manuscript/main.tex": "papers/completion/law_to_action/receipts/snapshots/LA-001/outputs/manuscript/main.tex",
    "papers/completion/law_to_action/manuscript/references.bib": "papers/completion/law_to_action/receipts/snapshots/LA-001/outputs/manuscript/references.bib",
    "papers/completion/law_to_action/source_recovery.md": "papers/completion/law_to_action/receipts/snapshots/LA-001/outputs/source_recovery.md",
    "papers/completion/law_to_action/private/source_provenance.json": "papers/completion/law_to_action/receipts/snapshots/LA-001/outputs/private/source_provenance.json"
  },
  "artifacts": {
    "papers/completion/law_to_action/receipts/snapshots/LA-001/outputs/manuscript/main.tex": "6f2ebfaa1f5e3e9b3b8a63e15f802a36da1f6e87c2bfa7cf67b515d5c2eb2d12",
    "papers/completion/law_to_action/receipts/snapshots/LA-001/outputs/manuscript/references.bib": "5106fb79db53fbd2539a2f21760be25e1fafcfc9bd21f598739cb2172183c9b3",
    "papers/completion/law_to_action/receipts/snapshots/LA-001/outputs/source_recovery.md": "d2ceac27bb010ea1913d4f8a33e1d2858dc38bb5ff7ca91d9747eb40709444ac",
    "papers/completion/law_to_action/receipts/snapshots/LA-001/outputs/private/source_provenance.json": "2ceeac0e6921d06389813cd4fc3ff0df4848cbc7fb6877e6fd4030930205661d",
    "papers/completion/law_to_action/receipts/snapshots/LA-001/reconstruction-audit/audit_reconstruction.py": "45a00f4f8f000a61aaa6b6e10e3c1a75441a05809b137dea3de60641f1fc525a",
    "papers/completion/law_to_action/receipts/snapshots/LA-001/reconstruction-audit/build.log": "49ea91d163f3477d328f14e01f4076d330f8a98e6478a8db7b5d6d51e8d9f0e4",
    "papers/completion/law_to_action/receipts/snapshots/LA-001/reconstruction-audit/canonical-build.log": "ae1b340325c0a1fd4301cc555c6b296520d0ae82e0ee7a24f980bd6460d8638a",
    "papers/completion/law_to_action/receipts/snapshots/LA-001/reconstruction-audit/canonical.bbox.html": "10c4c302aafcb43052e4e117d8fbf8ab20f2d1da3e75d250751eb4abbb1c8152",
    "papers/completion/law_to_action/receipts/snapshots/LA-001/reconstruction-audit/canonical.txt": "79d5b269c841b8fc0e953cb2212653fdb69de0e19f01c202f215a5a1e97ef98c",
    "papers/completion/law_to_action/receipts/snapshots/LA-001/reconstruction-audit/fidelity-audit.log": "f921539f308766899bfdf6c1c99714cd0b9adfe042734e554a5a9ef8d72148b7",
    "papers/completion/law_to_action/receipts/snapshots/LA-001/reconstruction-audit/fidelity_audit.json": "014a2fbaab7b7375e977b097cc3e7daffdd6b3622f4cb591afd92db9dcfb4d43",
    "papers/completion/law_to_action/receipts/snapshots/LA-001/reconstruction-audit/inventory.json": "d79f98173b6bcd2b9258be147b561e2d4fead14e88f1f47e819725097b983d76",
    "papers/completion/law_to_action/receipts/snapshots/LA-001/reconstruction-audit/original-page-13.png": "ff77d302c6a725e24560fd0ccbc33b24c5ac842c51204a2b103d34ad0fe2bc74",
    "papers/completion/law_to_action/receipts/snapshots/LA-001/reconstruction-audit/original.bbox.html": "7e382bbf1c29faca72f341ddfc4d98fda65176da0a5532e79169d4d25c8a77a2",
    "papers/completion/law_to_action/receipts/snapshots/LA-001/reconstruction-audit/reconstruct.py": "cd867f48bdf59e9fda48484d1ef18d84581759bf381ac85c0b8ed6655f3c539f",
    "papers/completion/law_to_action/receipts/snapshots/LA-001/reconstruction-audit/reconstructed-page-16.png": "02c0242222e770d8655405aaaea21b85902f8cec13a8482f0e1dce852892230c",
    "papers/completion/law_to_action/receipts/snapshots/LA-001/reconstruction-audit/reconstructed.txt": "79d5b269c841b8fc0e953cb2212653fdb69de0e19f01c202f215a5a1e97ef98c",
    "papers/completion/law_to_action/receipts/snapshots/LA-001/reconstruction-audit/research-template.supplied.tex": "c1c74133705d906972ee7571ee34f57122da5088e9f09ffe9dacb01cf0db1250",
    "papers/completion/law_to_action/receipts/snapshots/LA-001/reconstruction-audit/source-toolchain-inspection.log": "04f021a9658acd184d4cad05f7f9d16e0da83b9fe65cae6080bfdf9536c791ea",
    "papers/completion/law_to_action/receipts/snapshots/LA-001/reconstruction-audit/tables.json": "dde9678938bc97ff30200f59173defcd5342df904de38edba33b1fd5395911d9",
    "papers/completion/law_to_action/receipts/snapshots/LA-001/compiled/main.pdf": "8c2a4b2d2c3ef3aa53a5c683705d5be9e71d1442a71dfc3de85ffb8d4d3dc7e3",
    "papers/completion/law_to_action/receipts/snapshots/LA-001/compiled/main.log": "b597fce3c444d776ca527d923dfcaa1a87a209bc41610758cbb98d98cf172e2a",
    "papers/completion/law_to_action/receipts/snapshots/LA-001/compiled/main.bbl": "1b7d0953249defced8ed6df23085f10bd42475cd55849943a5cafceb9bbef052",
    "papers/completion/law_to_action/receipts/snapshots/LA-001/compiled/main.blg": "ab4bf0ef3d32f4b5cd31d960952c0a772f679641601cb3aab74db3d1b2d7b782",
    "papers/completion/law_to_action/receipts/snapshots/LA-001/provided-inputs/from_law_to_action_corpus_grounded-1.pdf": "000b0d1960854966be836788f05c1fe33b8c0c6a2943a8d88f20241f99b38da0",
    "papers/completion/law_to_action/receipts/snapshots/LA-001/provided-inputs/extracted.txt": "7ba3ca062ada2271540676831842f095769a6feb085d2290ba96b26fa7182541",
    "papers/completion/law_to_action/receipts/snapshots/LA-001/provided-inputs/neurips_2026_vericode_workshop.tex": "c1c74133705d906972ee7571ee34f57122da5088e9f09ffe9dacb01cf0db1250",
    "papers/completion/law_to_action/receipts/snapshots/LA-001/provided-inputs/neurips_2026_vericode.sty": "2944ec0d4f64dba353827e9ead104da1a9ac81b4057f4ff40969c693632a1e11",
    "papers/completion/law_to_action/receipts/snapshots/LA-001/provided-inputs/checklist.tex": "780ba13c480f652dcc42e69ed61a752ce0ea270f15d332d4a45b059dabad84f6"
  },
  "limitation": "Recorded evidence is checked; this is not independent scientific replication."
}
