{
  "task": "NS-015",
  "artifact_integrity_valid": true,
  "current_outputs_checked": true,
  "completed_at": "2026-09-12T01:07:40+00:00",
  "outputs": {
    "papers/completion/neurosymbolic_supervision/qualification/extensions_scope.json": "papers/completion/neurosymbolic_supervision/receipts/snapshots/NS-015/qualification/extensions_scope.json",
    "papers/completion/neurosymbolic_supervision/qualification/extension_holdout_protocol.md": "papers/completion/neurosymbolic_supervision/receipts/snapshots/NS-015/qualification/extension_holdout_protocol.md",
    "papers/completion/neurosymbolic_supervision/qualification/extension_results.jsonl": "papers/completion/neurosymbolic_supervision/receipts/snapshots/NS-015/qualification/extension_results.jsonl",
    "papers/completion/neurosymbolic_supervision/qualification/extensions_report.md": "papers/completion/neurosymbolic_supervision/receipts/snapshots/NS-015/qualification/extensions_report.md"
  },
  "artifacts": {
    "papers/completion/neurosymbolic_supervision/receipts/snapshots/NS-015/qualification/extensions_scope.json": "a9d4e13b58e20199f4186e70774eb00a1a498f587929173e19e8444c073e13aa",
    "papers/completion/neurosymbolic_supervision/receipts/snapshots/NS-015/qualification/extension_holdout_protocol.md": "4a8ae51c84d9d698d857dec829c4c3868f0237587d1d0984042a747ce6fc99ec",
    "papers/completion/neurosymbolic_supervision/receipts/snapshots/NS-015/qualification/extension_results.jsonl": "bccf63df8fa145265e161c1629b58293d9d392588a46f1f172ea629bb0f88eb9",
    "papers/completion/neurosymbolic_supervision/receipts/snapshots/NS-015/qualification/extensions_report.md": "9de6501919f5d361e3a2771211144b9f00f2385ede98c1966ce40a500cc0386b",
    "papers/completion/neurosymbolic_supervision/receipts/snapshots/NS-015/source_review/source_inventory.json": "6856905bc509fad5c02950bb46da007a4b0bcadefe4afe68a52faf8ea7378e8e",
    "papers/completion/neurosymbolic_supervision/receipts/snapshots/NS-015/validate_extensions_scope.py": "09b78368548c711e9d195414831aa8d6c45ac37ebcc47c53a6bd1681e339034b",
    "papers/completion/neurosymbolic_supervision/receipts/snapshots/NS-015/extension-scope-closure.log": "53cf8253840b67c2fb51dd77c6527a3a2bd152f58afddcadaa5e30cd4751b25e"
  },
  "limitation": "Recorded evidence is checked; this is not independent scientific replication."
}
