tests/test_utils.py::TestParseMetadata::test_basics
tests/test_utils.py::TestCanonicalizeDistributionName::test_valid_cases[package-1-package-1]
tests/test_utils.py::TestCanonicalizeDistributionName::test_valid_cases[ABC..12-abc-12]
tests/test_utils.py::TestParseWheelFilename::test_valid_cases[package-1!1.0+abc.7-753-py3-none-any.whl-expected0]
tests/test_utils.py::TestParseWheelFilename::test_valid_cases[package-1!1.0+abc.7-py3-none-any.whl-expected1]
tests/test_utils.py::TestParseWheelFilename::test_valid_cases[tensorflow-2.3.0-cp38-cp38-macosx_10_11_x86_64.whl-expected2]
tests/test_utils.py::TestParseWheelFilename::test_valid_cases[tensorflow-2.3.0-cp38-cp38-manylinux2010_x86_64.whl-expected3]
tests/test_utils.py::TestParseWheelFilename::test_valid_cases[tensorflow-2.3.0-cp38-cp38-win_amd64.whl-expected4]
tests/test_utils.py::TestParseWheelFilename::test_invalid_cases[pip-20.0.0-py2.py3-none-any.zip]
tests/test_utils.py::TestParseWheelFilename::test_invalid_cases[pip-20.0.0.whl]
tests/test_utils.py::TestParseWheelFilename::test_invalid_cases[pip-20.0.0---.whl]
tests/test_utils.py::TestCopyFileObjWithHashing::test_basic_functionality
tests/test_utils.py::TestGetStreamLength::test_basic_functionality
tests/test_utils.py::TestScript::test_replace_shebang[python]
tests/test_utils.py::TestScript::test_replace_shebang[pythonw]
tests/test_utils.py::TestScript::test_replace_shebang[python-with-args]
tests/test_utils.py::TestScript::test_replace_shebang[python-no-content]
tests/test_utils.py::TestScript::test_keep_data[#!py\ntest]
tests/test_utils.py::TestScript::test_keep_data[#!something\ntest]
tests/test_utils.py::TestScript::test_keep_data[#something\ntest]
tests/test_utils.py::TestScript::test_keep_data[#something]
tests/test_utils.py::TestScript::test_keep_data[something]
tests/test_utils.py::TestConstructRecord::test_construct
tests/test_utils.py::TestParseEntryPoints::test_valid[empty]
tests/test_utils.py::TestParseEntryPoints::test_valid[unrelated]
tests/test_utils.py::TestParseEntryPoints::test_valid[cli]
tests/test_utils.py::TestParseEntryPoints::test_valid[gui]
tests/test_utils.py::TestParseEntryPoints::test_valid[cli-and-gui]

28 tests collected in 0.02s
