{
  "fabricated_human_review": false,
  "independent_fidelity_unmeasured": true,
  "ok": true,
  "public_upload": false,
  "summary_sha256": "62e63725fe02f4ac9f9c5a3b397d0b2d9f9d7a1e25fc87e9eb7fdc21cb01cc72",
  "tables": {
    "table11_training.tex": {
      "bytes": 2442,
      "sha256": "dcb2582f2c091a48b3c26bb1b1698e1287d70d77cc2c3824b4f1f822bd2d6e74"
    },
    "table13_assistance.tex": {
      "bytes": 2205,
      "sha256": "655dfb58c0c1a960b636dbe35292ee243fbcb197fad1108f8a047742e2f62d3f"
    },
    "table6_pipeline.tex": {
      "bytes": 2095,
      "sha256": "a2ebba34895da30b383954e93ec582d2738a212d15de7b329fecf5a4d0c7aa49"
    }
  },
  "unrun_is_not_zero": true
}
