test/test_app.py::TestApplicationObject::test_setattr
test/test_auth.py::TestBasicAuth::test__header
test/test_config.py::TestConfDict::test_gc_overlays
test/test_config.py::TestConfDict::test_isadict
test/test_config.py::TestConfDict::test_load_dict
test/test_config.py::TestConfDict::test_load_module
test/test_config.py::TestConfDict::test_meta
test/test_config.py::TestConfDict::test_namespaces
test/test_config.py::TestConfDict::test_overlay
test/test_config.py::TestConfDict::test_string_save_keys
test/test_config.py::TestConfDict::test_update
test/test_config.py::TestConfDict::test_write
test/test_config.py::TestINIConfigLoader::test_load_config
test/test_contextlocals.py::TestThreadLocals::test_request
test/test_contextlocals.py::TestThreadLocals::test_response
test/test_environ.py::TestRequest::test_app_property
test/test_environ.py::TestRequest::test_auth
test/test_environ.py::TestRequest::test_bigbody
test/test_environ.py::TestRequest::test_body
test/test_environ.py::TestRequest::test_body_noclose
test/test_environ.py::TestRequest::test_bodypost
test/test_environ.py::TestRequest::test_chunked
test/test_environ.py::TestRequest::test_chunked_illegal_size
test/test_environ.py::TestRequest::test_chunked_meta_fields
test/test_environ.py::TestRequest::test_chunked_not_chunked_at_all
test/test_environ.py::TestRequest::test_chunked_not_terminated
test/test_environ.py::TestRequest::test_chunked_wrong_size
test/test_environ.py::TestRequest::test_cookie_dict
test/test_environ.py::TestRequest::test_dict_access
test/test_environ.py::TestRequest::test_get
test/test_environ.py::TestRequest::test_getpostleak
test/test_environ.py::TestRequest::test_header_access
test/test_environ.py::TestRequest::test_header_access_special
test/test_environ.py::TestRequest::test_isajax
test/test_environ.py::TestRequest::test_json_empty
test/test_environ.py::TestRequest::test_json_forged_header_issue616
test/test_environ.py::TestRequest::test_json_header_empty_body
test/test_environ.py::TestRequest::test_json_noheader
test/test_environ.py::TestRequest::test_json_tobig
test/test_environ.py::TestRequest::test_json_valid
test/test_environ.py::TestRequest::test_method
test/test_environ.py::TestRequest::test_multipart
test/test_environ.py::TestRequest::test_params
test/test_environ.py::TestRequest::test_path
test/test_environ.py::TestRequest::test_pathshift
test/test_environ.py::TestRequest::test_post
test/test_environ.py::TestRequest::test_readonly_environ
test/test_environ.py::TestRequest::test_remote_addr
test/test_environ.py::TestRequest::test_remote_route
test/test_environ.py::TestRequest::test_route_property
test/test_environ.py::TestRequest::test_script_name
test/test_environ.py::TestRequest::test_tobigbody
test/test_environ.py::TestRequest::test_url
test/test_environ.py::TestRequest::test_url_for_property
test/test_environ.py::TestRequest::test_user_defined_attributes
test/test_environ.py::TestResponse::test_append_header
test/test_environ.py::TestResponse::test_charset
test/test_environ.py::TestResponse::test_clone_cookie
test/test_environ.py::TestResponse::test_constructor_body
test/test_environ.py::TestResponse::test_constructor_headerlist
test/test_environ.py::TestResponse::test_constructor_status
test/test_environ.py::TestResponse::test_content_type
test/test_environ.py::TestResponse::test_delete_cookie
test/test_environ.py::TestResponse::test_delete_header
test/test_environ.py::TestResponse::test_expires_header
test/test_environ.py::TestResponse::test_non_string_header
test/test_environ.py::TestResponse::test_prevent_control_characters_in_headers
test/test_environ.py::TestResponse::test_set_cookie
test/test_environ.py::TestResponse::test_set_cookie_expires
test/test_environ.py::TestResponse::test_set_cookie_httponly
test/test_environ.py::TestResponse::test_set_cookie_maxage
test/test_environ.py::TestResponse::test_set_cookie_name_long_string
test/test_environ.py::TestResponse::test_set_cookie_samesite
test/test_environ.py::TestResponse::test_set_cookie_secure
test/test_environ.py::TestResponse::test_set_cookie_value_long_string
test/test_environ.py::TestResponse::test_set_header
test/test_environ.py::TestResponse::test_set_status
test/test_environ.py::TestResponse::test_wsgi_header_values
test/test_environ.py::TestRedirect::test_absolute_path
test/test_environ.py::TestRedirect::test_host_http_1_0
test/test_environ.py::TestRedirect::test_host_http_1_1
test/test_environ.py::TestRedirect::test_host_http_proxy
test/test_environ.py::TestRedirect::test_redirect_preserve_cookies
test/test_environ.py::TestRedirect::test_relative_path
test/test_environ.py::TestRedirect::test_sheme
test/test_environ.py::TestRedirect::test_specialchars
test/test_environ.py::TestWSGIHeaderDict::test_bytes
test/test_environ.py::TestWSGIHeaderDict::test_dict
test/test_environ.py::TestWSGIHeaderDict::test_empty
test/test_environ.py::TestWSGIHeaderDict::test_native
test/test_environ.py::TestWSGIHeaderDict::test_unicode
test/test_exc.py::TestAppException::test_memory_error
test/test_exc.py::TestAppException::test_no_exc
test/test_exc.py::TestAppException::test_noncatched_error
test/test_exc.py::TestAppException::test_other_error
test/test_exc.py::TestAppException::test_system_Exit
test/test_fileupload.py::TestFileUpload::test_content_type
test/test_fileupload.py::TestFileUpload::test_filename
test/test_fileupload.py::TestFileUpload::test_name
test/test_fileupload.py::TestFileUpload::test_preserve_case_issue_582
test/test_fileupload.py::TestFileUpload::test_raw_filename
test/test_fileupload.py::TestFileUpload::test_save_buffer
test/test_fileupload.py::TestFileUpload::test_save_dir
test/test_fileupload.py::TestFileUpload::test_save_file
test/test_fileupload.py::TestFileUpload::test_save_overwrite_lock
test/test_formsdict.py::TestFormsDict::test_attr_access
test/test_formsdict.py::TestFormsDict::test_attr_missing
test/test_formsdict.py::TestFormsDict::test_attr_unicode_error
test/test_formsdict.py::TestFormsDict::test_decode_method
test/test_html_helper.py::TestHttpUtils::test_accept_header
test/test_importhook.py::TestImportHooks::test_data_import
test/test_importhook.py::TestImportHooks::test_direkt_import
test/test_importhook.py::TestImportHooks::test_ext_isfile
test/test_importhook.py::TestImportHooks::test_from_import
test/test_importhook.py::TestImportHooks::test_import_fail
test/test_jinja2.py::TestJinja2Template::test_custom_filters
test/test_jinja2.py::TestJinja2Template::test_custom_tests
test/test_jinja2.py::TestJinja2Template::test_error
test/test_jinja2.py::TestJinja2Template::test_file
test/test_jinja2.py::TestJinja2Template::test_inherit
test/test_jinja2.py::TestJinja2Template::test_name
test/test_jinja2.py::TestJinja2Template::test_notfound
test/test_jinja2.py::TestJinja2Template::test_string
test/test_jinja2.py::TestJinja2Template::test_template_shortcut
test/test_jinja2.py::TestJinja2Template::test_view_decorator
test/test_mdict.py::TestMultiDict::test_headergetbug
test/test_mdict.py::TestMultiDict::test_isadict
test/test_mdict.py::TestMultiDict::test_isheader
test/test_mdict.py::TestMultiDict::test_ismulti
test/test_mount.py::TestAppMounting::test_mount
test/test_mount.py::TestAppMounting::test_mount_cookie
test/test_mount.py::TestAppMounting::test_mount_get_url
test/test_mount.py::TestAppMounting::test_mount_json_bug
test/test_mount.py::TestAppMounting::test_mount_meta
test/test_mount.py::TestAppMounting::test_mount_no_plugins
test/test_mount.py::TestAppMounting::test_mount_order_bug581
test/test_mount.py::TestAppMounting::test_mount_unicode_path_bug602
test/test_mount.py::TestAppMounting::test_mount_wsgi
test/test_mount.py::TestAppMounting::test_mount_wsgi_ctype_bug
test/test_mount.py::TestAppMounting::test_no_slash_prefix
test/test_mount.py::TestAppMerging::test_merge
test/test_multipart.py::TestHeaderParser::test_options_parser
test/test_multipart.py::TestMultipartParser::test_big_file
test/test_multipart.py::TestMultipartParser::test_file_seek
test/test_multipart.py::TestMultipartParser::test_fuzzy_lineiter
test/test_multipart.py::TestMultipartParser::test_iterlines
test/test_multipart.py::TestMultipartParser::test_iterlines_limit
test/test_multipart.py::TestMultipartParser::test_multiline_header
test/test_multipart.py::TestMultipartParser::test_unicode_value
test/test_multipart.py::TestBrokenMultipart::test_big_boundary
test/test_multipart.py::TestBrokenMultipart::test_content_length_to_small
test/test_multipart.py::TestBrokenMultipart::test_disk_limit
test/test_multipart.py::TestBrokenMultipart::test_invalid_header
test/test_multipart.py::TestBrokenMultipart::test_mem_limit
test/test_multipart.py::TestBrokenMultipart::test_missing_boundary
test/test_multipart.py::TestBrokenMultipart::test_missing_content_type
test/test_multipart.py::TestBrokenMultipart::test_no_disposition_header
test/test_multipart.py::TestBrokenMultipart::test_no_newline_after_content
test/test_multipart.py::TestBrokenMultipart::test_no_newline_after_middle_content
test/test_multipart.py::TestBrokenMultipart::test_no_start_boundary
test/test_multipart.py::TestBrokenMultipart::test_no_terminator
test/test_multipart.py::TestBrokenMultipart::test_preamble_before_start_boundary
test/test_multipart.py::TestBrokenMultipart::test_unsupported_content_type
test/test_multipart.py::TestWerkzeugExamples::test_werkzeug_examples
test/test_oorouting.py::TestRoutes::test_route1
test/test_outputfilter.py::TestOutputFilter::test_bytearray
test/test_outputfilter.py::TestOutputFilter::test_bytes
test/test_outputfilter.py::TestOutputFilter::test_cookie
test/test_outputfilter.py::TestOutputFilter::test_empty_generator_callback
test/test_outputfilter.py::TestOutputFilter::test_emptylist
test/test_outputfilter.py::TestOutputFilter::test_error
test/test_outputfilter.py::TestOutputFilter::test_error_in_generator_callback
test/test_outputfilter.py::TestOutputFilter::test_fatal_error
test/test_outputfilter.py::TestOutputFilter::test_fatal_error_in_generator_callback
test/test_outputfilter.py::TestOutputFilter::test_file
test/test_outputfilter.py::TestOutputFilter::test_generator_callback
test/test_outputfilter.py::TestOutputFilter::test_httperror_in_generator_callback
test/test_outputfilter.py::TestOutputFilter::test_httpresponse_in_generator_callback
test/test_outputfilter.py::TestOutputFilter::test_illegal
test/test_outputfilter.py::TestOutputFilter::test_invalid_generator_callback
test/test_outputfilter.py::TestOutputFilter::test_iterator_with_close
test/test_outputfilter.py::TestOutputFilter::test_json
test/test_outputfilter.py::TestOutputFilter::test_json_HTTPError
test/test_outputfilter.py::TestOutputFilter::test_json_HTTPResponse
test/test_outputfilter.py::TestOutputFilter::test_json_serialization_error
test/test_outputfilter.py::TestOutputFilter::test_none
test/test_outputfilter.py::TestOutputFilter::test_tuple
test/test_outputfilter.py::TestOutputFilter::test_unicode
test/test_outputfilter.py::TestOutputFilter::test_unicode_generator_callback
test/test_plugins.py::TestPluginManagement::test_install_decorator
test/test_plugins.py::TestPluginManagement::test_install_non_plugin
test/test_plugins.py::TestPluginManagement::test_install_plugin
test/test_plugins.py::TestPluginManagement::test_json_plugin_catches_httpresponse
test/test_plugins.py::TestPluginManagement::test_plugin_oder
test/test_plugins.py::TestPluginManagement::test_route_plugin
test/test_plugins.py::TestPluginManagement::test_skip_all
test/test_plugins.py::TestPluginManagement::test_skip_by_class
test/test_plugins.py::TestPluginManagement::test_skip_by_instance
test/test_plugins.py::TestPluginManagement::test_skip_by_name
test/test_plugins.py::TestPluginManagement::test_skip_nonlist
test/test_plugins.py::TestPluginManagement::test_uninstall_all
test/test_plugins.py::TestPluginManagement::test_uninstall_by_instance
test/test_plugins.py::TestPluginManagement::test_uninstall_by_name
test/test_plugins.py::TestPluginManagement::test_uninstall_by_type
test/test_plugins.py::TestPluginAPI::test_apply
test/test_plugins.py::TestPluginAPI::test_callable
test/test_plugins.py::TestPluginAPI::test_close
test/test_plugins.py::TestPluginAPI::test_instance_method_wrapper
test/test_plugins.py::TestPluginAPI::test_setup
test/test_resources.py::TestResourceManager::test_get
test/test_resources.py::TestResourceManager::test_open
test/test_resources.py::TestResourceManager::test_path_absolutize
test/test_resources.py::TestResourceManager::test_path_create
test/test_resources.py::TestResourceManager::test_path_normalize
test/test_resources.py::TestResourceManager::test_path_order
test/test_resources.py::TestResourceManager::test_path_unique
test/test_resources.py::TestResourceManager::test_root_path
test/test_route.py::TestReFlatten::test_re_flatten
test/test_route.py::TestRoute::test_callback_inspection
test/test_route.py::TestRoute::test_callback_inspection_multiple_args
test/test_route.py::TestRoute::test_callback_inspection_newsig
test/test_router.py::TestRouter::testBasic
test/test_router.py::TestRouter::testBuild
test/test_router.py::TestRouter::testBuildAnon
test/test_router.py::TestRouter::testBuildFilter
test/test_router.py::TestRouter::testErrorInPattern
test/test_router.py::TestRouter::testFloatFilter
test/test_router.py::TestRouter::testIntFilter
test/test_router.py::TestRouter::testNewSyntax
test/test_router.py::TestRouter::testParentheses
test/test_router.py::TestRouter::testPathFilter
test/test_router.py::TestRouter::testUnicode
test/test_router.py::TestRouter::testValueErrorInFilter
test/test_router.py::TestRouter::testWildcardNames
test/test_router.py::TestRouter::test_any_static_before_dynamic
test/test_router.py::TestRouter::test_dynamic_any_if_method_exists
test/test_router.py::TestRouter::test_dynamic_before_static_any
test/test_router.py::TestRouter::test_lots_of_routes
test/test_router.py::TestRouterInCGIMode::testBasic
test/test_router.py::TestRouterInCGIMode::testBuild
test/test_router.py::TestRouterInCGIMode::testBuildAnon
test/test_router.py::TestRouterInCGIMode::testBuildFilter
test/test_router.py::TestRouterInCGIMode::testErrorInPattern
test/test_router.py::TestRouterInCGIMode::testFloatFilter
test/test_router.py::TestRouterInCGIMode::testIntFilter
test/test_router.py::TestRouterInCGIMode::testNewSyntax
test/test_router.py::TestRouterInCGIMode::testParentheses
test/test_router.py::TestRouterInCGIMode::testPathFilter
test/test_router.py::TestRouterInCGIMode::testUnicode
test/test_router.py::TestRouterInCGIMode::testValueErrorInFilter
test/test_router.py::TestRouterInCGIMode::testWildcardNames
test/test_router.py::TestRouterInCGIMode::test_any_static_before_dynamic
test/test_router.py::TestRouterInCGIMode::test_dynamic_any_if_method_exists
test/test_router.py::TestRouterInCGIMode::test_dynamic_before_static_any
test/test_router.py::TestRouterInCGIMode::test_lots_of_routes
test/test_securecookies.py::TestSignedCookies::testValid
test/test_securecookies.py::TestSignedCookies::testWrongKey
test/test_securecookies.py::TestSignedCookiesWithPickle::testValid
test/test_securecookies.py::TestSignedCookiesWithPickle::testWrongKey
test/test_sendfile.py::TestDateParser::test_asctime
test/test_sendfile.py::TestDateParser::test_bad
test/test_sendfile.py::TestDateParser::test_rfc1123
test/test_sendfile.py::TestDateParser::test_rfc850
test/test_sendfile.py::TestSendFile::test_custom_headers
test/test_sendfile.py::TestSendFile::test_download
test/test_sendfile.py::TestSendFile::test_etag
test/test_sendfile.py::TestSendFile::test_file_not_readable
test/test_sendfile.py::TestSendFile::test_ims
test/test_sendfile.py::TestSendFile::test_ims_empty
test/test_sendfile.py::TestSendFile::test_invalid
test/test_sendfile.py::TestSendFile::test_mime
test/test_sendfile.py::TestSendFile::test_mime_gzip
test/test_sendfile.py::TestSendFile::test_range
test/test_sendfile.py::TestSendFile::test_range_parser
test/test_sendfile.py::TestSendFile::test_valid
test/test_stpl.py::TestSimpleTemplate::test_blocks
test/test_stpl.py::TestSimpleTemplate::test_bug_block_keywords_eat_prefixed_code
test/test_stpl.py::TestSimpleTemplate::test_bug_no_whitespace_before_stmt
test/test_stpl.py::TestSimpleTemplate::test_commentbug
test/test_stpl.py::TestSimpleTemplate::test_commentonly
test/test_stpl.py::TestSimpleTemplate::test_data
test/test_stpl.py::TestSimpleTemplate::test_dedentbug
test/test_stpl.py::TestSimpleTemplate::test_defnied
test/test_stpl.py::TestSimpleTemplate::test_elsebug
test/test_stpl.py::TestSimpleTemplate::test_error
test/test_stpl.py::TestSimpleTemplate::test_escape
test/test_stpl.py::TestSimpleTemplate::test_escaped_codelines
test/test_stpl.py::TestSimpleTemplate::test_file
test/test_stpl.py::TestSimpleTemplate::test_get
test/test_stpl.py::TestSimpleTemplate::test_global_config
test/test_stpl.py::TestSimpleTemplate::test_htmlutils_quote
test/test_stpl.py::TestSimpleTemplate::test_import
test/test_stpl.py::TestSimpleTemplate::test_include
test/test_stpl.py::TestSimpleTemplate::test_multiline
test/test_stpl.py::TestSimpleTemplate::test_name
test/test_stpl.py::TestSimpleTemplate::test_newline_in_parameterlist
test/test_stpl.py::TestSimpleTemplate::test_nobreak
test/test_stpl.py::TestSimpleTemplate::test_noescape
test/test_stpl.py::TestSimpleTemplate::test_noescape_setting
test/test_stpl.py::TestSimpleTemplate::test_nonobreak
test/test_stpl.py::TestSimpleTemplate::test_notfound
test/test_stpl.py::TestSimpleTemplate::test_onelineblocks
test/test_stpl.py::TestSimpleTemplate::test_onelinebugs
test/test_stpl.py::TestSimpleTemplate::test_rebase
test/test_stpl.py::TestSimpleTemplate::test_self_as_variable_name
test/test_stpl.py::TestSimpleTemplate::test_setdefault
test/test_stpl.py::TestSimpleTemplate::test_string
test/test_stpl.py::TestSimpleTemplate::test_template_shortcut
test/test_stpl.py::TestSimpleTemplate::test_unicode
test/test_stpl.py::TestSimpleTemplate::test_unicode_code
test/test_stpl.py::TestSimpleTemplate::test_view_decorator
test/test_stpl.py::TestSimpleTemplate::test_view_decorator_issue_407
test/test_stpl.py::TestSimpleTemplate::test_winbreaks
test/test_stpl.py::TestSimpleTemplate::test_winbreaks_end_bug
test/test_stpl.py::TestSTPLDir::test_end_keyword_on_same_line
test/test_stpl.py::TestSTPLDir::test_multiline_block
test/test_stpl.py::TestSTPLDir::test_multiline_comprehensions_in_code_line
test/test_stpl.py::TestSTPLDir::test_multiline_eob_after_end
test/test_stpl.py::TestSTPLDir::test_multiline_eob_in_single_line_code
test/test_stpl.py::TestSTPLDir::test_multiline_find_eob_in_comments
test/test_stpl.py::TestSTPLDir::test_multiline_ignore_eob_in_string
test/test_stpl.py::TestSTPLDir::test_multiline_indention
test/test_stpl.py::TestSTPLDir::test_multiline_strings_in_code_line
test/test_wsgi.py::TestWsgi::test_303
test/test_wsgi.py::TestWsgi::test_401
test/test_wsgi.py::TestWsgi::test_500
test/test_wsgi.py::TestWsgi::test_500_unicode
test/test_wsgi.py::TestWsgi::test_anymethod
test/test_wsgi.py::TestWsgi::test_cookie
test/test_wsgi.py::TestWsgi::test_generator_callback
test/test_wsgi.py::TestWsgi::test_get
test/test_wsgi.py::TestWsgi::test_headget
test/test_wsgi.py::TestWsgi::test_post
test/test_wsgi.py::TestWsgi::test_request_attrs
test/test_wsgi.py::TestWsgi::test_utf8_404
test/test_wsgi.py::TestWsgi::test_utf8_header
test/test_wsgi.py::TestWsgi::test_utf8_url
test/test_wsgi.py::TestErrorHandling::test_error_routing
test/test_wsgi.py::TestRouteDecorator::test_after_request_hooks_may_rise_response_exception
test/test_wsgi.py::TestRouteDecorator::test_after_request_hooks_run_after_exception
test/test_wsgi.py::TestRouteDecorator::test_after_request_hooks_run_after_exception_in_before_hook
test/test_wsgi.py::TestRouteDecorator::test_after_request_sees_HTTPError_response
test/test_wsgi.py::TestRouteDecorator::test_after_response_hook_can_set_headers
test/test_wsgi.py::TestRouteDecorator::test_apply
test/test_wsgi.py::TestRouteDecorator::test_apply_list
test/test_wsgi.py::TestRouteDecorator::test_callback
test/test_wsgi.py::TestRouteDecorator::test_decorators
test/test_wsgi.py::TestRouteDecorator::test_hooks
test/test_wsgi.py::TestRouteDecorator::test_method
test/test_wsgi.py::TestRouteDecorator::test_method_list
test/test_wsgi.py::TestRouteDecorator::test_name
test/test_wsgi.py::TestRouteDecorator::test_no_params_at_all
test/test_wsgi.py::TestRouteDecorator::test_no_path
test/test_wsgi.py::TestRouteDecorator::test_path_list
test/test_wsgi.py::TestRouteDecorator::test_single_path
test/test_wsgi.py::TestRouteDecorator::test_template
test/test_wsgi.py::TestRouteDecorator::test_template_opts
test/test_wsgi.py::TestDecorators::test_autoroute
test/test_wsgi.py::TestDecorators::test_routebuild
test/test_wsgi.py::TestDecorators::test_truncate_body
test/test_wsgi.py::TestDecorators::test_view
test/test_wsgi.py::TestDecorators::test_view_error
test/test_wsgi.py::TestAppShortcuts::testWithStatement
test/test_wsgi.py::TestAppShortcuts::test_module_shortcuts
test/test_wsgi.py::TestAppShortcuts::test_module_shortcuts_with_different_name

365 tests collected in 0.10s
