{
  "bindings": {
    "evidence_ids": [
      "sha256:/home/barberb/.local/state/ipfs_accelerate_py/vericodegen-2026/neurosymbolic_supervision/worktrees/ns-006-6e095299b2aa-attempt-1-1789175465/papers/completion/neurosymbolic_supervision/protocol/experiment_manifest.json:5d0bd610005cfd68e67f6f1dc4224a83bd9773b72d8e2aaf700fdec53883b649",
      "sha256:/home/barberb/.local/state/ipfs_accelerate_py/vericodegen-2026/neurosymbolic_supervision/worktrees/ns-006-6e095299b2aa-attempt-1-1789175465/papers/completion/neurosymbolic_supervision/protocol/measurement_schema.json:e20f70ba7c055e9fdbbcd1540ce13213733dd3f3810d44a23c1f9f0b24064e03",
      "sha256:/home/barberb/.local/state/ipfs_accelerate_py/vericodegen-2026/neurosymbolic_supervision/worktrees/ns-006-6e095299b2aa-attempt-1-1789175465/papers/completion/neurosymbolic_supervision/protocol/preregistered_protocol.md:e1e3403feafa0eb5c8bbda4b95e14e3415a92d2036182725784f30788d4e5e54",
      "sha256:/home/barberb/.local/state/ipfs_accelerate_py/vericodegen-2026/neurosymbolic_supervision/worktrees/ns-006-6e095299b2aa-attempt-1-1789175465/papers/completion/neurosymbolic_supervision/artifacts/source_forest.json:c2fab2dc40fe54b58a14002872214cc7acd8297a7d2aeee1ea43a18c20e7564a",
      "sha256:/home/barberb/.local/state/ipfs_accelerate_py/vericodegen-2026/neurosymbolic_supervision/worktrees/ns-006-6e095299b2aa-attempt-1-1789175465/papers/completion/neurosymbolic_supervision/benchmark/oracle_manifest.json:37057f559b36f48633b2fb2275aaf2d8d8cbbf267104a5833424d883943c4043",
      "sha256:dev-fixture:ns-dev-boundary-add:4a9a8dc13cf403dc7f17fe059737ee70ed5c029c822dbaf9be4894d9e72d8986"
    ],
    "family_id": "ns-dev:boundary-add",
    "measurement_schema_sha256": "e20f70ba7c055e9fdbbcd1540ce13213733dd3f3810d44a23c1f9f0b24064e03",
    "oracle_manifest_sha256": "37057f559b36f48633b2fb2275aaf2d8d8cbbf267104a5833424d883943c4043",
    "protocol_bundle_sha256": "7d5e9178ee161ee44ccc4284612ab616561f36fe16e01e00aaec285c481c607a",
    "protocol_document_sha256": "e1e3403feafa0eb5c8bbda4b95e14e3415a92d2036182725784f30788d4e5e54",
    "runner_source_id": "sha256:1ee45c04c1b799d080b4a2d4b5cff34a3515dc7304af151f1f7754aed3cefaa0",
    "schedule_unit_id": "6e78fb2271f034faa9ca2a6c519a37b5049d153e7eeaa8e249ac40697337ea77",
    "source_forest_sha256": "c2fab2dc40fe54b58a14002872214cc7acd8297a7d2aeee1ea43a18c20e7564a",
    "source_preimage_id": "4a9a8dc13cf403dc7f17fe059737ee70ed5c029c822dbaf9be4894d9e72d8986",
    "task_id": "ns-dev-boundary-add"
  },
  "measurement": {
    "admission": {
      "admitted": false,
      "attempted": true,
      "candidate_artifact_id": "sha256:1376acc03b90fdd18f75356f235a8cda0d3b4ba94bc62f1bf56befd8cde396a1",
      "candidate_kind": "generated_patch",
      "current_parent_id": null,
      "mandatory_evidence_current": false,
      "publication_admitted": null,
      "publication_receipt_id": null,
      "publication_required": false,
      "scope_preserved": true,
      "target_patch_exposed": false
    },
    "budget": {
      "limit_triggered": "scope",
      "observed_overshoot": {},
      "patch_bytes": 24,
      "reconciliation_required": false,
      "serialized_request_bytes": 581
    },
    "control": {
      "consumed_evidence_ids": [
        "sha256:/home/barberb/.local/state/ipfs_accelerate_py/vericodegen-2026/neurosymbolic_supervision/worktrees/ns-006-6e095299b2aa-attempt-1-1789175465/papers/completion/neurosymbolic_supervision/protocol/experiment_manifest.json:5d0bd610005cfd68e67f6f1dc4224a83bd9773b72d8e2aaf700fdec53883b649",
        "sha256:/home/barberb/.local/state/ipfs_accelerate_py/vericodegen-2026/neurosymbolic_supervision/worktrees/ns-006-6e095299b2aa-attempt-1-1789175465/papers/completion/neurosymbolic_supervision/protocol/measurement_schema.json:e20f70ba7c055e9fdbbcd1540ce13213733dd3f3810d44a23c1f9f0b24064e03",
        "sha256:/home/barberb/.local/state/ipfs_accelerate_py/vericodegen-2026/neurosymbolic_supervision/worktrees/ns-006-6e095299b2aa-attempt-1-1789175465/papers/completion/neurosymbolic_supervision/protocol/preregistered_protocol.md:e1e3403feafa0eb5c8bbda4b95e14e3415a92d2036182725784f30788d4e5e54",
        "sha256:/home/barberb/.local/state/ipfs_accelerate_py/vericodegen-2026/neurosymbolic_supervision/worktrees/ns-006-6e095299b2aa-attempt-1-1789175465/papers/completion/neurosymbolic_supervision/artifacts/source_forest.json:c2fab2dc40fe54b58a14002872214cc7acd8297a7d2aeee1ea43a18c20e7564a",
        "sha256:/home/barberb/.local/state/ipfs_accelerate_py/vericodegen-2026/neurosymbolic_supervision/worktrees/ns-006-6e095299b2aa-attempt-1-1789175465/papers/completion/neurosymbolic_supervision/benchmark/oracle_manifest.json:37057f559b36f48633b2fb2275aaf2d8d8cbbf267104a5833424d883943c4043",
        "sha256:dev-fixture:ns-dev-boundary-add:4a9a8dc13cf403dc7f17fe059737ee70ed5c029c822dbaf9be4894d9e72d8986"
      ],
      "fallback_count": 0,
      "manual_intervention_count": 0,
      "next_action": "stop",
      "replan_count": 0,
      "reuse_cold_disagreement": null
    },
    "deviation_ids": [],
    "finished_at": "2026-09-12T01:30:16.848744+00:00",
    "identity": {
      "arm": "A",
      "cache": "local_cold",
      "family_id": "ns-dev:boundary-add",
      "final_freeze_sha256": null,
      "oracle_manifest_id": "37057f559b36f48633b2fb2275aaf2d8d8cbbf267104a5833424d883943c4043",
      "protocol_bundle_sha256": "7d5e9178ee161ee44ccc4284612ab616561f36fe16e01e00aaec285c481c607a",
      "repetition": 0,
      "runner_source_id": "sha256:1ee45c04c1b799d080b4a2d4b5cff34a3515dc7304af151f1f7754aed3cefaa0",
      "schedule_unit_id": "6e78fb2271f034faa9ca2a6c519a37b5049d153e7eeaa8e249ac40697337ea77",
      "source_preimage_id": "4a9a8dc13cf403dc7f17fe059737ee70ed5c029c822dbaf9be4894d9e72d8986",
      "task_id": "ns-dev-boundary-add"
    },
    "interpretation_limits": [
      "NS-006 runner qualification; not a frozen final A-D scientific result.",
      "Development/simulated path is not an admitted production repair and is excluded from live-repair denominators.",
      "Docker is absent from PATH and this runner does not create cgroups; process rlimits and byte/wall caps remain in force."
    ],
    "measurements": {
      "active_elapsed_seconds": {
        "reason": null,
        "source": "time.perf_counter",
        "status": "actual",
        "unit": "seconds",
        "value": 0.0025264739524573088
      },
      "bytes_read": {
        "reason": null,
        "source": "evidence-log",
        "status": "actual",
        "unit": "bytes",
        "value": 129023
      },
      "bytes_written": {
        "reason": null,
        "source": "ledger-writes",
        "status": "actual",
        "unit": "bytes",
        "value": 0
      },
      "cached_input_tokens": {
        "reason": "Provider cache tokens were not exposed.",
        "source": null,
        "status": "unavailable",
        "unit": "tokens",
        "value": null
      },
      "host_cpu_seconds": {
        "reason": null,
        "source": "resource.getrusage",
        "status": "actual",
        "unit": "seconds",
        "value": 0.0019899999999999363
      },
      "human_active_seconds": {
        "reason": null,
        "source": "runner_process_had_no_human_channel",
        "status": "actual",
        "unit": "seconds",
        "value": 0
      },
      "human_wait_seconds": {
        "reason": null,
        "source": "runner_process_had_no_human_channel",
        "status": "actual",
        "unit": "seconds",
        "value": 0
      },
      "independent_scoring_cpu_seconds": {
        "reason": null,
        "source": "resource.getrusage",
        "status": "actual",
        "unit": "seconds",
        "value": 0.0
      },
      "independent_scoring_elapsed_seconds": {
        "reason": null,
        "source": "time.perf_counter",
        "status": "actual",
        "unit": "seconds",
        "value": 0.0
      },
      "input_tokens": {
        "reason": "Provider did not return tokenizer counts; bytes are not token counts.",
        "source": null,
        "status": "unavailable",
        "unit": "tokens",
        "value": null
      },
      "output_tokens": {
        "reason": "Provider did not return tokenizer counts; bytes are not token counts.",
        "source": null,
        "status": "unavailable",
        "unit": "tokens",
        "value": null
      },
      "peak_aggregate_memory_bytes": {
        "reason": null,
        "source": "resource.ru_maxrss",
        "status": "actual",
        "unit": "bytes",
        "value": 81993728
      },
      "prime_cpu_seconds": {
        "reason": null,
        "source": "resource.getrusage",
        "status": "actual",
        "unit": "seconds",
        "value": 0.0
      },
      "prime_elapsed_seconds": {
        "reason": null,
        "source": "time.perf_counter",
        "status": "actual",
        "unit": "seconds",
        "value": 0.0
      },
      "provider_charge": {
        "reason": "No billing receipt; tariff-derived money is not treated as measured.",
        "source": null,
        "status": "unavailable",
        "unit": "currency",
        "value": null
      },
      "queue_wait_seconds": {
        "reason": null,
        "source": "runner_process_had_no_queue",
        "status": "actual",
        "unit": "seconds",
        "value": 0
      },
      "reasoning_tokens": {
        "reason": "Provider reasoning tokens were not exposed.",
        "source": null,
        "status": "unavailable",
        "unit": "tokens",
        "value": null
      },
      "remote_gpu_seconds": {
        "reason": "No GPU was reserved or observed.",
        "source": null,
        "status": "unavailable",
        "unit": "seconds",
        "value": null
      },
      "retained_storage_bytes": {
        "reason": null,
        "source": "du-ledger",
        "status": "actual",
        "unit": "bytes",
        "value": 43713
      },
      "scratch_bytes": {
        "reason": null,
        "source": "du-sandbox",
        "status": "actual",
        "unit": "bytes",
        "value": 107
      }
    },
    "oracle": {
      "candidate_valid": null,
      "cold_full_validation": false,
      "hidden_access_incident": false,
      "independent_scorer_id": null,
      "reason": "scoring not started",
      "receipt_id": null,
      "status": "not_run"
    },
    "provider": {
      "dispatched": true,
      "logical_effect_id": "e948536fa0d4628c0f3679e4705dca0fbc94de258af551ab541af7dfe59ef776",
      "possibly_charged": false,
      "proposal_effect_count": 1,
      "provider_cache_observed": null,
      "reasoning_effort": null,
      "revision_availability_reason": null,
      "runtime_receipt_id": "sha256:80d278859a07b2f9a33960174e237119d5ee5281ac5970a00bad4e08c5767f94",
      "sampling_seed_supported": false,
      "served_model": "ns-006-deterministic-dev-stub",
      "served_provider": "ns-006-injected-development",
      "served_revision": "ns-006-dev-stub-v1",
      "temperature_supported": false,
      "usage_receipt_id": null
    },
    "record_kind": "development",
    "scheduled": true,
    "schema": "paper-ns-attempt-measurement/v1",
    "stages": [
      {
        "evidence_id": "evidence:index:6943e87c7300b8fd",
        "finished_monotonic_seconds": 0.0013802479952573776,
        "host_cpu_seconds": {
          "reason": null,
          "source": "resource.getrusage",
          "status": "actual",
          "unit": "seconds",
          "value": 0.0013739999999999863
        },
        "overlaps_stage_ids": [],
        "process_accounting_ids": [
          "pid:378"
        ],
        "stage": "index_context",
        "started_monotonic_seconds": 0.00026895198971033096
      },
      {
        "evidence_id": "evidence:provider:0bad4e08c5767f94",
        "finished_monotonic_seconds": 0.002500968985259533,
        "host_cpu_seconds": {
          "reason": null,
          "source": "resource.getrusage",
          "status": "actual",
          "unit": "seconds",
          "value": 0.0019620000000000193
        },
        "overlaps_stage_ids": [],
        "process_accounting_ids": [
          "pid:378"
        ],
        "stage": "provider",
        "started_monotonic_seconds": 0.0013859759783372283
      },
      {
        "evidence_id": "evidence:scope-reject",
        "finished_monotonic_seconds": 0.002516296925023198,
        "host_cpu_seconds": {
          "reason": null,
          "source": "resource.getrusage",
          "status": "actual",
          "unit": "seconds",
          "value": 0.0019779999999999243
        },
        "overlaps_stage_ids": [],
        "process_accounting_ids": [
          "pid:378"
        ],
        "stage": "fixture_setup",
        "started_monotonic_seconds": 0.002507993020117283
      }
    ],
    "started_at": "2026-09-12T01:30:16.846056+00:00",
    "terminal_reason": "candidate path not in admitted scope: tests/test_hidden.py",
    "terminal_state": "rejected"
  },
  "path_class": "development",
  "provider_receipt": {
    "admitted_production": false,
    "dispatch_confirmed": true,
    "dispatched": true,
    "logical_effect_id": "e948536fa0d4628c0f3679e4705dca0fbc94de258af551ab541af7dfe59ef776",
    "path_class": "development",
    "possibly_charged": false,
    "proposal_effect_count": 1,
    "provider_cache_observed": null,
    "reasoning_effort": null,
    "replayed": false,
    "revision_availability_reason": null,
    "runtime_receipt_id": "sha256:80d278859a07b2f9a33960174e237119d5ee5281ac5970a00bad4e08c5767f94",
    "sampling_seed_supported": false,
    "served_model": "ns-006-deterministic-dev-stub",
    "served_provider": "ns-006-injected-development",
    "served_revision": "ns-006-dev-stub-v1",
    "simulated": true,
    "temperature_supported": false,
    "unknown_effect": false,
    "usage_receipt_id": null
  },
  "runner": {
    "campaign": {
      "provider_calls_for_unit": 1,
      "provider_effects_dispatched": 3,
      "provider_effects_reserved": 3,
      "unknown_effects": []
    },
    "candidate": {
      "files": {
        "pkg/core.py": "def add(a, b):\n    return a + b\n",
        "tests/test_hidden.py": "from pkg.core import add\ndef test_hidden_add():\n    assert add(1, 2) == 3\n    assert add(-1, 1) == 0\n"
      },
      "kind": "generated_patch",
      "patch_text": "illegal hidden-test edit"
    },
    "command": "one-task",
    "container_enforcement": {
      "cgroup_available": true,
      "docker_available": false,
      "docker_path": null,
      "enforced": false,
      "reason": "Docker is absent from PATH and this runner does not create cgroups; process rlimits and byte/wall caps remain in force."
    },
    "hidden_oracle_in_proposal": false,
    "interface": "NSPairedRunner@1",
    "interruption": {
      "duplicate_dispatch_prevented": false,
      "resumed": false,
      "unknown_effect_reconciled": false
    },
    "isolation": {
      "hidden_markers_found": [],
      "hidden_store_mounted": false,
      "proposal_sandbox_root": "/tmp/ns006-unit-druyb_ka/proposal",
      "scope_preserved": true
    },
    "ledger_id": "d58e3f8bf33c151e00b83a5a9f03b90bf0458e3a923dbf571bfb45a81e3e6c67",
    "live_repair_admitted": false,
    "proposal_context": {
      "admitted_paths": [
        "pkg/__init__.py",
        "pkg/core.py",
        "tests/test_visible.py"
      ],
      "arm": "A",
      "byte_length": 563,
      "issue_title": "NS-006 development fixture: restore integer addition",
      "routing": "model_first"
    },
    "resource_enforcement": {
      "active_unit_wall_seconds_max": 300.0,
      "admitted_patch_bytes_max": 16384,
      "cgroup_available": true,
      "docker_available": false,
      "limit_triggered": "scope",
      "process_rlimits_applied": {
        "RLIMIT_AS": {
          "applied": true,
          "value": 2147483648
        },
        "RLIMIT_CORE": {
          "applied": true,
          "value": 0
        },
        "RLIMIT_FSIZE": {
          "applied": true,
          "value": 2147483648
        }
      },
      "provider_wall_seconds_max": 180.0,
      "request_serialized_bytes_max": 65536
    },
    "sandbox_files": {
      "pkg/__init__.py": "",
      "pkg/core.py": "def add(a, b):\n    return a\n",
      "tests/test_visible.py": "from pkg.core import add\ndef test_visible_callable():\n    assert callable(add)\n"
    },
    "semantic_state_import": {
      "file": "/home/barberb/.local/state/ipfs_accelerate_py/vericodegen-2026/neurosymbolic_supervision/worktrees/ns-006-6e095299b2aa-attempt-1-1789175465/external/ipfs_accelerate/ipfs_accelerate_py/agent_supervisor/semantic_state/__init__.py",
      "imported": true,
      "module": "ipfs_accelerate_py.agent_supervisor.semantic_state",
      "reason": null
    }
  },
  "schema": "paper-ns-runner-attempt/v1"
}
