{
  "adjudications": 0,
  "agreements": 0,
  "canonical_payload_sha256": "944647a5765c566de79e2923f98ed9b308c7a4f50c0a2b7bc61d86ac8ea5ef36",
  "completed_gold_records": 0,
  "development_packets": 122,
  "disagreements": 0,
  "failures": [],
  "gold_sha256": "a39ee2444064e1c2a104b9db2a8a0fce54072e76a187b79b6e4df34da1c96f12",
  "gold_values_filled": 0,
  "guideline_freeze": "AF-005/v1",
  "guidelines_sha256": "89fa7b89a7370c42a308d0d818cdc21cfab36db287d1e9ca2c0a6180aaecf753",
  "human_annotation_or_research_evaluation_claimed": false,
  "independent_review": "pending",
  "independent_review_available": false,
  "inspection_scope": "This generator reads only its listed pinned protocol, source-manifest, development-export, guideline and conformance-fixture inputs. It does not inspect scored candidate outputs; this is not a universal audit of other processes or filesystem history.",
  "model_outputs_inspected": false,
  "packets_sha256": "5357925f4f77cc5e112497ab15bc7ac4a89c0ff7182073606e6a884b4efc592d",
  "passed": true,
  "pending_gold_record_templates": 100,
  "provenance_sha256": "bcdc4966989032a810db60f4c1711b3f161f7e65f180134242e138e5593bdde8",
  "schema": "paper-af005-annotation-qualification/v1",
  "semantic_claims": "unmeasured",
  "task_id": "AF-005",
  "teacher_derived_admitted_as_gold": false,
  "unbound_final_annotation_slots": 100
}
