tests/test_idna.py::IDNATests::testIDNTLDALabels
tests/test_idna.py::IDNATests::testIDNTLDULabels
tests/test_idna.py::IDNATests::test_check_bidi
tests/test_idna.py::IDNATests::test_check_hyphen_ok
tests/test_idna.py::IDNATests::test_check_initial_combiner
tests/test_idna.py::IDNATests::test_decode
tests/test_idna.py::IDNATests::test_encode
tests/test_idna.py::IDNATests::test_valid_contextj
tests/test_idna.py::IDNATests::test_valid_contexto
tests/test_idna.py::IDNATests::test_valid_label_length
tests/test_idna_codec.py::IDNACodecTests::testCodec
tests/test_idna_codec.py::IDNACodecTests::testIncrementalDecoder
tests/test_idna_codec.py::IDNACodecTests::testIncrementalEncoder
tests/test_idna_compat.py::IDNACompatTests::testToASCII
tests/test_idna_compat.py::IDNACompatTests::testToUnicode
tests/test_idna_compat.py::IDNACompatTests::test_nameprep
tests/test_idna_other.py::OtherUTS46Tests::test_std3
tests/test_idna_uts46.py::TestIdnaTest::runTest
tests/test_intranges.py::IntrangeTests::test_empty_range
tests/test_intranges.py::IntrangeTests::test_ranging
tests/test_intranges.py::IntrangeTests::test_ranging_2
tests/test_intranges.py::IntrangeTests::test_skips
tests/test_intranges.py::IntrangeContainsTests::test_empty
tests/test_intranges.py::IntrangeContainsTests::test_simple
tests/test_intranges.py::IntrangeContainsTests::test_singleton
tests/test_intranges.py::IntrangeContainsTests::test_skips

26 tests collected in 0.02s
