{
  "argv": [
    "/usr/bin/python3.12",
    "-c",
    "import json, pathlib; base=pathlib.Path(\"papers/completion/law_to_action\"); matrix=json.loads((base/\"claim_evidence_matrix.json\").read_text()); inventory=json.loads((base/\"environment_inventory.json\").read_text()); scope=(base/\"scope.md\").read_text(); assert len(matrix[\"contributions\"]) == 4; assert matrix[\"trained_normalizer_claim\"][\"status\"] == \"unsupported\"; assert len(matrix[\"numerical_corpus_claims\"]) == 7; assert matrix[\"enforcement_defaults_and_test_limits\"][\"default_mode\"][\"value\"] == \"off\"; assert matrix[\"enforcement_defaults_and_test_limits\"][\"default_consumption_store\"][\"value\"] == \"InMemoryCapabilityConsumptionStore\"; assert matrix[\"logic_and_backend_inventory\"][\"runtime_backend_kinds_all_unqualified\"]; assert \"fixture\" in scope.lower() and \"essential\" in scope.lower() and \"optional\" in scope.lower(); assert inventory[\"authoritative_validation_environment\"][\"python\"] == \"/usr/bin/python3.12\"; print(\"LA-002 audit structural check: PASS\"); print(\"contributions=4; corpus_claims=7; default=OFF; store=InMemoryCapabilityConsumptionStore\"); print(\"logic/backend inventory, fixture/live limitations, selected routes, and experiment triage: present\")"
  ],
  "cwd": ".",
  "physical_cwd": "/home/barberb/lift_coding/papers/completion/runtime_bootstrap/la_002_command_correction/candidate",
  "environment": {
    "PATH": "/usr/local/sbin:/usr/local/bin:/usr/sbin:/usr/bin",
    "PYTHONDONTWRITEBYTECODE": "1",
    "PYTHONPATH": "external/ipfs_accelerate:external/ipfs_datasets:external/ipfs_kit"
  },
  "started_at": "2026-09-11T16:58:26.779796+00:00",
  "finished_at": "2026-09-11T16:58:26.878637+00:00",
  "exit_code": 0,
  "stdout": "LA-002 audit structural check: PASS\ncontributions=4; corpus_claims=7; default=OFF; store=InMemoryCapabilityConsumptionStore\nlogic/backend inventory, fixture/live limitations, selected routes, and experiment triage: present\n",
  "stderr": "",
  "scope": "Fresh read-only host replay over hash-verified frozen LA-002 audit outputs; not a benchmark or reconstruction of provider environment."
}
