{
  "abstract_chars": 1584,
  "ae_separated": true,
  "claim_count": 27,
  "conclusion_chars": 1557,
  "errors": [],
  "final_test_denominator": 1913,
  "historical_recovery_present": true,
  "hypothesis_status": {
    "C1": "unrun",
    "C2": "unrun",
    "C3": "unrun",
    "C4": "unrun",
    "C5": "unrun",
    "C6": "unrun",
    "C7": "inconclusive",
    "H-T1-claim_admissible_for_paper_primary": false,
    "H-T1-memory-diagnostic": "supported",
    "H-T2-shared-learner": "unsupported"
  },
  "ok": true,
  "t_separated": true
}
