This is pdfTeX, Version 3.141592653-2.6-1.40.29 (TeX Live 2026) (preloaded format=pdflatex 2026.9.1)  11 SEP 2026 16:04
entering extended mode
 restricted \write18 enabled.
 file:line:error style messages enabled.
 %&-line parsing enabled.
**main.tex
(./main.tex
LaTeX2e <2026-06-01>
L3 programming layer <2026-08-10>
(/home/barberb/.local/share/vericodegen-texlive/.TinyTeX/texmf-dist/tex/latex/base/article.cls
Document Class: article 2025/01/22 v1.4n Standard LaTeX document class
(/home/barberb/.local/share/vericodegen-texlive/.TinyTeX/texmf-dist/tex/latex/base/size10.clo
File: size10.clo 2025/01/22 v1.4n Standard LaTeX file (size option)
)
\c@part=\count276
\c@section=\count277
\c@subsection=\count278
\c@subsubsection=\count279
\c@paragraph=\count280
\c@subparagraph=\count281
\c@figure=\count282
\c@table=\count283
\abovecaptionskip=\skip49
\belowcaptionskip=\skip50
\bibindent=\dimen150
) (./neurips_2026_vericode.sty
Package: neurips_2026_vericode 2026-01-29 NeurIPS 2026 AI for Verifiable Coding Workshop -- workshop papers
 (/home/barberb/.local/share/vericodegen-texlive/.TinyTeX/texmf-dist/tex/latex/environ/environ.sty
Package: environ 2014/05/04 v0.3 A new way to define environments
 (/home/barberb/.local/share/vericodegen-texlive/.TinyTeX/texmf-dist/tex/latex/trimspaces/trimspaces.sty
Package: trimspaces 2009/09/17 v1.1 Trim spaces around a token list
)
\@envbody=\toks17
) (/home/barberb/.local/share/vericodegen-texlive/.TinyTeX/texmf-dist/tex/latex/natbib/natbib.sty
Package: natbib 2010/09/13 8.31b (PWD, AO)
\bibhang=\skip51
\bibsep=\skip52
LaTeX Info: Redefining \cite on input line 694.
\c@NAT@ctr=\count284
) (/home/barberb/.local/share/vericodegen-texlive/.TinyTeX/texmf-dist/tex/latex/geometry/geometry.sty
Package: geometry 2026/03/07 v6.0 Page Geometry
 (/home/barberb/.local/share/vericodegen-texlive/.TinyTeX/texmf-dist/tex/latex/graphics/keyval.sty
Package: keyval 2026-05-17 v1.15 key=value parser (DPC)
\KV@toks@=\toks18
) (/home/barberb/.local/share/vericodegen-texlive/.TinyTeX/texmf-dist/tex/generic/iftex/ifvtex.sty
Package: ifvtex 2019/10/25 v1.7 ifvtex legacy package. Use iftex instead.
 (/home/barberb/.local/share/vericodegen-texlive/.TinyTeX/texmf-dist/tex/generic/iftex/iftex.sty
Package: iftex 2024/12/12 v1.0g TeX engine tests
))
\Gm@cnth=\count285
\Gm@cntv=\count286
\c@Gm@tempcnt=\count287
\Gm@bindingoffset=\dimen151
\Gm@wd@mp=\dimen152
\Gm@odd@mp=\dimen153
\Gm@even@mp=\dimen154
\Gm@layoutwidth=\dimen155
\Gm@layoutheight=\dimen156
\Gm@layouthoffset=\dimen157
\Gm@layoutvoffset=\dimen158
\Gm@dimlist=\toks19
)
\@neuripsabovecaptionskip=\skip53
\@neuripsbelowcaptionskip=\skip54
 (/home/barberb/.local/share/vericodegen-texlive/.TinyTeX/texmf-dist/tex/latex/lineno/lineno.sty
Package: lineno 2026/03/08 line numbers on paragraphs v5.9
 (/home/barberb/.local/share/vericodegen-texlive/.TinyTeX/texmf-dist/tex/latex/etoolbox/etoolbox.sty
Package: etoolbox 2025/10/02 v2.5m e-TeX tools for LaTeX (JAW)
\etb@tempcnta=\count288
) (/home/barberb/.local/share/vericodegen-texlive/.TinyTeX/texmf-dist/tex/latex/kvoptions/kvoptions.sty
Package: kvoptions 2022-06-15 v3.15 Key value format for package options (HO)
 (/home/barberb/.local/share/vericodegen-texlive/.TinyTeX/texmf-dist/tex/generic/ltxcmds/ltxcmds.sty
Package: ltxcmds 2023-12-04 v1.26 LaTeX kernel commands for general use (HO)
) (/home/barberb/.local/share/vericodegen-texlive/.TinyTeX/texmf-dist/tex/latex/kvsetkeys/kvsetkeys.sty
Package: kvsetkeys 2022-10-05 v1.19 Key value parser (HO)
))
\linenopenalty=\count289
\output=\toks20
\linenoprevgraf=\count290
\linenumbersep=\dimen159
\linenumberwidth=\dimen160
\c@linenumber=\count291
\c@pagewiselinenumber=\count292
\c@LN@truepage=\count293
\c@internallinenumber=\count294
\c@internallinenumbers=\count295
\quotelinenumbersep=\dimen161
\bframerule=\dimen162
\bframesep=\dimen163
\bframebox=\box53
)) (/home/barberb/.local/share/vericodegen-texlive/.TinyTeX/texmf-dist/tex/latex/base/inputenc.sty
Package: inputenc 2024/02/08 v1.3d Input encoding file
\inpenc@prehook=\toks21
\inpenc@posthook=\toks22
) (/home/barberb/.local/share/vericodegen-texlive/.TinyTeX/texmf-dist/tex/latex/base/fontenc.sty
Package: fontenc 2025/07/18 v2.1d Standard LaTeX package
LaTeX Font Info:    Trying to load font information for T1+ptm on input line 116.
 (/home/barberb/.local/share/vericodegen-texlive/.TinyTeX/texmf-dist/tex/latex/psnfss/t1ptm.fd
File: t1ptm.fd 2001/06/04 font definitions for T1/ptm.
)) (/home/barberb/.local/share/vericodegen-texlive/.TinyTeX/texmf-dist/tex/latex/hyperref/hyperref.sty
Package: hyperref 2026-06-17 v7.01r Hypertext links for LaTeX
 (/home/barberb/.local/share/vericodegen-texlive/.TinyTeX/texmf-dist/tex/generic/kvdefinekeys/kvdefinekeys.sty
Package: kvdefinekeys 2019-12-19 v1.6 Define keys (HO)
) (/home/barberb/.local/share/vericodegen-texlive/.TinyTeX/texmf-dist/tex/generic/pdfescape/pdfescape.sty
Package: pdfescape 2019/12/09 v1.15 Implements pdfTeX's escape features (HO)
 (/home/barberb/.local/share/vericodegen-texlive/.TinyTeX/texmf-dist/tex/generic/pdftexcmds/pdftexcmds.sty
Package: pdftexcmds 2020-06-27 v0.33 Utility functions of pdfTeX for LuaTeX (HO)
 (/home/barberb/.local/share/vericodegen-texlive/.TinyTeX/texmf-dist/tex/generic/infwarerr/infwarerr.sty
Package: infwarerr 2019/12/03 v1.5 Providing info/warning/error messages (HO)
)
Package pdftexcmds Info: \pdf@primitive is available.
Package pdftexcmds Info: \pdf@ifprimitive is available.
Package pdftexcmds Info: \pdfdraftmode found.
)) (/home/barberb/.local/share/vericodegen-texlive/.TinyTeX/texmf-dist/tex/latex/hycolor/hycolor.sty
Package: hycolor 2020-01-27 v1.10 Color options for hyperref/bookmark (HO)
) (/home/barberb/.local/share/vericodegen-texlive/.TinyTeX/texmf-dist/tex/latex/hyperref/nameref.sty
Package: nameref 2026-01-29 v2.58 Cross-referencing by name of section
 (/home/barberb/.local/share/vericodegen-texlive/.TinyTeX/texmf-dist/tex/latex/refcount/refcount.sty
Package: refcount 2019/12/15 v3.6 Data extraction from label references (HO)
) (/home/barberb/.local/share/vericodegen-texlive/.TinyTeX/texmf-dist/tex/generic/gettitlestring/gettitlestring.sty
Package: gettitlestring 2019/12/15 v1.6 Cleanup title references (HO)
)
\c@section@level=\count296
) (/home/barberb/.local/share/vericodegen-texlive/.TinyTeX/texmf-dist/tex/generic/stringenc/stringenc.sty
Package: stringenc 2019/11/29 v1.12 Convert strings between diff. encodings (HO)
)
\@linkdim=\dimen164
\Hy@linkcounter=\count297
\Hy@pagecounter=\count298
 (/home/barberb/.local/share/vericodegen-texlive/.TinyTeX/texmf-dist/tex/latex/hyperref/pd1enc.def
File: pd1enc.def 2026-06-17 v7.01r Hyperref: PDFDocEncoding definition (HO)
Now handling font encoding PD1 ...
... no UTF-8 mapping file for font encoding PD1
) (/home/barberb/.local/share/vericodegen-texlive/.TinyTeX/texmf-dist/tex/generic/intcalc/intcalc.sty
Package: intcalc 2019/12/15 v1.3 Expandable calculations with integers (HO)
)
\Hy@SavedSpaceFactor=\count299
 (/home/barberb/.local/share/vericodegen-texlive/.TinyTeX/texmf-dist/tex/latex/hyperref/puenc.def
File: puenc.def 2026-06-17 v7.01r Hyperref: PDF Unicode definition (HO)
Now handling font encoding PU ...
... no UTF-8 mapping file for font encoding PU
)
Package hyperref Info: Hyper figures OFF on input line 4199.
Package hyperref Info: Link nesting OFF on input line 4204.
Package hyperref Info: Hyper index ON on input line 4207.
Package hyperref Info: Plain pages OFF on input line 4214.
Package hyperref Info: Backreferencing OFF on input line 4219.
Package hyperref Info: Implicit mode ON; LaTeX internals redefined.
Package hyperref Info: Bookmarks ON on input line 4466.
\c@Hy@tempcnt=\count300
 (/home/barberb/.local/share/vericodegen-texlive/.TinyTeX/texmf-dist/tex/latex/url/url.sty
\Urlmuskip=\muskip17
Package: url 2013/09/16  ver 3.4  Verb mode for urls, etc.
)
LaTeX Info: Redefining \url on input line 4805.
\XeTeXLinkMargin=\dimen165
 (/home/barberb/.local/share/vericodegen-texlive/.TinyTeX/texmf-dist/tex/generic/bitset/bitset.sty
Package: bitset 2019/12/09 v1.3 Handle bit-vector datatype (HO)
 (/home/barberb/.local/share/vericodegen-texlive/.TinyTeX/texmf-dist/tex/generic/bigintcalc/bigintcalc.sty
Package: bigintcalc 2019/12/15 v1.5 Expandable calculations on big integers (HO)
))
\Fld@menulength=\count301
\Field@Width=\dimen166
\Fld@charsize=\dimen167
Package hyperref Info: Hyper figures OFF on input line 6091.
Package hyperref Info: Link nesting OFF on input line 6096.
Package hyperref Info: Hyper index ON on input line 6099.
Package hyperref Info: backreferencing OFF on input line 6106.
Package hyperref Info: Link coloring OFF on input line 6111.
Package hyperref Info: Link coloring with OCG OFF on input line 6116.
Package hyperref Info: PDF/A mode OFF on input line 6121.
\Hy@abspage=\count302
\c@Item=\count303
\c@Hfootnote=\count304
)
Package hyperref Info: Driver (autodetected): hpdftex.
 (/home/barberb/.local/share/vericodegen-texlive/.TinyTeX/texmf-dist/tex/latex/hyperref/hpdftex.def
File: hpdftex.def 2026-06-17 v7.01r Hyperref driver for pdfTeX
\Fld@listcount=\count305
\c@bookmark@seq@number=\count306
 (/home/barberb/.local/share/vericodegen-texlive/.TinyTeX/texmf-dist/tex/latex/rerunfilecheck/rerunfilecheck.sty
Package: rerunfilecheck 2025-06-21 v1.11 Rerun checks for auxiliary files (HO)
 (/home/barberb/.local/share/vericodegen-texlive/.TinyTeX/texmf-dist/tex/generic/uniquecounter/uniquecounter.sty
Package: uniquecounter 2019/12/15 v1.4 Provide unlimited unique counter (HO)
)
Package uniquecounter Info: New unique counter `rerunfilecheck' on input line 284.
)
\Hy@SectionHShift=\skip55
) (/home/barberb/.local/share/vericodegen-texlive/.TinyTeX/texmf-dist/tex/latex/booktabs/booktabs.sty
Package: booktabs 2020/01/12 v1.61803398 Publication quality tables
\heavyrulewidth=\dimen168
\lightrulewidth=\dimen169
\cmidrulewidth=\dimen170
\belowrulesep=\dimen171
\belowbottomsep=\dimen172
\aboverulesep=\dimen173
\abovetopsep=\dimen174
\cmidrulesep=\dimen175
\cmidrulekern=\dimen176
\defaultaddspace=\dimen177
\@cmidla=\count307
\@cmidlb=\count308
\@aboverulesep=\dimen178
\@belowrulesep=\dimen179
\@thisruleclass=\count309
\@lastruleclass=\count310
\@thisrulewidth=\dimen180
) (/home/barberb/.local/share/vericodegen-texlive/.TinyTeX/texmf-dist/tex/latex/amsfonts/amsfonts.sty
Package: amsfonts 2013/01/14 v3.01 Basic AMSFonts support
\@emptytoks=\toks23
\symAMSa=\mathgroup4
\symAMSb=\mathgroup5
LaTeX Font Info:    Redeclaring math symbol \hbar on input line 98.
LaTeX Font Info:    Overwriting math alphabet `\mathfrak' in version `bold'
(Font)                  U/euf/m/n --> U/euf/b/n on input line 106.
) (/home/barberb/.local/share/vericodegen-texlive/.TinyTeX/texmf-dist/tex/latex/amsmath/amsmath.sty
Package: amsmath 2026/05/19 v2.18d AMS math features
\@mathmargin=\skip56

For additional information on amsmath, use the `?' option.
(/home/barberb/.local/share/vericodegen-texlive/.TinyTeX/texmf-dist/tex/latex/amsmath/amstext.sty
Package: amstext 2024/11/17 v2.01 AMS text
 (/home/barberb/.local/share/vericodegen-texlive/.TinyTeX/texmf-dist/tex/latex/amsmath/amsgen.sty
File: amsgen.sty 1999/11/30 v2.0 generic functions
\@emptytoks=\toks24
\ex@=\dimen181
)) (/home/barberb/.local/share/vericodegen-texlive/.TinyTeX/texmf-dist/tex/latex/amsmath/amsbsy.sty
Package: amsbsy 1999/11/29 v1.2d Bold Symbols
\pmbraise@=\dimen182
) (/home/barberb/.local/share/vericodegen-texlive/.TinyTeX/texmf-dist/tex/latex/amsmath/amsopn.sty
Package: amsopn 2022/04/08 v2.04 operator names
)
\inf@bad=\count311
LaTeX Info: Redefining \frac on input line 233.
\uproot@=\count312
\leftroot@=\count313
LaTeX Info: Redefining \overline on input line 398.
LaTeX Info: Redefining \colon on input line 409.
\classnum@=\count314
\DOTSCASE@=\count315
LaTeX Info: Redefining \ldots on input line 495.
LaTeX Info: Redefining \dots on input line 498.
LaTeX Info: Redefining \cdots on input line 619.
\Mathstrutbox@=\box54
\strutbox@=\box55
LaTeX Info: Redefining \big on input line 721.
LaTeX Info: Redefining \Big on input line 722.
LaTeX Info: Redefining \bigg on input line 723.
LaTeX Info: Redefining \Bigg on input line 724.
\big@size=\dimen183
LaTeX Font Info:    Redeclaring font encoding OML on input line 742.
LaTeX Font Info:    Redeclaring font encoding OMS on input line 743.
\macc@depth=\count316
LaTeX Info: Redefining \bmod on input line 904.
LaTeX Info: Redefining \pmod on input line 909.
LaTeX Info: Redefining \smash on input line 939.
LaTeX Info: Redefining \relbar on input line 969.
LaTeX Info: Redefining \Relbar on input line 970.
\c@MaxMatrixCols=\count317
\dotsspace@=\muskip18
\c@parentequation=\count318
\dspbrk@lvl=\count319
\tag@help=\toks25
\row@=\count320
\column@=\count321
\maxfields@=\count322
\andhelp@=\toks26
\eqnshift@=\dimen184
\alignsep@=\dimen185
\tagshift@=\dimen186
\tagwidth@=\dimen187
\totwidth@=\dimen188
\lineht@=\dimen189
\@envbody=\toks27
\multlinegap=\skip57
\multlinetaggap=\skip58
\mathdisplay@stack=\toks28
LaTeX Info: Redefining \[ on input line 2965.
LaTeX Info: Redefining \] on input line 2966.
)
\@LN@amsmath@ams@eqpen=\count323
 (/home/barberb/.local/share/vericodegen-texlive/.TinyTeX/texmf-dist/tex/latex/amsfonts/amssymb.sty
Package: amssymb 2013/01/14 v3.01 AMS font symbols
) (/home/barberb/.local/share/vericodegen-texlive/.TinyTeX/texmf-dist/tex/latex/graphics/graphicx.sty
Package: graphicx 2026-05-17 v1.2e Enhanced LaTeX Graphics (DPC,SPQR)
 (/home/barberb/.local/share/vericodegen-texlive/.TinyTeX/texmf-dist/tex/latex/graphics/graphics.sty
Package: graphics 2026-05-17 v1.4h Standard LaTeX Graphics (DPC,SPQR)
 (/home/barberb/.local/share/vericodegen-texlive/.TinyTeX/texmf-dist/tex/latex/graphics/trig.sty
Package: trig 2023/12/02 v1.11 sin cos tan (DPC)
) (/home/barberb/.local/share/vericodegen-texlive/.TinyTeX/texmf-dist/tex/latex/graphics-cfg/graphics.cfg
File: graphics.cfg 2016/06/04 v1.11 sample graphics configuration
)
Package graphics Info: Driver file: pdftex.def on input line 106.
 (/home/barberb/.local/share/vericodegen-texlive/.TinyTeX/texmf-dist/tex/latex/graphics-def/pdftex.def
File: pdftex.def 2025/09/29 v1.2d Graphics/color driver for pdftex
))
\Gin@req@height=\dimen190
\Gin@req@width=\dimen191
) (/home/barberb/.local/share/vericodegen-texlive/.TinyTeX/texmf-dist/tex/latex/xcolor/xcolor.sty
Package: xcolor 2024/09/29 v3.02 LaTeX color extensions (UK)
 (/home/barberb/.local/share/vericodegen-texlive/.TinyTeX/texmf-dist/tex/latex/graphics-cfg/color.cfg
File: color.cfg 2016/01/02 v1.6 sample color configuration
)
Package xcolor Info: Driver file: pdftex.def on input line 274.
 (/home/barberb/.local/share/vericodegen-texlive/.TinyTeX/texmf-dist/tex/latex/graphics/mathcolor.ltx)
Package xcolor Info: Model `cmy' substituted by `cmy0' on input line 1349.
Package xcolor Info: Model `hsb' substituted by `rgb' on input line 1353.
Package xcolor Info: Model `RGB' extended on input line 1365.
Package xcolor Info: Model `HTML' substituted by `rgb' on input line 1367.
Package xcolor Info: Model `Hsb' substituted by `hsb' on input line 1368.
Package xcolor Info: Model `tHsb' substituted by `hsb' on input line 1369.
Package xcolor Info: Model `HSB' substituted by `hsb' on input line 1370.
Package xcolor Info: Model `Gray' substituted by `gray' on input line 1371.
Package xcolor Info: Model `wave' substituted by `hsb' on input line 1372.
) (/home/barberb/.local/share/vericodegen-texlive/.TinyTeX/texmf-dist/tex/latex/l3kernel/l3backend-pdftex.def
File: l3backend-pdftex.def 2026-08-10 L3 backend support: PDF output (pdfTeX)
\l__color_backend_stack_int=\count324
) (./main.aux)
\openout1 = `main.aux'.

LaTeX Font Info:    Checking defaults for OML/cmm/m/it on input line 13.
LaTeX Font Info:    ... okay on input line 13.
LaTeX Font Info:    Checking defaults for OMS/cmsy/m/n on input line 13.
LaTeX Font Info:    ... okay on input line 13.
LaTeX Font Info:    Checking defaults for OT1/cmr/m/n on input line 13.
LaTeX Font Info:    ... okay on input line 13.
LaTeX Font Info:    Checking defaults for T1/cmr/m/n on input line 13.
LaTeX Font Info:    ... okay on input line 13.
LaTeX Font Info:    Checking defaults for TS1/cmr/m/n on input line 13.
LaTeX Font Info:    ... okay on input line 13.
LaTeX Font Info:    Checking defaults for OMX/cmex/m/n on input line 13.
LaTeX Font Info:    ... okay on input line 13.
LaTeX Font Info:    Checking defaults for U/cmr/m/n on input line 13.
LaTeX Font Info:    ... okay on input line 13.
LaTeX Font Info:    Checking defaults for PD1/pdf/m/n on input line 13.
LaTeX Font Info:    ... okay on input line 13.
LaTeX Font Info:    Checking defaults for PU/pdf/m/n on input line 13.
LaTeX Font Info:    ... okay on input line 13.

*geometry* driver: auto-detecting
*geometry* detected driver: pdftex
*geometry* verbose mode - [ preamble ] result:
* driver: pdftex
* paper: letterpaper
* layout: <same size as paper>
* layoutoffset:(h,v)=(0.0pt,0.0pt)
* modes: 
* h-part:(L,W,R)=(92.14519pt, 430.00462pt, 92.14519pt)
* v-part:(T,H,B)=(95.39737pt, 556.47656pt, 143.09605pt)
* \paperwidth=614.295pt
* \paperheight=794.96999pt
* \textwidth=430.00462pt
* \textheight=556.47656pt
* \oddsidemargin=19.8752pt
* \evensidemargin=19.8752pt
* \topmargin=-13.87262pt
* \headheight=12.0pt
* \headsep=25.0pt
* \topskip=10.0pt
* \footskip=30.0pt
* \marginparwidth=65.0pt
* \marginparsep=11.0pt
* \columnsep=10.0pt
* \skip\footins=9.0pt plus 4.0pt minus 2.0pt
* \hoffset=0.0pt
* \voffset=0.0pt
* \mag=1000
* \@twocolumnfalse
* \@twosidefalse
* \@mparswitchfalse
* \@reversemarginfalse
* (1in=72.27pt=25.4mm, 1cm=28.453pt)

*geometry* verbose mode - [ newgeometry ] result:
* driver: pdftex
* paper: letterpaper
* layout: <same size as paper>
* layoutoffset:(h,v)=(0.0pt,0.0pt)
* modes: 
* h-part:(L,W,R)=(108.405pt, 397.48499pt, 108.40501pt)
* v-part:(T,H,B)=(72.26999pt, 650.43pt, 72.27pt)
* \paperwidth=614.295pt
* \paperheight=794.96999pt
* \textwidth=397.48499pt
* \textheight=650.43pt
* \oddsidemargin=36.13501pt
* \evensidemargin=36.13501pt
* \topmargin=-37.0pt
* \headheight=12.0pt
* \headsep=25.0pt
* \topskip=10.0pt
* \footskip=30.0pt
* \marginparwidth=65.0pt
* \marginparsep=11.0pt
* \columnsep=10.0pt
* \skip\footins=9.0pt plus 4.0pt minus 2.0pt
* \hoffset=0.0pt
* \voffset=0.0pt
* \mag=1000
* \@twocolumnfalse
* \@twosidefalse
* \@mparswitchfalse
* \@reversemarginfalse
* (1in=72.27pt=25.4mm, 1cm=28.453pt)

Package hyperref Info: Link coloring OFF on input line 13.
(./main.out) (./main.out)
\@outlinefile=\write3
\openout3 = `main.out'.

 (/home/barberb/.local/share/vericodegen-texlive/.TinyTeX/texmf-dist/tex/latex/epstopdf-pkg/epstopdf-base.sty
Package: epstopdf-base 2020-01-24 v2.11 Base part for package epstopdf
Package epstopdf-base Info: Redefining graphics rule for `.eps' on input line 485.
 (/home/barberb/.local/share/vericodegen-texlive/.TinyTeX/texmf-dist/tex/latex/latexconfig/epstopdf-sys.cfg
File: epstopdf-sys.cfg 2010/07/13 v1.3 Configuration of (r)epstopdf for TeX Live
))
LaTeX Font Info:    Trying to load font information for T1+phv on input line 25.
 (/home/barberb/.local/share/vericodegen-texlive/.TinyTeX/texmf-dist/tex/latex/psnfss/t1phv.fd
File: t1phv.fd 2020/03/25 scalable font definitions for T1/phv.
) (./pages/page-01.tex
Underfull \hbox (badness 10000) in paragraph at lines 4--25
\T1/ptm/m/n/10 In-
 []


Underfull \hbox (badness 10000) in paragraph at lines 29--43
\T1/ptm/m/n/10 and
 []


Underfull \hbox (badness 10000) in paragraph at lines 29--43
\T1/ptm/m/n/10 tional,
 []

[1


{/home/barberb/.local/share/vericodegen-texlive/.TinyTeX/texmf-var/fonts/map/pdftex/updmap/pdftex.map}{/home/barberb/.local/share/vericodegen-texlive/.TinyTeX/texmf-dist/fonts/enc/dvips/base/8r.enc}{/home/barberb/.local/share/vericodegen-texlive/.TinyTeX/texmf-dist/fonts/enc/dvips/cm-super/cm-super-t1.enc}]) (./pages/page-02.tex
Underfull \hbox (badness 10000) in paragraph at lines 3--17
\T1/ptm/m/n/10 tives,
 []


Underfull \hbox (badness 10000) in paragraph at lines 3--17
\T1/ptm/m/n/10 and ac-ti-va-tion in-stead of de-scrib-ing all of them as one au-toen-coder.
 []


Underfull \hbox (badness 1748) in paragraph at lines 21--36
\T1/ptm/m/n/10 records does not equate do-main on-tolo-gies or log-i-cal in-ter-pre-ta-tions. [ar-ti-fact S01--S06]
 []


Underfull \hbox (badness 10000) in paragraph at lines 21--36
\T1/ptm/m/n/10 tions,
 []


Underfull \hbox (badness 10000) in paragraph at lines 21--36
\T1/ptm/m/n/10 tax
 []


Underfull \hbox (badness 10000) in paragraph at lines 21--36
\T1/ptm/m/n/10 im-ply equiv-a-lent for-mu-las. [ar-ti-fact S01,S05]
 []

LaTeX Font Info:    Trying to load font information for U+msa on input line 52.
(/home/barberb/.local/share/vericodegen-texlive/.TinyTeX/texmf-dist/tex/latex/amsfonts/umsa.fd
File: umsa.fd 2013/01/14 v3.01 AMS symbols A
)
LaTeX Font Info:    Trying to load font information for U+msb on input line 52.
 (/home/barberb/.local/share/vericodegen-texlive/.TinyTeX/texmf-dist/tex/latex/amsfonts/umsb.fd
File: umsb.fd 2013/01/14 v3.01 AMS symbols B
)
Underfull \hbox (badness 10000) in paragraph at lines 39--58
\T1/ptm/m/n/10 sup-plied the tar-get vec-tor. [ar-ti-fact S22,S23]
 []


Underfull \hbox (badness 10000) in paragraph at lines 39--58
\T1/ptm/m/n/10 tors;
 []


Underfull \hbox (badness 10000) in paragraph at lines 39--58
\T1/ptm/m/n/10 selected;
 []


Underfull \hbox (badness 10000) in paragraph at lines 39--58
\T1/ptm/m/n/10 quired
 []


Underfull \hbox (badness 10000) in paragraph at lines 39--58
\T1/ptm/m/n/10 to mea-sure fi-delity to the orig-i-nal source.
 []

[2]) (./pages/page-03.tex
Underfull \hbox (badness 10000) in paragraph at lines 5--18
\T1/ptm/m/n/10 ground-
 []


Underfull \hbox (badness 10000) in paragraph at lines 5--18
\T1/ptm/m/n/10 frozen pro-file silently uses it. [ar-ti-fact S07,S08,S23,S25]
 []


Underfull \hbox (badness 10000) in paragraph at lines 5--18
\T1/ptm/m/n/10 stituents
 []

(./equations/equation-01.tex)
Underfull \hbox (badness 10000) in paragraph at lines 4--36
\T1/ptm/m/n/10 pro-grams could con-sis-tently omit the same ex-cep-tion. [ar-ti-fact S07]
 []

[3]
Underfull \hbox (badness 10000) in paragraph at lines 39--49
\T1/ptm/m/n/10 binder,
 []


Underfull \hbox (badness 10000) in paragraph at lines 39--49
\T1/ptm/m/n/10 tic
 []


Underfull \hbox (badness 10000) in paragraph at lines 39--49
\T1/ptm/m/n/10 gram-mar de-cides what can be rep-re-sented. [ar-ti-fact S33]
 []


Underfull \hbox (badness 10000) in paragraph at lines 39--49
\T1/ptm/m/n/10 domain
 []


Underfull \hbox (badness 10000) in paragraph at lines 39--49
\T1/ptm/m/n/10 fer,
 []


Underfull \hbox (badness 10000) in paragraph at lines 53--57
\T1/ptm/m/n/10 slot--
 []

) (./pages/page-04.tex (./figure-01.tex)
Underfull \hbox (badness 10000) in paragraph at lines 4--7
\T1/ptm/m/n/10 vec-tor for a known sam-ple is not gen-er-al-iza-tion. [ar-ti-fact S24]
 []

(./equations/equation-02.tex
pdfTeX warning (ext4): destination with the same identifier (name{equation.1}) has been already used, duplicate ignored
<to be read again> 
                   \relax 
l.2 \begin{equation}
                    
pdfTeX warning (ext4): destination with the same identifier (name{equation.1}) has been already used, duplicate ignored
<to be read again> 
                   \relax 
l.2 \begin{equation}
                    
pdfTeX warning (ext4): destination with the same identifier (name{equation.1}) has been already used, duplicate ignored
<to be read again> 
                   \relax 
l.2 \begin{equation}
                    
pdfTeX warning (ext4): destination with the same identifier (name{equation.1}) has been already used, duplicate ignored
<to be read again> 
                   \relax 
l.2 \begin{equation}
                     [4]) (./equations/equation-03.tex
pdfTeX warning (ext4): destination with the same identifier (name{equation.1}) has been already used, duplicate ignored
<to be read again> 
                   \relax 
l.2 \begin{equation}
                    
pdfTeX warning (ext4): destination with the same identifier (name{equation.1}) has been already used, duplicate ignored
<to be read again> 
                   \relax 
l.2 \begin{equation}
                    
pdfTeX warning (ext4): destination with the same identifier (name{equation.1}) has been already used, duplicate ignored
<to be read again> 
                   \relax 
l.2 \begin{equation}
                    
pdfTeX warning (ext4): destination with the same identifier (name{equation.1}) has been already used, duplicate ignored
<to be read again> 
                   \relax 
l.2 \begin{equation}
                    ) (./equations/equation-04.tex
pdfTeX warning (ext4): destination with the same identifier (name{equation.1}) has been already used, duplicate ignored
<to be read again> 
                   \relax 
l.2 \begin{equation}
                    
pdfTeX warning (ext4): destination with the same identifier (name{equation.1}) has been already used, duplicate ignored
<to be read again> 
                   \relax 
l.2 \begin{equation}
                    
pdfTeX warning (ext4): destination with the same identifier (name{equation.1}) has been already used, duplicate ignored
<to be read again> 
                   \relax 
l.2 \begin{equation}
                    
pdfTeX warning (ext4): destination with the same identifier (name{equation.1}) has been already used, duplicate ignored
<to be read again> 
                   \relax 
l.2 \begin{equation}
                    )
Underfull \hbox (badness 10000) in paragraph at lines 4--16
 \T1/ptm/m/n/10 Here Ag is the ac-tiv-ity of a bounded fea-ture group,
 []


Underfull \hbox (badness 10000) in paragraph at lines 4--16
\T1/ptm/m/n/10 and Wg , Ug , Vg stand for en-abled em-bed-ding and
 []


Underfull \hbox (badness 10000) in paragraph at lines 4--16
\T1/ptm/m/n/10 former
 []

(./equations/equation-05.tex
pdfTeX warning (ext4): destination with the same identifier (name{equation.1}) has been already used, duplicate ignored
<to be read again> 
                   \relax 
l.2 \begin{equation}
                    
pdfTeX warning (ext4): destination with the same identifier (name{equation.1}) has been already used, duplicate ignored
<to be read again> 
                   \relax 
l.2 \begin{equation}
                    
pdfTeX warning (ext4): destination with the same identifier (name{equation.1}) has been already used, duplicate ignored
<to be read again> 
                   \relax 
l.2 \begin{equation}
                    
pdfTeX warning (ext4): destination with the same identifier (name{equation.1}) has been already used, duplicate ignored
<to be read again> 
                   \relax 
l.2 \begin{equation}
                    )) (./pages/page-05.tex
Underfull \hbox (badness 10000) in paragraph at lines 10--22
\T1/ptm/m/n/10 met-rics be-long in the ex-per-i-ment man-i-fest. [ar-ti-fact S24]
 []


Underfull \hbox (badness 7740) in paragraph at lines 25--35
\T1/ptm/m/n/10 The code re-ports cov-er-age, ab-sten-tion, and family-specific met-rics. [ar-ti-fact S24]
 []


Underfull \hbox (badness 10000) in paragraph at lines 25--35
\T1/ptm/m/n/10 tion
 []

[5]
Underfull \hbox (badness 10000) in paragraph at lines 38--51
\T1/ptm/m/n/10 dates
 []


Underfull \hbox (badness 10000) in paragraph at lines 38--51
\T1/ptm/m/n/10 guar-an-tees. [ar-ti-fact S24,S25,S29]
 []


Underfull \hbox (badness 10000) in paragraph at lines 38--51
\T1/ptm/m/n/10 data.
 []


Underfull \hbox (badness 3148) in paragraph at lines 55--59
\T1/ptm/m/n/10 client reads sharded post-ings and ap-plies term-frequency, inverse-frequency, and length-
 []


Underfull \hbox (badness 10000) in paragraph at lines 55--59
\T1/ptm/m/n/10 normalization
 []

) (./pages/page-06.tex
Underfull \hbox (badness 10000) in paragraph at lines 3--11
\T1/ptm/m/n/10 S22,S34,S35]
 []


Underfull \hbox (badness 10000) in paragraph at lines 14--32
\T1/ptm/m/n/10 tion
 []


Underfull \hbox (badness 10000) in paragraph at lines 14--32
\T1/ptm/m/n/10 ner
 []


Underfull \hbox (badness 10000) in paragraph at lines 14--32
\T1/ptm/m/n/10 is not it-self a trained tac-tic syn-the-sizer. [ar-ti-fact S38]
 []


Underfull \hbox (badness 10000) in paragraph at lines 14--32
\T1/ptm/m/n/10 prover
 []


Underfull \hbox (badness 10000) in paragraph at lines 14--32
\T1/ptm/m/n/10 avail-abil-ity must be es-tab-lished. [ar-ti-fact S37]
 []


Underfull \hbox (badness 10000) in paragraph at lines 14--32
\T1/ptm/m/n/10 bol,
 []


Underfull \hbox (badness 10000) in paragraph at lines 14--32
\T1/ptm/m/n/10 selector
 []

[6]
Underfull \hbox (badness 10000) in paragraph at lines 35--47
\T1/ptm/m/n/10 [ar-ti-fact S39,S40]
 []


Underfull \hbox (badness 10000) in paragraph at lines 35--47
\T1/ptm/m/n/10 feed-
 []


Underfull \hbox (badness 10000) in paragraph at lines 35--47
\T1/ptm/m/n/10 tuned
 []

) (./pages/page-07.tex (./equations/equation-06.tex
pdfTeX warning (ext4): destination with the same identifier (name{equation.1}) has been already used, duplicate ignored
<to be read again> 
                   \relax 
l.2 \begin{equation}
                    
pdfTeX warning (ext4): destination with the same identifier (name{equation.1}) has been already used, duplicate ignored
<to be read again> 
                   \relax 
l.2 \begin{equation}
                    
pdfTeX warning (ext4): destination with the same identifier (name{equation.1}) has been already used, duplicate ignored
<to be read again> 
                   \relax 
l.2 \begin{equation}
                    
pdfTeX warning (ext4): destination with the same identifier (name{equation.1}) has been already used, duplicate ignored
<to be read again> 
                   \relax 
l.2 \begin{equation}
                    )
Underfull \hbox (badness 10000) in paragraph at lines 4--14
\T1/ptm/m/n/10 tion
 []

[7]
Underfull \hbox (badness 10000) in paragraph at lines 16--29
\T1/ptm/m/n/10 S09,S31]
 []


Underfull \hbox (badness 10000) in paragraph at lines 32--47
\T1/ptm/m/n/10 ported
 []


Underfull \hbox (badness 10000) in paragraph at lines 32--47
\T1/ptm/m/n/10 in-vo-ca-tion of a com-piler [7].
 []


Underfull \hbox (badness 10000) in paragraph at lines 32--47
\T1/ptm/m/n/10 re-place-ment p $\OMS/cmsy/m/n/10 ^$ \T1/ptm/m/n/10 q. [ar-ti-fact S18]
 []


Underfull \hbox (badness 10000) in paragraph at lines 32--47
\T1/ptm/m/n/10 or
 []

(./equations/equation-07.tex
pdfTeX warning (ext4): destination with the same identifier (name{equation.1}) has been already used, duplicate ignored
<to be read again> 
                   \relax 
l.2 \begin{equation}
                    
pdfTeX warning (ext4): destination with the same identifier (name{equation.1}) has been already used, duplicate ignored
<to be read again> 
                   \relax 
l.2 \begin{equation}
                    
pdfTeX warning (ext4): destination with the same identifier (name{equation.1}) has been already used, duplicate ignored
<to be read again> 
                   \relax 
l.2 \begin{equation}
                    
pdfTeX warning (ext4): destination with the same identifier (name{equation.1}) has been already used, duplicate ignored
<to be read again> 
                   \relax 
l.2 \begin{equation}
                    ) (./equations/equation-08.tex
pdfTeX warning (ext4): destination with the same identifier (name{equation.1}) has been already used, duplicate ignored
<to be read again> 
                   \relax 
l.2 \begin{equation}
                    
pdfTeX warning (ext4): destination with the same identifier (name{equation.1}) has been already used, duplicate ignored
<to be read again> 
                   \relax 
l.2 \begin{equation}
                    
pdfTeX warning (ext4): destination with the same identifier (name{equation.1}) has been already used, duplicate ignored
<to be read again> 
                   \relax 
l.2 \begin{equation}
                    
pdfTeX warning (ext4): destination with the same identifier (name{equation.1}) has been already used, duplicate ignored
<to be read again> 
                   \relax 
l.2 \begin{equation}
                    )
Underfull \hbox (badness 10000) in paragraph at lines 4--63
\T1/ptm/m/n/10 per sup-ported trans-la-tion, not a sound-ness the-o-rem about ev-ery cur-rent ex-trac-tor.
 []

) (./pages/page-08.tex [8] (./equations/equation-09.tex
pdfTeX warning (ext4): destination with the same identifier (name{equation.1}) has been already used, duplicate ignored
<to be read again> 
                   \relax 
l.2 \begin{equation}
                    
pdfTeX warning (ext4): destination with the same identifier (name{equation.1}) has been already used, duplicate ignored
<to be read again> 
                   \relax 
l.2 \begin{equation}
                    
pdfTeX warning (ext4): destination with the same identifier (name{equation.1}) has been already used, duplicate ignored
<to be read again> 
                   \relax 
l.2 \begin{equation}
                    
pdfTeX warning (ext4): destination with the same identifier (name{equation.1}) has been already used, duplicate ignored
<to be read again> 
                   \relax 
l.2 \begin{equation}
                    ) (./equations/equation-10.tex
pdfTeX warning (ext4): destination with the same identifier (name{equation.1}) has been already used, duplicate ignored
<to be read again> 
                   \relax 
l.2 \begin{equation}
                    
pdfTeX warning (ext4): destination with the same identifier (name{equation.1}) has been already used, duplicate ignored
<to be read again> 
                   \relax 
l.2 \begin{equation}
                    
pdfTeX warning (ext4): destination with the same identifier (name{equation.1}) has been already used, duplicate ignored
<to be read again> 
                   \relax 
l.2 \begin{equation}
                    
pdfTeX warning (ext4): destination with the same identifier (name{equation.1}) has been already used, duplicate ignored
<to be read again> 
                   \relax 
l.2 \begin{equation}
                    ) (./equations/equation-11.tex
pdfTeX warning (ext4): destination with the same identifier (name{equation.1}) has been already used, duplicate ignored
<to be read again> 
                   \relax 
l.2 \begin{equation}
                    
pdfTeX warning (ext4): destination with the same identifier (name{equation.1}) has been already used, duplicate ignored
<to be read again> 
                   \relax 
l.2 \begin{equation}
                    
pdfTeX warning (ext4): destination with the same identifier (name{equation.1}) has been already used, duplicate ignored
<to be read again> 
                   \relax 
l.2 \begin{equation}
                    
pdfTeX warning (ext4): destination with the same identifier (name{equation.1}) has been already used, duplicate ignored
<to be read again> 
                   \relax 
l.2 \begin{equation}
                    )
Underfull \hbox (badness 10000) in paragraph at lines 4--47
\T1/ptm/m/n/10 is
 []


Underfull \hbox (badness 10000) in paragraph at lines 4--47
\T1/ptm/m/n/10 in-suf-fi-cient.
 []


Underfull \hbox (badness 10000) in paragraph at lines 4--47
\T1/ptm/m/n/10 the
 []


Underfull \hbox (badness 10000) in paragraph at lines 4--47
\T1/ptm/m/n/10 plete
 []


Underfull \hbox (badness 10000) in paragraph at lines 4--47
\T1/ptm/m/n/10 dif-fer-ent con-clu-sions. [ar-ti-fact S01,S09]
 []


Underfull \hbox (badness 10000) in paragraph at lines 4--47
\T1/ptm/m/n/10 model
 []


Underfull \hbox (badness 3333) in paragraph at lines 50--59
\T1/ptm/m/n/10 con-ve-nience fix-tures. Their pres-ence is not a new pass-ing test run. [ar-ti-fact S32]
 []


Underfull \hbox (badness 10000) in paragraph at lines 50--59
\T1/ptm/m/n/10 met
 []

[9]) (./pages/page-09.tex (./blocks/block-011.tex)
Underfull \hbox (badness 10000) in paragraph at lines 4--18
\T1/ptm/m/n/10 gets,
 []


Underfull \hbox (badness 10000) in paragraph at lines 4--18
\T1/ptm/m/n/10 proof-transfer re-sults.]
 []


Underfull \hbox (badness 10000) in paragraph at lines 4--18
\T1/ptm/m/n/10 tion
 []


Underfull \hbox (badness 10000) in paragraph at lines 4--18
\T1/ptm/m/n/10 not
 []


Underfull \hbox (badness 10000) in paragraph at lines 4--18
\T1/ptm/m/n/10 ported
 []


Underfull \hbox (badness 7256) in paragraph at lines 21--40
\T1/ptm/m/n/10 fi-nite run-time ob-ser-va-tion, ev-i-dence readi-ness, and pol-icy ap-proval. [ar-ti-fact S19]
 []


Underfull \hbox (badness 10000) in paragraph at lines 21--40
\T1/ptm/m/n/10 ture
 []

[10]) [11] (./pages/page-10.tex
Underfull \hbox (badness 10000) in paragraph at lines 4--32
\T1/ptm/m/n/10 In-for-ma-tion Pro-cess-ing Sys-tems 35, 2022. https://arxiv.org/abs/2205.12615.
 []


Underfull \hbox (badness 1077) in paragraph at lines 4--32
\T1/ptm/m/n/10 and Jeremy Avi-gad. ProofNet: Aut-o-for-mal-iz-ing and for-mally prov-ing undergraduate-level
 []


Underfull \hbox (badness 10000) in paragraph at lines 4--32
\T1/ptm/m/n/10 math-e-mat-ics. arXiv:2302.12433, 2023.
 []


Underfull \hbox (badness 10000) in paragraph at lines 4--32
\T1/ptm/m/n/10 In-tel-li-gence, 287:103348, 2020. doi:10.1016/j.artint.2020.103348.
 []


Underfull \hbox (badness 10000) in paragraph at lines 4--32
\T1/ptm/m/n/10 Com-put-ing, 4:67--95, 1986. doi:10.1007/BF03037383.
 []


Underfull \hbox (badness 10000) in paragraph at lines 4--32
\T1/ptm/m/n/10 doi:10.1007/BFb0054170.
 []


Underfull \hbox (badness 10000) in paragraph at lines 4--32
\T1/ptm/m/n/10 baum.
 []


Underfull \hbox (badness 6332) in paragraph at lines 4--32
\T1/ptm/m/n/10 Ad-vances in Neu-ral In-for-ma-tion Pro-cess-ing Sys-tems 31, 2018. https://arxiv.org/abs/
 []


Underfull \hbox (badness 10000) in paragraph at lines 4--32
\T1/ptm/m/n/10 1810.02338.
 []


Underfull \hbox (badness 10000) in paragraph at lines 4--32
\T1/ptm/m/n/10 iza-tion. In Ad-vances in Neu-ral In-for-ma-tion Pro-cess-ing Sys-tems 37, 2024.
 []


Underfull \hbox (badness 1189) in paragraph at lines 4--32
\T1/ptm/m/n/10 [10] Al-bert Qiaochu Jiang, Wenda Li, Szy-mon Tworkowski, Kon-rad Czechowski, Tomasz
 []


Underfull \hbox (badness 1168) in paragraph at lines 4--32
\T1/ptm/m/n/10 Odrzygó¹d¹, Pi-otr Miªo±, Yuhuai Wu, and Mateja Jam-nik. Thor: Wield-ing ham-mers to
 []

) [12

] (./pages/page-11.tex (./blocks/block-012.tex
Underfull \vbox (badness 10000) has occurred while \output is active []


Underfull \vbox (badness 10000) has occurred while \output is active []

 [13

])) (./pages/page-12.tex (./blocks/block-013.tex
Underfull \vbox (badness 10000) has occurred while \output is active []


Underfull \vbox (badness 10000) has occurred while \output is active []

 [14]
Overfull \vbox (84.166pt too high) has occurred while \output is active []


Overfull \vbox (84.166pt too high) has occurred while \output is active []

 [15])) (./pages/page-13.tex (./blocks/block-014.tex)
Underfull \hbox (badness 10000) in paragraph at lines 35--42
\T1/ptm/m/n/10 source-view, target-view, source-formula-root,
 []


Underfull \hbox (badness 10000) in paragraph at lines 35--42
\T1/ptm/m/n/10 target-formula-root,
 []


Underfull \hbox (badness 10000) in paragraph at lines 35--42
\T1/ptm/m/n/10 signature-map, interpretation-profile, bridge-assumptions,
 []


Underfull \hbox (badness 10000) in paragraph at lines 35--42
\T1/ptm/m/n/10 preserved-property, preservation-direction,
 []


Underfull \hbox (badness 10000) in paragraph at lines 35--42
\T1/ptm/m/n/10 supported-fragment,
 []


Underfull \hbox (badness 10000) in paragraph at lines 35--42
\T1/ptm/m/n/10 named-losses, source-map-root, checker-environment,
 []


Underfull \hbox (badness 10000) in paragraph at lines 44--47
\T1/ptm/m/n/10 that
 []


Underfull \hbox (badness 10000) in paragraph at lines 49--55
\T1/ptm/m/n/10 tity,
 []


Underfull \hbox (badness 10000) in paragraph at lines 49--55
\T1/ptm/m/n/10 gin,
 []


Underfull \hbox (badness 10000) in paragraph at lines 57--62
\T1/ptm/m/n/10 change
 []

[16]) (./pages/page-14.tex (./blocks/block-015.tex)
Underfull \hbox (badness 1688) in paragraph at lines 13--17
\T1/ptm/m/n/10 The in-cluded eval-u-a-tion/reference_semantics.py uses only the Python stan-dard li-brary. It
 []


Underfull \hbox (badness 10000) in paragraph at lines 19--21
\T1/ptm/m/n/10 python eval-u-a-tion/reference_semantics.py
 []


Underfull \hbox (badness 10000) in paragraph at lines 23--29
\T1/ptm/m/n/10 sion
 []

[17]) (./pages/page-15.tex (./blocks/block-016.tex)
Underfull \hbox (badness 10000) in paragraph at lines 14--19
\T1/ptm/m/n/10 ity
 []


Underfull \hbox (badness 10000) in paragraph at lines 21--26
\T1/ptm/m/n/10 route
 []

(./blocks/block-017.tex
Underfull \vbox (badness 10000) has occurred while \output is active []


Underfull \vbox (badness 10000) has occurred while \output is active []

 [18])) (./pages/page-16.tex (./blocks/block-018.tex)
Underfull \hbox (badness 10000) in paragraph at lines 9--16
\T1/ptm/m/n/10 ness.
 []


Underfull \hbox (badness 10000) in paragraph at lines 9--16
\T1/ptm/m/n/10 ing,
 []


Underfull \hbox (badness 10000) in paragraph at lines 23--42
\T1/ptm/m/n/10 ac-cep-tance pro-file.
 []


Underfull \hbox (badness 10000) in paragraph at lines 23--42
\T1/ptm/m/n/10 in-ter-pre-ta-tions.
 []


Underfull \hbox (badness 10000) in paragraph at lines 23--42
\T1/ptm/m/n/10 source lin-eage.
 []


Underfull \hbox (badness 10000) in paragraph at lines 23--42
\T1/ptm/m/n/10 ab-sten-tion or ex-plicit par-tial anal-y-sis.
 []


Underfull \hbox (badness 10000) in paragraph at lines 23--42
\T1/ptm/m/n/10 obli-ga-tions for ev-ery relied-upon trans-la-tion.
 []


Underfull \hbox (badness 10000) in paragraph at lines 23--42
\T1/ptm/m/n/10 Keep can-di-date, sat-is-fi-a-bil-ity, mon-i-tor, and kernel-checked out-comes dis-tinct.
 []


Underfull \hbox (badness 10000) in paragraph at lines 23--42
\T1/ptm/m/n/10 ver-i-fied state-ment to the outer ar-ti-fact fields.
 []


Underfull \hbox (badness 10000) in paragraph at lines 23--42
\T1/ptm/m/n/10 kind. Un-known does not be-come true or false by de-fault.
 []

[19]) (./pages/page-17.tex
Underfull \hbox (badness 10000) in paragraph at lines 3--9
\T1/ptm/m/n/10 claims,
 []


Underfull \hbox (badness 10000) in paragraph at lines 3--9
\T1/ptm/m/n/10 thor
 []


Underfull \hbox (badness 10000) in paragraph at lines 11--17
\T1/ptm/m/n/10 recheck
 []


Underfull \hbox (badness 10000) in paragraph at lines 20--24
\T1/ptm/m/n/10 All
 []

(./blocks/block-019.tex
Underfull \vbox (badness 10000) has occurred while \output is active []


Underfull \vbox (badness 10000) has occurred while \output is active []

 [20])) (./pages/page-18.tex
Underfull \hbox (badness 10000) in paragraph at lines 11--23
\T1/ptm/m/n/10 rather than silently la-bel-ing all vec-tors pre-trained se-man-tic em-bed-dings.
 []


Underfull \hbox (badness 10000) in paragraph at lines 11--23
\T1/ptm/m/n/10 ured
 []


Underfull \hbox (badness 10000) in paragraph at lines 11--23
\T1/ptm/m/n/10 A
 []

[21] (./blocks/block-020.tex)
Underfull \hbox (badness 10000) in paragraph at lines 26--32
\T1/ptm/m/n/10 tute
 []

(./equations/equation-12.tex
pdfTeX warning (ext4): destination with the same identifier (name{equation.1}) has been already used, duplicate ignored
<to be read again> 
                   \relax 
l.2 \begin{equation}
                    
pdfTeX warning (ext4): destination with the same identifier (name{equation.1}) has been already used, duplicate ignored
<to be read again> 
                   \relax 
l.2 \begin{equation}
                    
pdfTeX warning (ext4): destination with the same identifier (name{equation.1}) has been already used, duplicate ignored
<to be read again> 
                   \relax 
l.2 \begin{equation}
                    
pdfTeX warning (ext4): destination with the same identifier (name{equation.1}) has been already used, duplicate ignored
<to be read again> 
                   \relax 
l.2 \begin{equation}
                    )) (./pages/page-19.tex (./equations/equation-13.tex
pdfTeX warning (ext4): destination with the same identifier (name{equation.1}) has been already used, duplicate ignored
<to be read again> 
                   \relax 
l.2 \begin{equation}
                    
pdfTeX warning (ext4): destination with the same identifier (name{equation.1}) has been already used, duplicate ignored
<to be read again> 
                   \relax 
l.2 \begin{equation}
                    
pdfTeX warning (ext4): destination with the same identifier (name{equation.1}) has been already used, duplicate ignored
<to be read again> 
                   \relax 
l.2 \begin{equation}
                    
pdfTeX warning (ext4): destination with the same identifier (name{equation.1}) has been already used, duplicate ignored
<to be read again> 
                   \relax 
l.2 \begin{equation}
                    )
Underfull \hbox (badness 10000) in paragraph at lines 4--15
 \T1/ptm/m/n/10 where M se-lects avail-able tar-get rows. The de-nom-
 []


Underfull \hbox (badness 10000) in paragraph at lines 4--15
\T1/ptm/m/n/10 i-na-tor in the in-spected path is the to-tal sam-ple count,
 []


Underfull \hbox (badness 10000) in paragraph at lines 4--15
\T1/ptm/m/n/10 head.
 []


Underfull \hbox (badness 10000) in paragraph at lines 4--15
\T1/ptm/m/n/10 ent
 []

(./equations/equation-14.tex
pdfTeX warning (ext4): destination with the same identifier (name{equation.1}) has been already used, duplicate ignored
<to be read again> 
                   \relax 
l.2 \begin{equation}
                    
pdfTeX warning (ext4): destination with the same identifier (name{equation.1}) has been already used, duplicate ignored
<to be read again> 
                   \relax 
l.2 \begin{equation}
                    
pdfTeX warning (ext4): destination with the same identifier (name{equation.1}) has been already used, duplicate ignored
<to be read again> 
                   \relax 
l.2 \begin{equation}
                    
pdfTeX warning (ext4): destination with the same identifier (name{equation.1}) has been already used, duplicate ignored
<to be read again> 
                   \relax 
l.2 \begin{equation}
                    )
Underfull \hbox (badness 10000) in paragraph at lines 4--23
\T1/ptm/m/n/10 transaction-
 []


Underfull \hbox (badness 10000) in paragraph at lines 4--23
\T1/ptm/m/n/10 Some
 []


Underfull \hbox (badness 10000) in paragraph at lines 4--23
\T1/ptm/m/n/10 counted
 []

[22]
Underfull \hbox (badness 10000) in paragraph at lines 26--38
\T1/ptm/m/n/10 which need not be dif-fer-en-tiable ten-sors.
 []


Underfull \hbox (badness 10000) in paragraph at lines 41--51
\T1/ptm/m/n/10 con-fi-dence or avail-able la-bels are in-ad-e-quate.
 []


Underfull \hbox (badness 10000) in paragraph at lines 41--51
\T1/ptm/m/n/10 head
 []

) (./pages/page-20.tex
Underfull \hbox (badness 10000) in paragraph at lines 11--23
\T1/ptm/m/n/10 an un-fixed sam-ple set blocks guid-ance emis-sion.
 []

[23]
Underfull \hbox (badness 10000) in paragraph at lines 26--36
\T1/ptm/m/n/10 semantic-
 []


Underfull \hbox (badness 7168) in paragraph at lines 26--36
\T1/ptm/m/n/10 pre-served source facets and re-gres-sion cases be-fore its be-hav-ior be-comes canon-i-cal.
 []


Underfull \hbox (badness 10000) in paragraph at lines 26--36
\T1/ptm/m/n/10 cal.
 []


Underfull \hbox (badness 10000) in paragraph at lines 26--36
\T1/ptm/m/n/10 tion
 []

(./blocks/block-024.tex)) (./pages/page-21.tex (./blocks/block-025.tex [24])
Underfull \hbox (badness 10000) in paragraph at lines 4--13
\T1/ptm/m/n/10 agents or prove that the obli-ga-tion was ful-filled.
 []

(./blocks/block-026.tex) (./blocks/block-027.tex)) (./pages/page-22.tex [25]
Underfull \hbox (badness 10000) in paragraph at lines 4--9
\T1/ptm/m/n/10 lookup,
 []

(./equations/equation-15.tex
pdfTeX warning (ext4): destination with the same identifier (name{equation.1}) has been already used, duplicate ignored
<to be read again> 
                   \relax 
l.2 \begin{equation}
                    
pdfTeX warning (ext4): destination with the same identifier (name{equation.1}) has been already used, duplicate ignored
<to be read again> 
                   \relax 
l.2 \begin{equation}
                    
pdfTeX warning (ext4): destination with the same identifier (name{equation.1}) has been already used, duplicate ignored
<to be read again> 
                   \relax 
l.2 \begin{equation}
                    
pdfTeX warning (ext4): destination with the same identifier (name{equation.1}) has been already used, duplicate ignored
<to be read again> 
                   \relax 
l.2 \begin{equation}
                    )
Underfull \hbox (badness 10000) in paragraph at lines 4--29
\T1/ptm/m/n/10 pa-ram-e-ters be-long in a re-pro-ducible run record. [ar-ti-fact S34]
 []


Underfull \hbox (badness 10000) in paragraph at lines 4--29
\T1/ptm/m/n/10 selection
 []


Underfull \hbox (badness 2547) in paragraph at lines 4--29
\T1/ptm/m/n/10 er-rors can prop-a-gate into compiler-derived su-per-vi-sion un-less in-de-pen-dent checks ex-pose
 []


Underfull \hbox (badness 1642) in paragraph at lines 32--45
\T1/ptm/m/n/10 query. An eval-u-ated route must iden-tify the ac-tual back-end and sta-tus. [ar-ti-fact S35]
 []


Underfull \hbox (badness 10000) in paragraph at lines 32--45
\T1/ptm/m/n/10 cal
 []


Underfull \hbox (badness 10000) in paragraph at lines 48--58
\T1/ptm/m/n/10 nec-es-sar-ily as-sert a log-i-cal im-pli-ca-tion. [ar-ti-fact S34]
 []

[26]) (./pages/page-23.tex
Underfull \hbox (badness 10000) in paragraph at lines 3--8
\T1/ptm/m/n/10 ing.
 []

(./blocks/block-029.tex)
Underfull \hbox (badness 10000) in paragraph at lines 13--22
\T1/ptm/m/n/10 and
 []


Underfull \hbox (badness 10000) in paragraph at lines 13--22
\T1/ptm/m/n/10 im-ple-men-ta-tion per-forms no proof, write, or net-work work. [ar-ti-fact S38]
 []


Underfull \hbox (badness 10000) in paragraph at lines 13--22
\T1/ptm/m/n/10 of
 []


Underfull \hbox (badness 10000) in paragraph at lines 25--34
\T1/ptm/m/n/10 tract;
 []


Underfull \hbox (badness 1082) in paragraph at lines 25--34
\T1/ptm/m/n/10 opaque un-rec-og-nized terms must re-turn un-sup-ported rather than be erased. [ar-ti-fact S37]
 []


Underfull \hbox (badness 10000) in paragraph at lines 25--34
\T1/ptm/m/n/10 out
 []

[27]) (./pages/page-24.tex
Underfull \hbox (badness 10000) in paragraph at lines 3--9
\T1/ptm/m/n/10 [ar-ti-fact S19,S37]
 []


Underfull \hbox (badness 10000) in paragraph at lines 12--22
\T1/ptm/m/n/10 would
 []


Underfull \hbox (badness 10000) in paragraph at lines 12--22
\T1/ptm/m/n/10 then re-quire sep-a-rate ev-i-dence. [ar-ti-fact S36]
 []


Underfull \hbox (badness 10000) in paragraph at lines 25--41
\T1/ptm/m/n/10 Leanstral's base weights. [ar-ti-fact S39]
 []


Underfull \hbox (badness 10000) in paragraph at lines 25--41
\T1/ptm/m/n/10 nance,
 []


Underfull \hbox (badness 10000) in paragraph at lines 25--41
\T1/ptm/m/n/10 with fo-cused tests and frozen-canary ev-i-dence. [ar-ti-fact S40]
 []


Underfull \hbox (badness 10000) in paragraph at lines 25--41
\T1/ptm/m/n/10 tion
 []

[28]
Underfull \hbox (badness 10000) in paragraph at lines 56--61
\T1/ptm/m/n/10 poses
 []


Underfull \hbox (badness 10000) in paragraph at lines 56--61
\T1/ptm/m/n/10 sions
 []

) (./pages/page-25.tex
Underfull \hbox (badness 10000) in paragraph at lines 3--9
\T1/ptm/m/n/10 an
 []


Underfull \hbox (badness 10000) in paragraph at lines 11--18
\T1/ptm/m/n/10 tion
 []


Underfull \hbox (badness 10000) in paragraph at lines 11--18
\T1/ptm/m/n/10 fact
 []


Underfull \hbox (badness 10000) in paragraph at lines 28--43
\T1/ptm/m/n/10 straint,
 []


Underfull \hbox (badness 2443) in paragraph at lines 28--43
\T1/ptm/m/n/10 op-er-a-tion, time, and policy-version map-pings must be ad-mit-ted. [ar-ti-fact S01,S04,S09]
 []


Underfull \hbox (badness 10000) in paragraph at lines 28--43
\T1/ptm/m/n/10 changed
 []

) (./pages/page-26.tex
Underfull \vbox (badness 3547) has occurred while \output is active []


Underfull \vbox (badness 3547) has occurred while \output is active []

 [29] (./blocks/block-030.tex)
Underfull \hbox (badness 10000) in paragraph at lines 10--20
\T1/ptm/m/n/10 than
 []


Underfull \hbox (badness 10000) in paragraph at lines 10--20
\T1/ptm/m/n/10 der
 []

) [30] (./pages/page-27.tex
Underfull \hbox (badness 10000) in paragraph at lines 4--12
\T1/ptm/m/n/10 and not a set of com-pleted com-pli-ance an-swers.
 []


Underfull \hbox (badness 10000) in paragraph at lines 4--12
\T1/ptm/m/n/10 manuscript and ar-ti-fact.
 []


Underfull \hbox (badness 10000) in paragraph at lines 4--12
\T1/ptm/m/n/10 ment
 []

) [31

] (./main.aux)
 ***********
LaTeX2e <2026-06-01>
L3 programming layer <2026-08-10>
 ***********
Package rerunfilecheck Info: File `main.out' has not changed.
(rerunfilecheck)             Checksum: D41D8CD98F00B204E9800998ECF8427E;0.
 ) 
Here is how much of TeX's memory you used:
 11971 strings out of 469089
 188386 string characters out of 5459055
 612103 words of memory out of 5000000
 40613 multiletter control sequences out of 15000+600000
 651408 words of font info for 64 fonts, out of 8000000 for 9000
 14 hyphenation exceptions out of 8191
 72i,16n,79p,389b,536s stack positions out of 10000i,1000n,20000p,200000b,200000s
</home/barberb/.local/share/vericodegen-texlive/.TinyTeX/texmf-dist/fonts/type1/public/amsfonts/cm/cmex10.pfb></home/barberb/.local/share/vericodegen-texlive/.TinyTeX/texmf-dist/fonts/type1/public/amsfonts/cm/cmmi10.pfb></home/barberb/.local/share/vericodegen-texlive/.TinyTeX/texmf-dist/fonts/type1/public/amsfonts/cm/cmmi7.pfb></home/barberb/.local/share/vericodegen-texlive/.TinyTeX/texmf-dist/fonts/type1/public/amsfonts/cm/cmr10.pfb></home/barberb/.local/share/vericodegen-texlive/.TinyTeX/texmf-dist/fonts/type1/public/amsfonts/cm/cmr7.pfb></home/barberb/.local/share/vericodegen-texlive/.TinyTeX/texmf-dist/fonts/type1/public/amsfonts/cm/cmsy10.pfb></home/barberb/.local/share/vericodegen-texlive/.TinyTeX/texmf-dist/fonts/type1/public/amsfonts/cm/cmsy7.pfb></home/barberb/.local/share/vericodegen-texlive/.TinyTeX/texmf-dist/fonts/type1/public/amsfonts/symbols/msam10.pfb></home/barberb/.local/share/vericodegen-texlive/.TinyTeX/texmf-dist/fonts/type1/public/cm-super/sftt1000.pfb></home/barberb/.local/share/vericodegen-texlive/.TinyTeX/texmf-dist/fonts/type1/urw/helvetic/uhvr8a.pfb></home/barberb/.local/share/vericodegen-texlive/.TinyTeX/texmf-dist/fonts/type1/urw/times/utmb8a.pfb></home/barberb/.local/share/vericodegen-texlive/.TinyTeX/texmf-dist/fonts/type1/urw/times/utmr8a.pfb>
Output written on main.pdf (31 pages, 255325 bytes).
PDF statistics:
 299 PDF objects out of 1000 (max. 8388607)
 239 compressed objects within 3 object streams
 107 named destinations out of 1000 (max. 500000)
 1 words of extra memory for PDF output out of 10000 (max. 10000000)

