tests/test_xmltodict.py::XMLToDictTestCase::test_attrib
tests/test_xmltodict.py::XMLToDictTestCase::test_attrib_and_cdata
tests/test_xmltodict.py::XMLToDictTestCase::test_comments
tests/test_xmltodict.py::XMLToDictTestCase::test_custom_attrib
tests/test_xmltodict.py::XMLToDictTestCase::test_custom_cdata
tests/test_xmltodict.py::XMLToDictTestCase::test_disable_entities_false_returns_xmlbomb
tests/test_xmltodict.py::XMLToDictTestCase::test_disable_entities_true_attempts_external_dtd
tests/test_xmltodict.py::XMLToDictTestCase::test_disable_entities_true_ignores_external_dtd
tests/test_xmltodict.py::XMLToDictTestCase::test_disable_entities_true_ignores_xmlbomb
tests/test_xmltodict.py::XMLToDictTestCase::test_encoded_string
tests/test_xmltodict.py::XMLToDictTestCase::test_force_cdata
tests/test_xmltodict.py::XMLToDictTestCase::test_force_list_basic
tests/test_xmltodict.py::XMLToDictTestCase::test_force_list_callable
tests/test_xmltodict.py::XMLToDictTestCase::test_keep_whitespace
tests/test_xmltodict.py::XMLToDictTestCase::test_list
tests/test_xmltodict.py::XMLToDictTestCase::test_minimal
tests/test_xmltodict.py::XMLToDictTestCase::test_namespace_collapse
tests/test_xmltodict.py::XMLToDictTestCase::test_namespace_collapse_all
tests/test_xmltodict.py::XMLToDictTestCase::test_namespace_ignore
tests/test_xmltodict.py::XMLToDictTestCase::test_namespace_support
tests/test_xmltodict.py::XMLToDictTestCase::test_nested_semi_structured
tests/test_xmltodict.py::XMLToDictTestCase::test_postprocessor
tests/test_xmltodict.py::XMLToDictTestCase::test_postprocessor_attribute
tests/test_xmltodict.py::XMLToDictTestCase::test_postprocessor_skip
tests/test_xmltodict.py::XMLToDictTestCase::test_semi_structured
tests/test_xmltodict.py::XMLToDictTestCase::test_simple
tests/test_xmltodict.py::XMLToDictTestCase::test_skip_attrib
tests/test_xmltodict.py::XMLToDictTestCase::test_skip_whitespace
tests/test_xmltodict.py::XMLToDictTestCase::test_streaming
tests/test_xmltodict.py::XMLToDictTestCase::test_streaming_attrs
tests/test_xmltodict.py::XMLToDictTestCase::test_streaming_generator
tests/test_xmltodict.py::XMLToDictTestCase::test_streaming_interrupt
tests/test_xmltodict.py::XMLToDictTestCase::test_string_vs_file
tests/test_xmltodict.py::XMLToDictTestCase::test_unicode

34 tests collected in 0.02s
