[2026-09-11T16:46:09.835576+00:00] $ git -C /home/barberb/.local/state/ipfs_accelerate_py/vericodegen-2026/neurosymbolic_supervision/worktrees/workspace_0cc10e0ea050_67542b35bc3c rev-parse HEAD
exit_code=0
stdout:
6c7f59fc7d0c3cb370c6d2f5b76596030f5f2fdb
stderr:

[2026-09-11T16:46:09.840823+00:00] $ git -C /home/barberb/.local/state/ipfs_accelerate_py/vericodegen-2026/neurosymbolic_supervision/worktrees/workspace_0cc10e0ea050_67542b35bc3c rev-parse 'HEAD^{tree}'
exit_code=0
stdout:
be88ef338136cb6a94bbb60857ceed322b1db3a7
stderr:

[2026-09-11T16:46:09.842278+00:00] $ git -C /home/barberb/.local/state/ipfs_accelerate_py/vericodegen-2026/neurosymbolic_supervision/worktrees/workspace_0cc10e0ea050_67542b35bc3c rev-parse --absolute-git-dir
exit_code=0
stdout:
/home/barberb/lift_coding/.git/worktrees/workspace_0cc10e0ea050_67542b35bc3c
stderr:

[2026-09-11T16:46:09.843242+00:00] $ git -C /home/barberb/.local/state/ipfs_accelerate_py/vericodegen-2026/neurosymbolic_supervision/worktrees/workspace_0cc10e0ea050_67542b35bc3c rev-parse --path-format=absolute --git-common-dir
exit_code=0
stdout:
/home/barberb/lift_coding/.git
stderr:

[2026-09-11T16:46:09.844808+00:00] $ git -C /home/barberb/.local/state/ipfs_accelerate_py/vericodegen-2026/neurosymbolic_supervision/worktrees/workspace_0cc10e0ea050_67542b35bc3c symbolic-ref --quiet --short HEAD
exit_code=0
stdout:
implementation/ns-002-60f9ed63ea4d-attempt-1-1789144893
stderr:

[2026-09-11T16:46:09.846465+00:00] $ git -C /home/barberb/.local/state/ipfs_accelerate_py/vericodegen-2026/neurosymbolic_supervision/worktrees/workspace_0cc10e0ea050_67542b35bc3c status --porcelain=v1 --untracked-files=normal --ignore-submodules=none
exit_code=0
stdout:
stderr:

[2026-09-11T16:46:09.939654+00:00] $ git -C /home/barberb/.local/state/ipfs_accelerate_py/vericodegen-2026/neurosymbolic_supervision/worktrees/workspace_0cc10e0ea050_67542b35bc3c diff --no-ext-diff --no-textconv --raw --no-abbrev HEAD --
exit_code=0
stdout:
stderr:

[2026-09-11T16:46:09.990276+00:00] $ git -C /home/barberb/.local/state/ipfs_accelerate_py/vericodegen-2026/neurosymbolic_supervision/worktrees/workspace_0cc10e0ea050_67542b35bc3c ls-tree HEAD -- external/ipfs_accelerate external/ipfs_datasets external/ipfs_kit
exit_code=0
stdout:
160000 commit 6a28df6a9ac89359fa35a54a6f6df85718b65f2b	external/ipfs_accelerate
160000 commit ac82107e246b30e35a2bbdcf75e01370d22350c6	external/ipfs_datasets
160000 commit 6196017ca3df016c7159dce43af60f2a0d96a9ae	external/ipfs_kit
stderr:

[2026-09-11T16:46:09.992708+00:00] $ git -C /home/barberb/.local/state/ipfs_accelerate_py/vericodegen-2026/neurosymbolic_supervision/worktrees/workspace_0cc10e0ea050_67542b35bc3c/external/ipfs_accelerate rev-parse HEAD
exit_code=0
stdout:
6a28df6a9ac89359fa35a54a6f6df85718b65f2b
stderr:

[2026-09-11T16:46:09.994472+00:00] $ git -C /home/barberb/.local/state/ipfs_accelerate_py/vericodegen-2026/neurosymbolic_supervision/worktrees/workspace_0cc10e0ea050_67542b35bc3c/external/ipfs_accelerate rev-parse 'HEAD^{tree}'
exit_code=0
stdout:
bf79a82f0ce6125f87e66e072b1338392a3c5611
stderr:

[2026-09-11T16:46:09.996654+00:00] $ git -C /home/barberb/.local/state/ipfs_accelerate_py/vericodegen-2026/neurosymbolic_supervision/worktrees/workspace_0cc10e0ea050_67542b35bc3c/external/ipfs_accelerate rev-parse --absolute-git-dir
exit_code=0
stdout:
/home/barberb/lift_coding/.worktrees/vericodegen-neurosymbolic_supervision-2026/external/ipfs_accelerate/.git/worktrees/ipfs_accelerate5
stderr:

[2026-09-11T16:46:09.998177+00:00] $ git -C /home/barberb/.local/state/ipfs_accelerate_py/vericodegen-2026/neurosymbolic_supervision/worktrees/workspace_0cc10e0ea050_67542b35bc3c/external/ipfs_accelerate rev-parse --path-format=absolute --git-common-dir
exit_code=0
stdout:
/home/barberb/lift_coding/.worktrees/vericodegen-neurosymbolic_supervision-2026/external/ipfs_accelerate/.git
stderr:

[2026-09-11T16:46:09.999635+00:00] $ git -C /home/barberb/.local/state/ipfs_accelerate_py/vericodegen-2026/neurosymbolic_supervision/worktrees/workspace_0cc10e0ea050_67542b35bc3c/external/ipfs_accelerate symbolic-ref --quiet --short HEAD
exit_code=0
stdout:
implementation/ns-002-60f9ed63ea4d-attempt-1-1789144893-submodule-external-ipfs_accelerate
stderr:

[2026-09-11T16:46:10.001218+00:00] $ git -C /home/barberb/.local/state/ipfs_accelerate_py/vericodegen-2026/neurosymbolic_supervision/worktrees/workspace_0cc10e0ea050_67542b35bc3c/external/ipfs_accelerate status --porcelain=v1 --untracked-files=normal --ignore-submodules=none
exit_code=0
stdout:
stderr:

[2026-09-11T16:46:10.028055+00:00] $ git -C /home/barberb/.local/state/ipfs_accelerate_py/vericodegen-2026/neurosymbolic_supervision/worktrees/workspace_0cc10e0ea050_67542b35bc3c/external/ipfs_accelerate diff --no-ext-diff --no-textconv --raw --no-abbrev HEAD --
exit_code=0
stdout:
stderr:

[2026-09-11T16:46:10.039636+00:00] $ git -C /home/barberb/.local/state/ipfs_accelerate_py/vericodegen-2026/neurosymbolic_supervision/worktrees/workspace_0cc10e0ea050_67542b35bc3c/external/ipfs_datasets rev-parse HEAD
exit_code=0
stdout:
ac82107e246b30e35a2bbdcf75e01370d22350c6
stderr:

[2026-09-11T16:46:10.043251+00:00] $ git -C /home/barberb/.local/state/ipfs_accelerate_py/vericodegen-2026/neurosymbolic_supervision/worktrees/workspace_0cc10e0ea050_67542b35bc3c/external/ipfs_datasets rev-parse 'HEAD^{tree}'
exit_code=0
stdout:
2b3d892dd1c31fb6b8a3eebdb88616d411c49a47
stderr:

[2026-09-11T16:46:10.045040+00:00] $ git -C /home/barberb/.local/state/ipfs_accelerate_py/vericodegen-2026/neurosymbolic_supervision/worktrees/workspace_0cc10e0ea050_67542b35bc3c/external/ipfs_datasets rev-parse --absolute-git-dir
exit_code=0
stdout:
/home/barberb/lift_coding/.worktrees/vericodegen-neurosymbolic_supervision-2026/external/ipfs_datasets/.git/worktrees/ipfs_datasets5
stderr:

[2026-09-11T16:46:10.046592+00:00] $ git -C /home/barberb/.local/state/ipfs_accelerate_py/vericodegen-2026/neurosymbolic_supervision/worktrees/workspace_0cc10e0ea050_67542b35bc3c/external/ipfs_datasets rev-parse --path-format=absolute --git-common-dir
exit_code=0
stdout:
/home/barberb/lift_coding/.worktrees/vericodegen-neurosymbolic_supervision-2026/external/ipfs_datasets/.git
stderr:

[2026-09-11T16:46:10.047909+00:00] $ git -C /home/barberb/.local/state/ipfs_accelerate_py/vericodegen-2026/neurosymbolic_supervision/worktrees/workspace_0cc10e0ea050_67542b35bc3c/external/ipfs_datasets symbolic-ref --quiet --short HEAD
exit_code=0
stdout:
implementation/ns-002-60f9ed63ea4d-attempt-1-1789144893-submodule-external-ipfs_datasets
stderr:

[2026-09-11T16:46:10.049377+00:00] $ git -C /home/barberb/.local/state/ipfs_accelerate_py/vericodegen-2026/neurosymbolic_supervision/worktrees/workspace_0cc10e0ea050_67542b35bc3c/external/ipfs_datasets status --porcelain=v1 --untracked-files=normal --ignore-submodules=none
exit_code=0
stdout:
stderr:

[2026-09-11T16:46:10.113247+00:00] $ git -C /home/barberb/.local/state/ipfs_accelerate_py/vericodegen-2026/neurosymbolic_supervision/worktrees/workspace_0cc10e0ea050_67542b35bc3c/external/ipfs_datasets diff --no-ext-diff --no-textconv --raw --no-abbrev HEAD --
exit_code=0
stdout:
stderr:

[2026-09-11T16:46:10.140681+00:00] $ git -C /home/barberb/.local/state/ipfs_accelerate_py/vericodegen-2026/neurosymbolic_supervision/worktrees/workspace_0cc10e0ea050_67542b35bc3c/external/ipfs_kit rev-parse HEAD
exit_code=0
stdout:
6196017ca3df016c7159dce43af60f2a0d96a9ae
stderr:

[2026-09-11T16:46:10.142363+00:00] $ git -C /home/barberb/.local/state/ipfs_accelerate_py/vericodegen-2026/neurosymbolic_supervision/worktrees/workspace_0cc10e0ea050_67542b35bc3c/external/ipfs_kit rev-parse 'HEAD^{tree}'
exit_code=0
stdout:
93070c709af29095fdff11f3e2698543449c08ef
stderr:

[2026-09-11T16:46:10.144590+00:00] $ git -C /home/barberb/.local/state/ipfs_accelerate_py/vericodegen-2026/neurosymbolic_supervision/worktrees/workspace_0cc10e0ea050_67542b35bc3c/external/ipfs_kit rev-parse --absolute-git-dir
exit_code=0
stdout:
/home/barberb/lift_coding/.worktrees/vericodegen-neurosymbolic_supervision-2026/external/ipfs_kit/.git/worktrees/ipfs_kit4
stderr:

[2026-09-11T16:46:10.145637+00:00] $ git -C /home/barberb/.local/state/ipfs_accelerate_py/vericodegen-2026/neurosymbolic_supervision/worktrees/workspace_0cc10e0ea050_67542b35bc3c/external/ipfs_kit rev-parse --path-format=absolute --git-common-dir
exit_code=0
stdout:
/home/barberb/lift_coding/.worktrees/vericodegen-neurosymbolic_supervision-2026/external/ipfs_kit/.git
stderr:

[2026-09-11T16:46:10.147097+00:00] $ git -C /home/barberb/.local/state/ipfs_accelerate_py/vericodegen-2026/neurosymbolic_supervision/worktrees/workspace_0cc10e0ea050_67542b35bc3c/external/ipfs_kit symbolic-ref --quiet --short HEAD
exit_code=0
stdout:
implementation/ns-002-60f9ed63ea4d-attempt-1-1789144893-submodule-external-ipfs_kit
stderr:

[2026-09-11T16:46:10.148640+00:00] $ git -C /home/barberb/.local/state/ipfs_accelerate_py/vericodegen-2026/neurosymbolic_supervision/worktrees/workspace_0cc10e0ea050_67542b35bc3c/external/ipfs_kit status --porcelain=v1 --untracked-files=normal --ignore-submodules=none
exit_code=0
stdout:
stderr:

[2026-09-11T16:46:10.169334+00:00] $ git -C /home/barberb/.local/state/ipfs_accelerate_py/vericodegen-2026/neurosymbolic_supervision/worktrees/workspace_0cc10e0ea050_67542b35bc3c/external/ipfs_kit diff --no-ext-diff --no-textconv --raw --no-abbrev HEAD --
exit_code=0
stdout:
stderr:

