Rc files read (in order):
  NONE
Latexmk: This is Latexmk, John Collins, 9 March 2026. Version 4.88.
No existing .aux file, so I'll make a simple one, and require run of *latex.
Latexmk: applying rule 'pdflatex'...
Rule 'pdflatex':  Reasons for rerun
Category 'other':
  Rerun of 'pdflatex' forced or previously required:
    Reason or flag: 'Initial setup'

------------
Run number 1 of rule 'pdflatex'
------------
------------
Running 'pdflatex  -interaction=nonstopmode -halt-on-error -file-line-error -recorder  "main.tex"'
------------
This is pdfTeX, Version 3.141592653-2.6-1.40.29 (TeX Live 2026) (preloaded format=pdflatex)
 restricted \write18 enabled.
entering extended mode
(./main.tex
LaTeX2e <2026-06-01>
L3 programming layer <2026-08-10>
(/home/barberb/.local/share/vericodegen-texlive/.TinyTeX/texmf-dist/tex/latex/base/article.cls
Document Class: article 2025/01/22 v1.4n Standard LaTeX document class
(/home/barberb/.local/share/vericodegen-texlive/.TinyTeX/texmf-dist/tex/latex/base/size10.clo)) (./neurips_2026_vericode.sty (/home/barberb/.local/share/vericodegen-texlive/.TinyTeX/texmf-dist/tex/latex/environ/environ.sty (/home/barberb/.local/share/vericodegen-texlive/.TinyTeX/texmf-dist/tex/latex/trimspaces/trimspaces.sty)) (/home/barberb/.local/share/vericodegen-texlive/.TinyTeX/texmf-dist/tex/latex/natbib/natbib.sty) (/home/barberb/.local/share/vericodegen-texlive/.TinyTeX/texmf-dist/tex/latex/geometry/geometry.sty (/home/barberb/.local/share/vericodegen-texlive/.TinyTeX/texmf-dist/tex/latex/graphics/keyval.sty) (/home/barberb/.local/share/vericodegen-texlive/.TinyTeX/texmf-dist/tex/generic/iftex/ifvtex.sty (/home/barberb/.local/share/vericodegen-texlive/.TinyTeX/texmf-dist/tex/generic/iftex/iftex.sty))) (/home/barberb/.local/share/vericodegen-texlive/.TinyTeX/texmf-dist/tex/latex/lineno/lineno.sty (/home/barberb/.local/share/vericodegen-texlive/.TinyTeX/texmf-dist/tex/latex/etoolbox/etoolbox.sty) (/home/barberb/.local/share/vericodegen-texlive/.TinyTeX/texmf-dist/tex/latex/kvoptions/kvoptions.sty (/home/barberb/.local/share/vericodegen-texlive/.TinyTeX/texmf-dist/tex/generic/ltxcmds/ltxcmds.sty) (/home/barberb/.local/share/vericodegen-texlive/.TinyTeX/texmf-dist/tex/latex/kvsetkeys/kvsetkeys.sty)))) (/home/barberb/.local/share/vericodegen-texlive/.TinyTeX/texmf-dist/tex/latex/base/inputenc.sty) (/home/barberb/.local/share/vericodegen-texlive/.TinyTeX/texmf-dist/tex/latex/base/fontenc.sty (/home/barberb/.local/share/vericodegen-texlive/.TinyTeX/texmf-dist/tex/latex/psnfss/t1ptm.fd)) (/home/barberb/.local/share/vericodegen-texlive/.TinyTeX/texmf-dist/tex/latex/amsmath/amsmath.sty
For additional information on amsmath, use the `?' option.
(/home/barberb/.local/share/vericodegen-texlive/.TinyTeX/texmf-dist/tex/latex/amsmath/amstext.sty (/home/barberb/.local/share/vericodegen-texlive/.TinyTeX/texmf-dist/tex/latex/amsmath/amsgen.sty)) (/home/barberb/.local/share/vericodegen-texlive/.TinyTeX/texmf-dist/tex/latex/amsmath/amsbsy.sty) (/home/barberb/.local/share/vericodegen-texlive/.TinyTeX/texmf-dist/tex/latex/amsmath/amsopn.sty)) (/home/barberb/.local/share/vericodegen-texlive/.TinyTeX/texmf-dist/tex/latex/amsfonts/amssymb.sty (/home/barberb/.local/share/vericodegen-texlive/.TinyTeX/texmf-dist/tex/latex/amsfonts/amsfonts.sty)) (/home/barberb/.local/share/vericodegen-texlive/.TinyTeX/texmf-dist/tex/latex/base/alltt.sty) (/home/barberb/.local/share/vericodegen-texlive/.TinyTeX/texmf-dist/tex/latex/booktabs/booktabs.sty) (/home/barberb/.local/share/vericodegen-texlive/.TinyTeX/texmf-dist/tex/latex/microtype/microtype.sty (/home/barberb/.local/share/vericodegen-texlive/.TinyTeX/texmf-dist/tex/latex/microtype/microtype-pdftex.def) (/home/barberb/.local/share/vericodegen-texlive/.TinyTeX/texmf-dist/tex/latex/microtype/microtype.cfg)) (/home/barberb/.local/share/vericodegen-texlive/.TinyTeX/texmf-dist/tex/latex/url/url.sty) (/home/barberb/.local/share/vericodegen-texlive/.TinyTeX/texmf-dist/tex/latex/hyperref/hyperref.sty (/home/barberb/.local/share/vericodegen-texlive/.TinyTeX/texmf-dist/tex/generic/kvdefinekeys/kvdefinekeys.sty) (/home/barberb/.local/share/vericodegen-texlive/.TinyTeX/texmf-dist/tex/generic/pdfescape/pdfescape.sty (/home/barberb/.local/share/vericodegen-texlive/.TinyTeX/texmf-dist/tex/generic/pdftexcmds/pdftexcmds.sty (/home/barberb/.local/share/vericodegen-texlive/.TinyTeX/texmf-dist/tex/generic/infwarerr/infwarerr.sty))) (/home/barberb/.local/share/vericodegen-texlive/.TinyTeX/texmf-dist/tex/latex/hycolor/hycolor.sty) (/home/barberb/.local/share/vericodegen-texlive/.TinyTeX/texmf-dist/tex/latex/hyperref/nameref.sty (/home/barberb/.local/share/vericodegen-texlive/.TinyTeX/texmf-dist/tex/latex/refcount/refcount.sty) (/home/barberb/.local/share/vericodegen-texlive/.TinyTeX/texmf-dist/tex/generic/gettitlestring/gettitlestring.sty)) (/home/barberb/.local/share/vericodegen-texlive/.TinyTeX/texmf-dist/tex/generic/stringenc/stringenc.sty) (/home/barberb/.local/share/vericodegen-texlive/.TinyTeX/texmf-dist/tex/latex/hyperref/pd1enc.def) (/home/barberb/.local/share/vericodegen-texlive/.TinyTeX/texmf-dist/tex/generic/intcalc/intcalc.sty) (/home/barberb/.local/share/vericodegen-texlive/.TinyTeX/texmf-dist/tex/latex/hyperref/puenc.def) (/home/barberb/.local/share/vericodegen-texlive/.TinyTeX/texmf-dist/tex/generic/bitset/bitset.sty (/home/barberb/.local/share/vericodegen-texlive/.TinyTeX/texmf-dist/tex/generic/bigintcalc/bigintcalc.sty))) (/home/barberb/.local/share/vericodegen-texlive/.TinyTeX/texmf-dist/tex/latex/hyperref/hpdftex.def (/home/barberb/.local/share/vericodegen-texlive/.TinyTeX/texmf-dist/tex/latex/rerunfilecheck/rerunfilecheck.sty (/home/barberb/.local/share/vericodegen-texlive/.TinyTeX/texmf-dist/tex/generic/uniquecounter/uniquecounter.sty))) (/home/barberb/.local/share/vericodegen-texlive/.TinyTeX/texmf-dist/tex/latex/l3kernel/l3backend-pdftex.def) (./main.aux)
*geometry* driver: auto-detecting
*geometry* detected driver: pdftex
*geometry* verbose mode - [ preamble ] result:
* driver: pdftex
* paper: letterpaper
* layout: <same size as paper>
* layoutoffset:(h,v)=(0.0pt,0.0pt)
* modes: 
* h-part:(L,W,R)=(92.14519pt, 430.00462pt, 92.14519pt)
* v-part:(T,H,B)=(95.39737pt, 556.47656pt, 143.09605pt)
* \paperwidth=614.295pt
* \paperheight=794.96999pt
* \textwidth=430.00462pt
* \textheight=556.47656pt
* \oddsidemargin=19.8752pt
* \evensidemargin=19.8752pt
* \topmargin=-13.87262pt
* \headheight=12.0pt
* \headsep=25.0pt
* \topskip=10.0pt
* \footskip=30.0pt
* \marginparwidth=65.0pt
* \marginparsep=11.0pt
* \columnsep=10.0pt
* \skip\footins=9.0pt plus 4.0pt minus 2.0pt
* \hoffset=0.0pt
* \voffset=0.0pt
* \mag=1000
* \@twocolumnfalse
* \@twosidefalse
* \@mparswitchfalse
* \@reversemarginfalse
* (1in=72.27pt=25.4mm, 1cm=28.453pt)

*geometry* verbose mode - [ newgeometry ] result:
* driver: pdftex
* paper: letterpaper
* layout: <same size as paper>
* layoutoffset:(h,v)=(0.0pt,0.0pt)
* modes: 
* h-part:(L,W,R)=(108.405pt, 397.48499pt, 108.40501pt)
* v-part:(T,H,B)=(72.26999pt, 650.43pt, 72.27pt)
* \paperwidth=614.295pt
* \paperheight=794.96999pt
* \textwidth=397.48499pt
* \textheight=650.43pt
* \oddsidemargin=36.13501pt
* \evensidemargin=36.13501pt
* \topmargin=-37.0pt
* \headheight=12.0pt
* \headsep=25.0pt
* \topskip=10.0pt
* \footskip=30.0pt
* \marginparwidth=65.0pt
* \marginparsep=11.0pt
* \columnsep=10.0pt
* \skip\footins=9.0pt plus 4.0pt minus 2.0pt
* \hoffset=0.0pt
* \voffset=0.0pt
* \mag=1000
* \@twocolumnfalse
* \@twosidefalse
* \@mparswitchfalse
* \@reversemarginfalse
* (1in=72.27pt=25.4mm, 1cm=28.453pt)

(/home/barberb/.local/share/vericodegen-texlive/.TinyTeX/texmf-dist/tex/latex/microtype/mt-ptm.cfg) (/home/barberb/.local/share/vericodegen-texlive/.TinyTeX/texmf-dist/tex/latex/psnfss/t1phv.fd) [1{/home/barberb/.local/share/vericodegen-texlive/.TinyTeX/texmf-var/fonts/map/pdftex/updmap/pdftex.map}{/home/barberb/.local/share/vericodegen-texlive/.TinyTeX/texmf-dist/fonts/enc/dvips/base/8r.enc}{/home/barberb/.local/share/vericodegen-texlive/.TinyTeX/texmf-dist/fonts/enc/dvips/cm-super/cm-super-t1.enc}] (/home/barberb/.local/share/vericodegen-texlive/.TinyTeX/texmf-dist/tex/latex/microtype/mt-cmr.cfg) (/home/barberb/.local/share/vericodegen-texlive/.TinyTeX/texmf-dist/tex/latex/amsfonts/umsa.fd) (/home/barberb/.local/share/vericodegen-texlive/.TinyTeX/texmf-dist/tex/latex/microtype/mt-msa.cfg) (/home/barberb/.local/share/vericodegen-texlive/.TinyTeX/texmf-dist/tex/latex/amsfonts/umsb.fd) (/home/barberb/.local/share/vericodegen-texlive/.TinyTeX/texmf-dist/tex/latex/microtype/mt-msb.cfg) [2] [3] [4]
Underfull \vbox (badness 2452) has occurred while \output is active
Underfull \vbox (badness 2452) has occurred while \output is active [5] [6] [7] [8]
Underfull \hbox (badness 1824) in paragraph at lines 804--805
[]\T1/ptm/m/n/10 (+20) George C. Nec-ula. Proof-carrying code. POPL, 1997, pp. 106^^U119. DOI: 10.1145/
[9] [10] [11] [12] [13] [14] [15] [16] [17] [18] [19]
Underfull \vbox (badness 6859) has occurred while \output is active
Underfull \vbox (badness 6859) has occurred while \output is active [20] [21] [22] [23] [24] (./main.aux

Package natbib Warning: Citation(s) may have changed.
(natbib)                Rerun to get citations correct.

)

Package rerunfilecheck Warning: File `main.out' has changed.
(rerunfilecheck)                Rerun to get outlines right
(rerunfilecheck)                or use package `bookmark'.

 )
(see the transcript file for additional information)</home/barberb/.local/share/vericodegen-texlive/.TinyTeX/texmf-dist/fonts/type1/public/amsfonts/cm/cmmi10.pfb></home/barberb/.local/share/vericodegen-texlive/.TinyTeX/texmf-dist/fonts/type1/public/amsfonts/cm/cmr10.pfb></home/barberb/.local/share/vericodegen-texlive/.TinyTeX/texmf-dist/fonts/type1/public/amsfonts/cm/cmsy10.pfb></home/barberb/.local/share/vericodegen-texlive/.TinyTeX/texmf-dist/fonts/type1/public/amsfonts/cm/cmsy7.pfb></home/barberb/.local/share/vericodegen-texlive/.TinyTeX/texmf-dist/fonts/type1/public/cm-super/sftt0800.pfb></home/barberb/.local/share/vericodegen-texlive/.TinyTeX/texmf-dist/fonts/type1/public/cm-super/sftt1000.pfb></home/barberb/.local/share/vericodegen-texlive/.TinyTeX/texmf-dist/fonts/type1/urw/helvetic/uhvr8a.pfb></home/barberb/.local/share/vericodegen-texlive/.TinyTeX/texmf-dist/fonts/type1/urw/times/utmb8a.pfb></home/barberb/.local/share/vericodegen-texlive/.TinyTeX/texmf-dist/fonts/type1/urw/times/utmr8a.pfb>
Output written on main.pdf (24 pages, 238331 bytes).
Transcript written on main.log.
Latexmk: Getting log file 'main.log'
Latexmk: Examining 'main.fls'
Latexmk: Examining 'main.log'
Latexmk: References changed.
Latexmk: References changed.
Latexmk: Log file says output to 'main.pdf'
Latexmk: applying rule 'pdflatex'...
Rule 'pdflatex':  Reasons for rerun
Changed files or newly in use/created:
  main.aux
  main.out

------------
Run number 2 of rule 'pdflatex'
------------
------------
Running 'pdflatex  -interaction=nonstopmode -halt-on-error -file-line-error -recorder  "main.tex"'
------------
This is pdfTeX, Version 3.141592653-2.6-1.40.29 (TeX Live 2026) (preloaded format=pdflatex)
 restricted \write18 enabled.
entering extended mode
(./main.tex
LaTeX2e <2026-06-01>
L3 programming layer <2026-08-10>
(/home/barberb/.local/share/vericodegen-texlive/.TinyTeX/texmf-dist/tex/latex/base/article.cls
Document Class: article 2025/01/22 v1.4n Standard LaTeX document class
(/home/barberb/.local/share/vericodegen-texlive/.TinyTeX/texmf-dist/tex/latex/base/size10.clo)) (./neurips_2026_vericode.sty (/home/barberb/.local/share/vericodegen-texlive/.TinyTeX/texmf-dist/tex/latex/environ/environ.sty (/home/barberb/.local/share/vericodegen-texlive/.TinyTeX/texmf-dist/tex/latex/trimspaces/trimspaces.sty)) (/home/barberb/.local/share/vericodegen-texlive/.TinyTeX/texmf-dist/tex/latex/natbib/natbib.sty) (/home/barberb/.local/share/vericodegen-texlive/.TinyTeX/texmf-dist/tex/latex/geometry/geometry.sty (/home/barberb/.local/share/vericodegen-texlive/.TinyTeX/texmf-dist/tex/latex/graphics/keyval.sty) (/home/barberb/.local/share/vericodegen-texlive/.TinyTeX/texmf-dist/tex/generic/iftex/ifvtex.sty (/home/barberb/.local/share/vericodegen-texlive/.TinyTeX/texmf-dist/tex/generic/iftex/iftex.sty))) (/home/barberb/.local/share/vericodegen-texlive/.TinyTeX/texmf-dist/tex/latex/lineno/lineno.sty (/home/barberb/.local/share/vericodegen-texlive/.TinyTeX/texmf-dist/tex/latex/etoolbox/etoolbox.sty) (/home/barberb/.local/share/vericodegen-texlive/.TinyTeX/texmf-dist/tex/latex/kvoptions/kvoptions.sty (/home/barberb/.local/share/vericodegen-texlive/.TinyTeX/texmf-dist/tex/generic/ltxcmds/ltxcmds.sty) (/home/barberb/.local/share/vericodegen-texlive/.TinyTeX/texmf-dist/tex/latex/kvsetkeys/kvsetkeys.sty)))) (/home/barberb/.local/share/vericodegen-texlive/.TinyTeX/texmf-dist/tex/latex/base/inputenc.sty) (/home/barberb/.local/share/vericodegen-texlive/.TinyTeX/texmf-dist/tex/latex/base/fontenc.sty (/home/barberb/.local/share/vericodegen-texlive/.TinyTeX/texmf-dist/tex/latex/psnfss/t1ptm.fd)) (/home/barberb/.local/share/vericodegen-texlive/.TinyTeX/texmf-dist/tex/latex/amsmath/amsmath.sty
For additional information on amsmath, use the `?' option.
(/home/barberb/.local/share/vericodegen-texlive/.TinyTeX/texmf-dist/tex/latex/amsmath/amstext.sty (/home/barberb/.local/share/vericodegen-texlive/.TinyTeX/texmf-dist/tex/latex/amsmath/amsgen.sty)) (/home/barberb/.local/share/vericodegen-texlive/.TinyTeX/texmf-dist/tex/latex/amsmath/amsbsy.sty) (/home/barberb/.local/share/vericodegen-texlive/.TinyTeX/texmf-dist/tex/latex/amsmath/amsopn.sty)) (/home/barberb/.local/share/vericodegen-texlive/.TinyTeX/texmf-dist/tex/latex/amsfonts/amssymb.sty (/home/barberb/.local/share/vericodegen-texlive/.TinyTeX/texmf-dist/tex/latex/amsfonts/amsfonts.sty)) (/home/barberb/.local/share/vericodegen-texlive/.TinyTeX/texmf-dist/tex/latex/base/alltt.sty) (/home/barberb/.local/share/vericodegen-texlive/.TinyTeX/texmf-dist/tex/latex/booktabs/booktabs.sty) (/home/barberb/.local/share/vericodegen-texlive/.TinyTeX/texmf-dist/tex/latex/microtype/microtype.sty (/home/barberb/.local/share/vericodegen-texlive/.TinyTeX/texmf-dist/tex/latex/microtype/microtype-pdftex.def) (/home/barberb/.local/share/vericodegen-texlive/.TinyTeX/texmf-dist/tex/latex/microtype/microtype.cfg)) (/home/barberb/.local/share/vericodegen-texlive/.TinyTeX/texmf-dist/tex/latex/url/url.sty) (/home/barberb/.local/share/vericodegen-texlive/.TinyTeX/texmf-dist/tex/latex/hyperref/hyperref.sty (/home/barberb/.local/share/vericodegen-texlive/.TinyTeX/texmf-dist/tex/generic/kvdefinekeys/kvdefinekeys.sty) (/home/barberb/.local/share/vericodegen-texlive/.TinyTeX/texmf-dist/tex/generic/pdfescape/pdfescape.sty (/home/barberb/.local/share/vericodegen-texlive/.TinyTeX/texmf-dist/tex/generic/pdftexcmds/pdftexcmds.sty (/home/barberb/.local/share/vericodegen-texlive/.TinyTeX/texmf-dist/tex/generic/infwarerr/infwarerr.sty))) (/home/barberb/.local/share/vericodegen-texlive/.TinyTeX/texmf-dist/tex/latex/hycolor/hycolor.sty) (/home/barberb/.local/share/vericodegen-texlive/.TinyTeX/texmf-dist/tex/latex/hyperref/nameref.sty (/home/barberb/.local/share/vericodegen-texlive/.TinyTeX/texmf-dist/tex/latex/refcount/refcount.sty) (/home/barberb/.local/share/vericodegen-texlive/.TinyTeX/texmf-dist/tex/generic/gettitlestring/gettitlestring.sty)) (/home/barberb/.local/share/vericodegen-texlive/.TinyTeX/texmf-dist/tex/generic/stringenc/stringenc.sty) (/home/barberb/.local/share/vericodegen-texlive/.TinyTeX/texmf-dist/tex/latex/hyperref/pd1enc.def) (/home/barberb/.local/share/vericodegen-texlive/.TinyTeX/texmf-dist/tex/generic/intcalc/intcalc.sty) (/home/barberb/.local/share/vericodegen-texlive/.TinyTeX/texmf-dist/tex/latex/hyperref/puenc.def) (/home/barberb/.local/share/vericodegen-texlive/.TinyTeX/texmf-dist/tex/generic/bitset/bitset.sty (/home/barberb/.local/share/vericodegen-texlive/.TinyTeX/texmf-dist/tex/generic/bigintcalc/bigintcalc.sty))) (/home/barberb/.local/share/vericodegen-texlive/.TinyTeX/texmf-dist/tex/latex/hyperref/hpdftex.def (/home/barberb/.local/share/vericodegen-texlive/.TinyTeX/texmf-dist/tex/latex/rerunfilecheck/rerunfilecheck.sty (/home/barberb/.local/share/vericodegen-texlive/.TinyTeX/texmf-dist/tex/generic/uniquecounter/uniquecounter.sty))) (/home/barberb/.local/share/vericodegen-texlive/.TinyTeX/texmf-dist/tex/latex/l3kernel/l3backend-pdftex.def) (./main.aux)
*geometry* driver: auto-detecting
*geometry* detected driver: pdftex
*geometry* verbose mode - [ preamble ] result:
* driver: pdftex
* paper: letterpaper
* layout: <same size as paper>
* layoutoffset:(h,v)=(0.0pt,0.0pt)
* modes: 
* h-part:(L,W,R)=(92.14519pt, 430.00462pt, 92.14519pt)
* v-part:(T,H,B)=(95.39737pt, 556.47656pt, 143.09605pt)
* \paperwidth=614.295pt
* \paperheight=794.96999pt
* \textwidth=430.00462pt
* \textheight=556.47656pt
* \oddsidemargin=19.8752pt
* \evensidemargin=19.8752pt
* \topmargin=-13.87262pt
* \headheight=12.0pt
* \headsep=25.0pt
* \topskip=10.0pt
* \footskip=30.0pt
* \marginparwidth=65.0pt
* \marginparsep=11.0pt
* \columnsep=10.0pt
* \skip\footins=9.0pt plus 4.0pt minus 2.0pt
* \hoffset=0.0pt
* \voffset=0.0pt
* \mag=1000
* \@twocolumnfalse
* \@twosidefalse
* \@mparswitchfalse
* \@reversemarginfalse
* (1in=72.27pt=25.4mm, 1cm=28.453pt)

*geometry* verbose mode - [ newgeometry ] result:
* driver: pdftex
* paper: letterpaper
* layout: <same size as paper>
* layoutoffset:(h,v)=(0.0pt,0.0pt)
* modes: 
* h-part:(L,W,R)=(108.405pt, 397.48499pt, 108.40501pt)
* v-part:(T,H,B)=(72.26999pt, 650.43pt, 72.27pt)
* \paperwidth=614.295pt
* \paperheight=794.96999pt
* \textwidth=397.48499pt
* \textheight=650.43pt
* \oddsidemargin=36.13501pt
* \evensidemargin=36.13501pt
* \topmargin=-37.0pt
* \headheight=12.0pt
* \headsep=25.0pt
* \topskip=10.0pt
* \footskip=30.0pt
* \marginparwidth=65.0pt
* \marginparsep=11.0pt
* \columnsep=10.0pt
* \skip\footins=9.0pt plus 4.0pt minus 2.0pt
* \hoffset=0.0pt
* \voffset=0.0pt
* \mag=1000
* \@twocolumnfalse
* \@twosidefalse
* \@mparswitchfalse
* \@reversemarginfalse
* (1in=72.27pt=25.4mm, 1cm=28.453pt)

(/home/barberb/.local/share/vericodegen-texlive/.TinyTeX/texmf-dist/tex/latex/microtype/mt-ptm.cfg) (./main.out) (./main.out) (/home/barberb/.local/share/vericodegen-texlive/.TinyTeX/texmf-dist/tex/latex/psnfss/t1phv.fd) [1{/home/barberb/.local/share/vericodegen-texlive/.TinyTeX/texmf-var/fonts/map/pdftex/updmap/pdftex.map}{/home/barberb/.local/share/vericodegen-texlive/.TinyTeX/texmf-dist/fonts/enc/dvips/base/8r.enc}{/home/barberb/.local/share/vericodegen-texlive/.TinyTeX/texmf-dist/fonts/enc/dvips/cm-super/cm-super-t1.enc}] (/home/barberb/.local/share/vericodegen-texlive/.TinyTeX/texmf-dist/tex/latex/microtype/mt-cmr.cfg) (/home/barberb/.local/share/vericodegen-texlive/.TinyTeX/texmf-dist/tex/latex/amsfonts/umsa.fd) (/home/barberb/.local/share/vericodegen-texlive/.TinyTeX/texmf-dist/tex/latex/microtype/mt-msa.cfg) (/home/barberb/.local/share/vericodegen-texlive/.TinyTeX/texmf-dist/tex/latex/amsfonts/umsb.fd) (/home/barberb/.local/share/vericodegen-texlive/.TinyTeX/texmf-dist/tex/latex/microtype/mt-msb.cfg) [2] [3] [4]
Underfull \vbox (badness 2452) has occurred while \output is active
Underfull \vbox (badness 2452) has occurred while \output is active [5] [6] [7] [8]
Underfull \hbox (badness 1824) in paragraph at lines 804--805
[]\T1/ptm/m/n/10 (+20) George C. Nec-ula. Proof-carrying code. POPL, 1997, pp. 106^^U119. DOI: 10.1145/
[9] [10] [11] [12] [13] [14] [15] [16] [17] [18] [19]
Underfull \vbox (badness 6859) has occurred while \output is active
Underfull \vbox (badness 6859) has occurred while \output is active [20] [21] [22] [23] [24] (./main.aux) )
(see the transcript file for additional information)</home/barberb/.local/share/vericodegen-texlive/.TinyTeX/texmf-dist/fonts/type1/public/amsfonts/cm/cmmi10.pfb></home/barberb/.local/share/vericodegen-texlive/.TinyTeX/texmf-dist/fonts/type1/public/amsfonts/cm/cmr10.pfb></home/barberb/.local/share/vericodegen-texlive/.TinyTeX/texmf-dist/fonts/type1/public/amsfonts/cm/cmsy10.pfb></home/barberb/.local/share/vericodegen-texlive/.TinyTeX/texmf-dist/fonts/type1/public/amsfonts/cm/cmsy7.pfb></home/barberb/.local/share/vericodegen-texlive/.TinyTeX/texmf-dist/fonts/type1/public/cm-super/sftt0800.pfb></home/barberb/.local/share/vericodegen-texlive/.TinyTeX/texmf-dist/fonts/type1/public/cm-super/sftt1000.pfb></home/barberb/.local/share/vericodegen-texlive/.TinyTeX/texmf-dist/fonts/type1/urw/helvetic/uhvr8a.pfb></home/barberb/.local/share/vericodegen-texlive/.TinyTeX/texmf-dist/fonts/type1/urw/times/utmb8a.pfb></home/barberb/.local/share/vericodegen-texlive/.TinyTeX/texmf-dist/fonts/type1/urw/times/utmr8a.pfb>
Output written on main.pdf (24 pages, 238331 bytes).
Transcript written on main.log.
Latexmk: Getting log file 'main.log'
Latexmk: Examining 'main.fls'
Latexmk: Examining 'main.log'
Latexmk: Log file says output to 'main.pdf'
Latexmk: All targets (main.pdf) are up-to-date

