{
  "task": "NS-001",
  "artifact_integrity_valid": true,
  "current_outputs_checked": true,
  "completed_at": "2026-09-11T16:09:36.835470+00:00",
  "outputs": {
    "papers/completion/neurosymbolic_supervision/manuscript/main.tex": "papers/completion/neurosymbolic_supervision/receipts/snapshots/NS-001/manuscript/main.tex",
    "papers/completion/neurosymbolic_supervision/manuscript/references.bib": "papers/completion/neurosymbolic_supervision/receipts/snapshots/NS-001/manuscript/references.bib",
    "papers/completion/neurosymbolic_supervision/manuscript/BUILD.md": "papers/completion/neurosymbolic_supervision/receipts/snapshots/NS-001/manuscript/BUILD.md",
    "papers/completion/neurosymbolic_supervision/audit/source_recovery.md": "papers/completion/neurosymbolic_supervision/receipts/snapshots/NS-001/audit/source_recovery.md",
    "papers/completion/neurosymbolic_supervision/audit/reconstruction_discrepancies.json": "papers/completion/neurosymbolic_supervision/receipts/snapshots/NS-001/audit/reconstruction_discrepancies.json"
  },
  "artifacts": {
    "papers/completion/neurosymbolic_supervision/receipts/snapshots/NS-001/manuscript/main.tex": "46a14011d3ec69cf2b399d310b830901a59c4d50bb4834142103c5f171a70585",
    "papers/completion/neurosymbolic_supervision/receipts/snapshots/NS-001/manuscript/references.bib": "50210fe9cc5425a8c2e19a8df41116901be6f988b061678a22f2568d66db384c",
    "papers/completion/neurosymbolic_supervision/receipts/snapshots/NS-001/manuscript/BUILD.md": "b78a1cfa2b0efafee95e303acfa29c4fb724699d95c08ea921ced37349a4d51b",
    "papers/completion/neurosymbolic_supervision/receipts/snapshots/NS-001/audit/source_recovery.md": "eb12ebe30bfe5c0bb13f4bfa77971a09ce9ff4f3d408dd7fc01e8a1e521c7338",
    "papers/completion/neurosymbolic_supervision/receipts/snapshots/NS-001/audit/reconstruction_discrepancies.json": "3e75bffe0811e45d58738dc86dccc069bffe2d7e3a2faa4c64e8847e4b2ad89e",
    "papers/completion/neurosymbolic_supervision/receipts/snapshots/NS-001/manuscript/abstract.tex": "886f7c40385bc1e26c701e8717eaf82689f05486f3db50ae32cf28e9a86c71a8",
    "papers/completion/neurosymbolic_supervision/receipts/snapshots/NS-001/manuscript/transcription.tex": "5892b1be44d36ce09f3714280eae6837561168c656b8d4ef93944418016d9374",
    "papers/completion/neurosymbolic_supervision/receipts/snapshots/NS-001/manuscript/references.tex": "78567864373c117ff64c0c39bac7c8872587887716eae27c84164030bd18adc1",
    "papers/completion/neurosymbolic_supervision/receipts/snapshots/NS-001/manuscript/neurips_2026_vericode.sty": "2944ec0d4f64dba353827e9ead104da1a9ac81b4057f4ff40969c693632a1e11",
    "papers/completion/neurosymbolic_supervision/receipts/snapshots/NS-001/manuscript/checklist.tex": "780ba13c480f652dcc42e69ed61a752ce0ea270f15d332d4a45b059dabad84f6",
    "papers/completion/neurosymbolic_supervision/receipts/snapshots/NS-001/manuscript/check_reconstruction.py": "10dba01affc767196c687e46d461c71f66166162d8004bf35a278984dd650b51",
    "papers/completion/neurosymbolic_supervision/receipts/snapshots/NS-001/manuscript/main.pdf": "04d35d9d5cbb39ebf6b31bf08f030124549151244e0efd53d70c2b3f104fca7f",
    "papers/completion/neurosymbolic_supervision/receipts/snapshots/NS-001/audit/NS-001-build.log": "876c172d2c96ffafe5ff5e54464a4f35ed37b69602af8108588fa39ff0c0a89e",
    "papers/completion/neurosymbolic_supervision/receipts/snapshots/NS-001/audit/NS-001-reconstruction-check.log": "fddb292aea96d629f08e13475ea2da57eb5e31f2672d92c64fad4231b4a1504a",
    "papers/completion/neurosymbolic_supervision/receipts/snapshots/NS-001/audit/NS-001-tool-versions.json": "ef0a58ae4a2d90423841494f4bf77676b01a54af660b281b4175147b75e7489d",
    "papers/completion/neurosymbolic_supervision/receipts/snapshots/NS-001/inputs/vericodegen_neurosymbolic_supervision_workshop_draft.pdf": "2e4c0efda38036ad25a346200687bed3fb6ad20966400927b3f048f8caefacae",
    "papers/completion/neurosymbolic_supervision/receipts/snapshots/NS-001/inputs/paper_extracted.txt": "809af88bfd4e8f78fc7fbc7c067dc5d41392c6c2d4aaf75ec02ec813036a23a4",
    "papers/completion/neurosymbolic_supervision/receipts/snapshots/NS-001/inputs/neurips_2026_vericode_workshop.tex": "c1c74133705d906972ee7571ee34f57122da5088e9f09ffe9dacb01cf0db1250",
    "papers/completion/neurosymbolic_supervision/receipts/snapshots/NS-001/inputs/neurips_2026_vericode.sty": "2944ec0d4f64dba353827e9ead104da1a9ac81b4057f4ff40969c693632a1e11",
    "papers/completion/neurosymbolic_supervision/receipts/snapshots/NS-001/inputs/checklist.tex": "780ba13c480f652dcc42e69ed61a752ce0ea270f15d332d4a45b059dabad84f6",
    "papers/completion/neurosymbolic_supervision/receipts/snapshots/NS-001/inputs/source_inputs.json": "c3ceaa366d6e3427140d5df302a761303921e95c9124375897bd0936f295241f",
    "papers/completion/neurosymbolic_supervision/receipts/snapshots/NS-001/visual_reference/ns-source-page2.png": "d5388d9f1c1800be46fc688b6f42ff01e519e2ac0bd38bab9ac54117cfa5673c",
    "papers/completion/neurosymbolic_supervision/receipts/snapshots/NS-001/visual_reference/ns-source-page7.png": "16becdd102dc3a4e2ab734976fe4148d2be3e6a97b625a9321b9b2d6ffbd9904",
    "papers/completion/neurosymbolic_supervision/receipts/snapshots/NS-001/visual_reference/ns-source-page22.png": "d3cf34f2713e6a8d8f7a4b863bb92b872ad7b56e6105815ebe3fb2ca9a192799",
    "papers/completion/neurosymbolic_supervision/receipts/snapshots/NS-001/visual_reference/ns-source-page25.png": "c8acc8675a1644ba2e6398056e2893dea6ff1cc048a264ede8b204aad794802c",
    "papers/completion/neurosymbolic_supervision/receipts/snapshots/NS-001/visual_reference/ns-source-page26.png": "3dad2d31a8b01b8c60daf7123030f146fd15b3dd23840e5dc267f555f16d7112",
    "papers/completion/neurosymbolic_supervision/receipts/snapshots/NS-001/audit/NS-001-equation-visual-check.json": "04299aaaef2b2cac48b448760c4ea421b79e9a44fa763fda53539d4be8518055"
  },
  "limitation": "Recorded evidence is checked; this is not independent scientific replication."
}
