tests/test_toml_document.py::test_document_is_a_dict
tests/test_toml_document.py::test_toml_document_without_super_tables
tests/test_toml_document.py::test_toml_document_unwrap
tests/test_toml_document.py::test_toml_document_with_dotted_keys
tests/test_toml_document.py::test_toml_document_super_table_with_different_sub_sections
tests/test_toml_document.py::test_adding_an_element_to_existing_table_with_ws_remove_ws
tests/test_toml_document.py::test_document_with_aot_after_sub_tables
tests/test_toml_document.py::test_subtable_of_aot_element_after_other_table
tests/test_toml_document.py::test_document_with_new_sub_table_after_other_table
tests/test_toml_document.py::test_document_with_new_sub_table_after_other_table_delete
tests/test_toml_document.py::test_document_with_new_sub_table_after_other_table_replace
tests/test_toml_document.py::test_inserting_after_element_with_no_new_line_adds_a_new_line
tests/test_toml_document.py::test_inserting_after_deletion
tests/test_toml_document.py::test_toml_document_with_dotted_keys_inside_table
tests/test_toml_document.py::test_toml_document_with_super_aot_after_super_table
tests/test_toml_document.py::test_toml_document_has_always_a_new_line_after_table_header
tests/test_toml_document.py::test_toml_document_is_pickable
tests/test_toml_document.py::test_toml_document_set_super_table_element
tests/test_toml_document.py::test_toml_document_can_be_copied
tests/test_toml_document.py::test_getting_inline_table_is_still_an_inline_table
tests/test_toml_document.py::test_declare_sub_table_with_intermediate_table
tests/test_toml_document.py::test_values_can_still_be_set_for_out_of_order_tables
tests/test_toml_document.py::test_out_of_order_table_can_add_multiple_tables
tests/test_toml_document.py::test_unwrap_out_of_order_tables
tests/test_toml_document.py::test_unwrap_preserves_raise_on_invalid_out_of_order_fragment
tests/test_toml_document.py::test_reject_out_of_order_dotted_key_redefinition_at_parse
tests/test_toml_document.py::test_reject_out_of_order_dotted_prefix_at_parse
tests/test_toml_document.py::test_valid_out_of_order_independent_tables
tests/test_toml_document.py::test_set_value_on_out_of_order_table_with_empty_concrete_part
tests/test_toml_document.py::test_out_of_order_table_merges_aot_fragments
tests/test_toml_document.py::test_out_of_order_table_merges_three_aot_fragments
tests/test_toml_document.py::test_out_of_order_tables_are_still_dicts
tests/test_toml_document.py::test_string_output_order_is_preserved_for_out_of_order_tables
tests/test_toml_document.py::test_remove_from_out_of_order_table
tests/test_toml_document.py::test_update_nested_out_of_order_table
tests/test_toml_document.py::test_updating_nested_value_keeps_correct_indent
tests/test_toml_document.py::test_repr
tests/test_toml_document.py::test_repr_out_of_order_table_proxy
tests/test_toml_document.py::test_deepcopy
tests/test_toml_document.py::test_move_table
tests/test_toml_document.py::test_replace_with_table
tests/test_toml_document.py::test_replace_table_with_value
tests/test_toml_document.py::test_replace_middle_table_with_value
tests/test_toml_document.py::test_replace_preserve_sep
tests/test_toml_document.py::test_replace_super_table_preserves_whitespace
tests/test_toml_document.py::test_replace_table_with_itself_preserves_display_name
tests/test_toml_document.py::test_replace_with_table_of_nested
tests/test_toml_document.py::test_replace_with_aot_of_nested
tests/test_toml_document.py::test_replace_dotted_key_with_table
tests/test_toml_document.py::test_replace_dotted_key_with_empty_table_keeps_following_sibling
tests/test_toml_document.py::test_replace_dotted_key_with_table_keeps_following_sibling
tests/test_toml_document.py::test_replace_dotted_key_with_aot_keeps_following_sibling
tests/test_toml_document.py::test_replace_value_with_table_keeps_following_dotted_sibling
tests/test_toml_document.py::test_replace_with_comment
tests/test_toml_document.py::test_no_spurious_whitespaces
tests/test_toml_document.py::test_pop_add_whitespace_and_insert_table_work_togheter
tests/test_toml_document.py::test_add_newline_before_super_table
tests/test_toml_document.py::test_remove_item_from_super_table
tests/test_toml_document.py::test_nested_table_update_display_name
tests/test_toml_document.py::test_build_table_with_dotted_key
tests/test_toml_document.py::test_parse_subtables_no_extra_indent
tests/test_toml_document.py::test_item_preserves_the_order
tests/test_toml_document.py::test_delete_out_of_order_table_key
tests/test_toml_document.py::test_overwrite_out_of_order_table_key
tests/test_toml_document.py::test_set_default_int
tests/test_toml_document.py::test_overwriting_out_of_order_table
tests/test_toml_document.py::test_delete_key_from_out_of_order_table
tests/test_toml_document.py::test_parse_aot_without_ending_newline
tests/test_toml_document.py::test_add_key_after_dotted_inline_table_without_ending_newline
tests/test_toml_document.py::test_appending_to_super_table

70 tests collected in 0.09s
