tests/test_address.py::IPv4Tests::test_invalid
tests/test_address.py::IPv4Tests::test_valid
tests/test_address.py::IPv6Tests::test_invalid
tests/test_address.py::IPv6Tests::test_valid
tests/test_async.py::AsyncDetectionTests::test_get_default_backend
tests/test_async.py::AsyncDetectionTests::test_sniff
tests/test_async.py::NoSniffioAsyncDetectionTests::test_get_default_backend
tests/test_async.py::NoSniffioAsyncDetectionTests::test_sniff
tests/test_async.py::MiscBackend::test_bogus_backend
tests/test_async.py::MiscBackend::test_sniff_without_run_loop
tests/test_async.py::MiscQuery::test_source_tuple
tests/test_async.py::AsyncTests::testCanonicalNameCNAME
tests/test_async.py::AsyncTests::testCanonicalNameDangling
tests/test_async.py::AsyncTests::testCanonicalNameNoCNAME
tests/test_async.py::AsyncTests::testDOHGetRequest
tests/test_async.py::AsyncTests::testDOHPostRequest
tests/test_async.py::AsyncTests::testDoH3GetRequest
tests/test_async.py::AsyncTests::testQueryTCP
tests/test_async.py::AsyncTests::testQueryTCPWithSocket
tests/test_async.py::AsyncTests::testQueryTLS
tests/test_async.py::AsyncTests::testQueryTLSWithContext
tests/test_async.py::AsyncTests::testQueryTLSWithSocket
tests/test_async.py::AsyncTests::testQueryUDP
tests/test_async.py::AsyncTests::testQueryUDPFallback
tests/test_async.py::AsyncTests::testQueryUDPFallbackNoFallback
tests/test_async.py::AsyncTests::testQueryUDPWithSocket
tests/test_async.py::AsyncTests::testResolve
tests/test_async.py::AsyncTests::testResolveAddress
tests/test_async.py::AsyncTests::testResolveAtAddress
tests/test_async.py::AsyncTests::testResolveAtName
tests/test_async.py::AsyncTests::testResolveName
tests/test_async.py::AsyncTests::testResolverDOH
tests/test_async.py::AsyncTests::testSleep
tests/test_async.py::AsyncTests::testUDPReceiveQuery
tests/test_async.py::AsyncTests::testUDPReceiveTimeout
tests/test_async.py::AsyncTests::testZoneForName1
tests/test_async.py::AsyncTests::testZoneForName2
tests/test_async.py::AsyncTests::testZoneForName3
tests/test_async.py::AsyncTests::testZoneForName4
tests/test_async.py::AsyncioOnlyTests::testUseAfterTimeout
tests/test_async.py::IgnoreErrors::test_bad_address
tests/test_async.py::IgnoreErrors::test_bad_address_not_ignored
tests/test_async.py::IgnoreErrors::test_bad_id
tests/test_async.py::IgnoreErrors::test_bad_id_not_ignored
tests/test_async.py::IgnoreErrors::test_bad_wire
tests/test_async.py::IgnoreErrors::test_bad_wire_not_ignored
tests/test_async.py::IgnoreErrors::test_good_mock
tests/test_async.py::IgnoreErrors::test_good_wire_with_truncation_flag_and_no_truncation_raise
tests/test_async.py::IgnoreErrors::test_good_wire_with_truncation_flag_and_truncation_raise
tests/test_async.py::IgnoreErrors::test_not_response_not_ignored_udp_level
tests/test_async.py::IgnoreErrors::test_trailing_wire
tests/test_async.py::IgnoreErrors::test_trailing_wire_not_ignored
tests/test_async.py::IgnoreErrors::test_wrong_id_wire_with_truncation_flag_and_no_truncation_raise
tests/test_async.py::IgnoreErrors::test_wrong_id_wire_with_truncation_flag_and_truncation_raise
tests/test_btree.py::test_replace
tests/test_btree.py::test_min_max
tests/test_btree.py::test_nonexistent
tests/test_btree.py::test_in_order
tests/test_btree.py::test_random_trees
tests/test_btree.py::test_random_trees_no_in_order_optimization
tests/test_btree.py::test_cow
tests/test_btree.py::test_cow_minimality
tests/test_btree.py::test_cursor_seek
tests/test_btree.py::test_cursor_seek_before_and_after
tests/test_btree.py::test_cursor_reversing_in_parentnode
tests/test_btree.py::test_cursor_empty_tree_seeks
tests/test_btree.py::test_parking
tests/test_btree.py::test_automatic_parking
tests/test_btree.py::test_visit_in_order
tests/test_btree.py::test_visit_preorder_by_node
tests/test_btree.py::test_exact_delete
tests/test_btree.py::test_find_nonexistent_node
tests/test_btree.py::test_t_too_small
tests/test_btree.py::test_immutable_idempotent
tests/test_btree.py::test_btree_set
tests/test_btreezone.py::test_node_flags_absolute
tests/test_btreezone.py::test_node_flags_relative
tests/test_btreezone.py::test_flags_in_constructor
tests/test_btreezone.py::test_obscure_and_expose_absolute
tests/test_btreezone.py::test_obscure_and_expose_relative
tests/test_btreezone.py::test_delegations_absolute
tests/test_btreezone.py::test_delegations_relative
tests/test_btreezone.py::test_bounds_absolute
tests/test_btreezone.py::test_bounds_relative
tests/test_bugs.py::BugsTestCase::test_CAA_from_wire
tests/test_bugs.py::BugsTestCase::test_SOA_BIND8_TTL
tests/test_bugs.py::BugsTestCase::test_TXT_conversions
tests/test_bugs.py::BugsTestCase::test_empty_NSEC3_window
tests/test_bugs.py::BugsTestCase::test_float_LOC
tests/test_bugs.py::BugsTestCase::test_trailing_zero_APL
tests/test_bugs.py::BugsTestCase::test_zero_size_APL
tests/test_constants.py::ConstantsTestCase::test_dnssec_constants
tests/test_constants.py::ConstantsTestCase::test_edns_constants
tests/test_constants.py::ConstantsTestCase::test_flags_constants
tests/test_constants.py::ConstantsTestCase::test_message_constants
tests/test_constants.py::ConstantsTestCase::test_rdata_constants
tests/test_ddr.py::test_basic_ddr_sync
tests/test_ddr.py::test_basic_ddr_async
tests/test_dnssec.py::DNSSECValidatorTestCase::testAbsoluteDSABad
tests/test_dnssec.py::DNSSECValidatorTestCase::testAbsoluteDSAGood
tests/test_dnssec.py::DNSSECValidatorTestCase::testAbsoluteDSAGoodDeniedByPolicy
tests/test_dnssec.py::DNSSECValidatorTestCase::testAbsoluteECDSA256Bad
tests/test_dnssec.py::DNSSECValidatorTestCase::testAbsoluteECDSA256Good
tests/test_dnssec.py::DNSSECValidatorTestCase::testAbsoluteECDSA384Bad
tests/test_dnssec.py::DNSSECValidatorTestCase::testAbsoluteECDSA384Good
tests/test_dnssec.py::DNSSECValidatorTestCase::testAbsoluteED25519Bad
tests/test_dnssec.py::DNSSECValidatorTestCase::testAbsoluteED25519Good
tests/test_dnssec.py::DNSSECValidatorTestCase::testAbsoluteED448Bad
tests/test_dnssec.py::DNSSECValidatorTestCase::testAbsoluteED448Good
tests/test_dnssec.py::DNSSECValidatorTestCase::testAbsoluteKeyNotFound
tests/test_dnssec.py::DNSSECValidatorTestCase::testAbsoluteRSABad
tests/test_dnssec.py::DNSSECValidatorTestCase::testAbsoluteRSAGood
tests/test_dnssec.py::DNSSECValidatorTestCase::testAbsoluteRSAMD5Good
tests/test_dnssec.py::DNSSECValidatorTestCase::testAbsoluteRSAMD5GoodDeniedByPolicy
tests/test_dnssec.py::DNSSECValidatorTestCase::testAbsoluteRSASHA512Good
tests/test_dnssec.py::DNSSECValidatorTestCase::testAlternateParameterFormats
tests/test_dnssec.py::DNSSECValidatorTestCase::testCandidateKeyMustBeProtocol3
tests/test_dnssec.py::DNSSECValidatorTestCase::testCandidateKeyMustHaveZoneFlag
tests/test_dnssec.py::DNSSECValidatorTestCase::testDuplicateKeytag
tests/test_dnssec.py::DNSSECValidatorTestCase::testGOSTNotSupported
tests/test_dnssec.py::DNSSECValidatorTestCase::testGoodCandidateKeyIsFound
tests/test_dnssec.py::DNSSECValidatorTestCase::testOwnerNameMismatch
tests/test_dnssec.py::DNSSECValidatorTestCase::testRSAMD5Keyid
tests/test_dnssec.py::DNSSECValidatorTestCase::testRelativeRSABad
tests/test_dnssec.py::DNSSECValidatorTestCase::testRelativeRSAGood
tests/test_dnssec.py::DNSSECValidatorTestCase::testTimeBounds
tests/test_dnssec.py::DNSSECValidatorTestCase::testUnknownAlgorithm
tests/test_dnssec.py::DNSSECValidatorTestCase::testWildcardGoodAndBad
tests/test_dnssec.py::DNSSECMiscTestCase::testDigestToBig
tests/test_dnssec.py::DNSSECMiscTestCase::testInceptionExpiration
tests/test_dnssec.py::DNSSECMiscTestCase::testNSEC3HashTooBig
tests/test_dnssec.py::DNSSECMiscTestCase::testToTimestamp
tests/test_dnssec.py::DNSSECMiscTestCase::test_sign_zone_absolute
tests/test_dnssec.py::DNSSECMiscTestCase::test_sign_zone_initially_empty
tests/test_dnssec.py::DNSSECMiscTestCase::test_sign_zone_nsec_null_signer
tests/test_dnssec.py::DNSSECMiscTestCase::test_sign_zone_relative
tests/test_dnssec.py::DNSSECMakeDSTestCase::testInvalidAlgorithm
tests/test_dnssec.py::DNSSECMakeDSTestCase::testInvalidDigestLength
tests/test_dnssec.py::DNSSECMakeDSTestCase::testInvalidDigestLengthCDS0
tests/test_dnssec.py::DNSSECMakeDSTestCase::testMakeCDS
tests/test_dnssec.py::DNSSECMakeDSTestCase::testMakeExampleSHA1DS
tests/test_dnssec.py::DNSSECMakeDSTestCase::testMakeExampleSHA1DSDeniedByPolicy
tests/test_dnssec.py::DNSSECMakeDSTestCase::testMakeExampleSHA1DSValidationOkByPolicy
tests/test_dnssec.py::DNSSECMakeDSTestCase::testMakeExampleSHA256DS
tests/test_dnssec.py::DNSSECMakeDSTestCase::testMakeExampleSHA384DS
tests/test_dnssec.py::DNSSECMakeDSTestCase::testMakeManyDSfromCDS
tests/test_dnssec.py::DNSSECMakeDSTestCase::testMakeManyDSfromDNSKEY
tests/test_dnssec.py::DNSSECMakeDSTestCase::testMakeSHA256CDS
tests/test_dnssec.py::DNSSECMakeDSTestCase::testMakeSHA256DS
tests/test_dnssec.py::DNSSECMakeDSTestCase::testMnemonicParser
tests/test_dnssec.py::DNSSECMakeDSTestCase::testReservedDigestType
tests/test_dnssec.py::DNSSECMakeDSTestCase::testUnknownDigestType
tests/test_dnssec.py::DNSSECMakeDNSKEYTestCase::testInvalidMakeDNSKEY
tests/test_dnssec.py::DNSSECMakeDNSKEYTestCase::testKnownDNSKEYs
tests/test_dnssec.py::DNSSECMakeDNSKEYTestCase::testMakeCDNSKEY
tests/test_dnssec.py::DNSSECSignatureTestCase::testDeterministicSignatureECDSAP256SHA256
tests/test_dnssec.py::DNSSECSignatureTestCase::testNonDeterministicSignatureECDSAP256SHA256
tests/test_dnssec.py::DNSSECSignatureTestCase::testSignRdataset
tests/test_dnssec.py::DNSSECSignatureTestCase::testSignWildRdataset
tests/test_dnssec.py::DNSSECSignatureTestCase::testSignatureData
tests/test_dnssec.py::DNSSECSignatureTestCase::testSignatureECDSAP256SHA256
tests/test_dnssec.py::DNSSECSignatureTestCase::testSignatureECDSAP384SHA384
tests/test_dnssec.py::DNSSECSignatureTestCase::testSignatureED25519
tests/test_dnssec.py::DNSSECSignatureTestCase::testSignatureED448
tests/test_dnssec.py::DNSSECSignatureTestCase::testSignatureRSASHA1
tests/test_dnssec.py::DNSSECSignatureTestCase::testSignatureRSASHA256
tests/test_dnssecalgs.py::DNSSECAlgorithm::test_algorithm_mismatch
tests/test_dnssecalgs.py::DNSSECAlgorithm::test_dsa
tests/test_dnssecalgs.py::DNSSECAlgorithm::test_ecdsa
tests/test_dnssecalgs.py::DNSSECAlgorithm::test_eddsa
tests/test_dnssecalgs.py::DNSSECAlgorithm::test_rsa
tests/test_dnssecalgs.py::DNSSECAlgorithmPrivateAlgorithm::test_private
tests/test_dnssecalgs.py::DNSSECAlgorithmPrivateAlgorithm::test_register
tests/test_dnssecalgs.py::DNSSECAlgorithmPrivateAlgorithm::test_register_canonical_lookup
tests/test_dnssecalgs.py::DNSSECAlgorithmPrivateAlgorithm::test_register_private_without_prefix
tests/test_doh.py::DNSOverHTTPSTestCasehttpx2::test_build_url_from_ip
tests/test_doh.py::DNSOverHTTPSTestCasehttpx2::test_get_request
tests/test_doh.py::DNSOverHTTPSTestCasehttpx2::test_new_session
tests/test_doh.py::DNSOverHTTPSTestCasehttpx2::test_padded_get
tests/test_doh.py::DNSOverHTTPSTestCasehttpx2::test_post_request
tests/test_doh.py::DNSOverHTTPSTestCasehttpx2::test_resolver
tests/test_doh.py::DNSOverHTTP3TestCase::testDoH3GetRequest
tests/test_doh.py::DNSOverHTTP3TestCase::testDoH3PostRequest
tests/test_doh.py::DNSOverHTTP3TestCase::test_build_url_from_ip
tests/test_doq.py::test_basic_sync
tests/test_doq.py::test_basic_asyncio
tests/test_edns.py::OptionTestCase::testCookieOption
tests/test_edns.py::OptionTestCase::testECSOption
tests/test_edns.py::OptionTestCase::testECSOption25
tests/test_edns.py::OptionTestCase::testECSOption_from_text_invalid
tests/test_edns.py::OptionTestCase::testECSOption_from_text_valid
tests/test_edns.py::OptionTestCase::testECSOption_from_wire_invalid
tests/test_edns.py::OptionTestCase::testECSOption_prefix_length
tests/test_edns.py::OptionTestCase::testECSOption_v6
tests/test_edns.py::OptionTestCase::testEDEExtraTextLanguageOption
tests/test_edns.py::OptionTestCase::testEDEOption
tests/test_edns.py::OptionTestCase::testEDEOption_from_wire
tests/test_edns.py::OptionTestCase::testEDEOption_invalid
tests/test_edns.py::OptionTestCase::testFilteringContactOption
tests/test_edns.py::OptionTestCase::testFilteringDBOption
tests/test_edns.py::OptionTestCase::testFilteringOrganizationOption
tests/test_edns.py::OptionTestCase::testGenericOption
tests/test_edns.py::OptionTestCase::testNSIDOption
tests/test_edns.py::OptionTestCase::testReportChannelOption
tests/test_edns.py::OptionTestCase::test_basic_relations
tests/test_edns.py::OptionTestCase::test_incompatible_relations
tests/test_edns.py::OptionTestCase::test_option_registration
tests/test_edns.py::OptionTestCase::test_to_generic
tests/test_entropy.py::EntropyTestCase::test_functions
tests/test_entropy.py::EntropyTestCase::test_pool
tests/test_entropy.py::EntropyTestCase::test_pool_random
tests/test_entropy.py::EntropyTestCase::test_pool_random_between
tests/test_entropy.py::EntropyForcePoolTestCase::test_functions
tests/test_exceptions.py::ExceptionTestCase::test_custom_message
tests/test_exceptions.py::ExceptionTestCase::test_formatted_error
tests/test_exceptions.py::ExceptionTestCase::test_implicit_message
tests/test_exceptions.py::ExceptionTestCase::test_kwargs_only
tests/test_exceptions.py::ExceptionTestCase::test_kwargs_unsupported
tests/test_features.py::test_tuple_from_text
tests/test_features.py::test_version_check
tests/test_features.py::test_have
tests/test_features.py::test_force
tests/test_flags.py::FlagsTestCase::test_edns_to_text_unknown_flag
tests/test_flags.py::FlagsTestCase::test_flags1
tests/test_flags.py::FlagsTestCase::test_flags2
tests/test_flags.py::FlagsTestCase::test_rcode1
tests/test_flags.py::FlagsTestCase::test_rcode2
tests/test_flags.py::FlagsTestCase::test_rcode3
tests/test_flags.py::FlagsTestCase::test_rcode4
tests/test_flags.py::FlagsTestCase::test_rcode6
tests/test_flags.py::FlagsTestCase::test_rcode7
tests/test_flags.py::FlagsTestCase::test_rcode8
tests/test_flags.py::FlagsTestCase::test_rcode_badsig
tests/test_flags.py::FlagsTestCase::test_rcode_badvers
tests/test_flags.py::FlagsTestCase::test_to_text_unknown_flag
tests/test_flags.py::FlagsTestCase::test_unknown_flag_roundtrip
tests/test_flags.py::FlagsTestCase::test_unknown_rcode
tests/test_generate.py::GenerateTestCase::testBadAndDangling
tests/test_generate.py::GenerateTestCase::testBadRdata
tests/test_generate.py::GenerateTestCase::testClassMismatch
tests/test_generate.py::GenerateTestCase::testFromText
tests/test_generate.py::GenerateTestCase::testFromText1
tests/test_generate.py::GenerateTestCase::testGenerate1
tests/test_generate.py::GenerateTestCase::testGenerate2
tests/test_generate.py::GenerateTestCase::testGenerate3
tests/test_generate.py::GenerateTestCase::testGenerate4
tests/test_generate.py::GenerateTestCase::testGenerate6
tests/test_generate.py::GenerateTestCase::testGenerate7
tests/test_generate.py::GenerateTestCase::testGenerate8
tests/test_generate.py::GenerateTestCase::testIterateAllRdatas2
tests/test_generate.py::GenerateTestCase::testIterateAllRdatas3
tests/test_generate.py::GenerateTestCase::testNoOrigin
tests/test_generate.py::GenerateTestCase::testUnknownRdatatype
tests/test_generate.py::GenerateTestCase::testUsesLastTTL
tests/test_grange.py::GRangeTestCase::testFailFromText1
tests/test_grange.py::GRangeTestCase::testFailFromText2
tests/test_grange.py::GRangeTestCase::testFailFromText3
tests/test_grange.py::GRangeTestCase::testFailFromText4
tests/test_grange.py::GRangeTestCase::testFromText1
tests/test_grange.py::GRangeTestCase::testFromText2
tests/test_grange.py::GRangeTestCase::testFromText3
tests/test_grange.py::GRangeTestCase::testFromText4
tests/test_grange.py::GRangeTestCase::testFromText5
tests/test_grange.py::GRangeTestCase::testFromText6
tests/test_immutable.py::ImmutableTestCase::test_constify
tests/test_immutable.py::ImmutableTestCase::test_immutable_dict_hash
tests/test_immutable.py::ImmutableTestCase::test_immutable_dict_hash_cache
tests/test_immutable.py::DecoratorTestCase::test_basic
tests/test_immutable.py::DecoratorTestCase::test_constructor_deletes_attribute
tests/test_immutable.py::DecoratorTestCase::test_no_collateral_damage
tests/test_message.py::MessageTestCase::test_CleanTruncated
tests/test_message.py::MessageTestCase::test_EDNSVersionCoherence
tests/test_message.py::MessageTestCase::test_EDNSVersionCoherenceWithDNSSEC
tests/test_message.py::MessageTestCase::test_EDNSVersionCoherenceWithoutDNSSEC
tests/test_message.py::MessageTestCase::test_EDNS_default_payload_is_1232
tests/test_message.py::MessageTestCase::test_EDNS_from_wire1
tests/test_message.py::MessageTestCase::test_EDNS_from_wire2
tests/test_message.py::MessageTestCase::test_EDNS_options_wire
tests/test_message.py::MessageTestCase::test_EDNS_to_wire1
tests/test_message.py::MessageTestCase::test_EDNS_to_wire2
tests/test_message.py::MessageTestCase::test_ExtendedRcodeSetting
tests/test_message.py::MessageTestCase::test_FindRRset
tests/test_message.py::MessageTestCase::test_FindRRsetUnindexed
tests/test_message.py::MessageTestCase::test_GetNonexistentRRset
tests/test_message.py::MessageTestCase::test_GetRRset
tests/test_message.py::MessageTestCase::test_GetRRsetStrings
tests/test_message.py::MessageTestCase::test_IDNA_2003
tests/test_message.py::MessageTestCase::test_IDNA_2008
tests/test_message.py::MessageTestCase::test_MakeResponseCopyDefault
tests/test_message.py::MessageTestCase::test_MakeResponseCopyEverything
tests/test_message.py::MessageTestCase::test_MakeResponseCopyNothing
tests/test_message.py::MessageTestCase::test_MakeResponseCopyQuestion
tests/test_message.py::MessageTestCase::test_MessyTruncated
tests/test_message.py::MessageTestCase::test_RespondingToEDNSRequestAndSettingRA
tests/test_message.py::MessageTestCase::test_RespondingToResponse
tests/test_message.py::MessageTestCase::test_SettingEDNSFlagsImpliesEDNS
tests/test_message.py::MessageTestCase::test_SettingEDNSPayloadImpliesEDNS
tests/test_message.py::MessageTestCase::test_SettingEDNSRequestPayloadImpliesEDNS
tests/test_message.py::MessageTestCase::test_SettingNoEDNSOptionsImpliesNoEDNS
tests/test_message.py::MessageTestCase::test_SettingOptionsImpliesEDNS
tests/test_message.py::MessageTestCase::test_ShortHeader
tests/test_message.py::MessageTestCase::test_TooBig
tests/test_message.py::MessageTestCase::test_TrailingJunk
tests/test_message.py::MessageTestCase::test_answer1
tests/test_message.py::MessageTestCase::test_bad_opt
tests/test_message.py::MessageTestCase::test_bad_resolve_chaining
tests/test_message.py::MessageTestCase::test_bad_section_number
tests/test_message.py::MessageTestCase::test_bad_text_questions
tests/test_message.py::MessageTestCase::test_bad_text_rrs
tests/test_message.py::MessageTestCase::test_bad_tsig
tests/test_message.py::MessageTestCase::test_bogus_header
tests/test_message.py::MessageTestCase::test_class
tests/test_message.py::MessageTestCase::test_comparison_eq1
tests/test_message.py::MessageTestCase::test_comparison_ne1
tests/test_message.py::MessageTestCase::test_comparison_ne2
tests/test_message.py::MessageTestCase::test_comparison_ne3
tests/test_message.py::MessageTestCase::test_continue_on_error
tests/test_message.py::MessageTestCase::test_edns_properties
tests/test_message.py::MessageTestCase::test_eflags_turns_on_edns
tests/test_message.py::MessageTestCase::test_explicit_header_comment
tests/test_message.py::MessageTestCase::test_extended_errors
tests/test_message.py::MessageTestCase::test_from_file
tests/test_message.py::MessageTestCase::test_from_wire_makes_Flag
tests/test_message.py::MessageTestCase::test_generic_message_class
tests/test_message.py::MessageTestCase::test_is_a_response_empty_question
tests/test_message.py::MessageTestCase::test_keeping_wire
tests/test_message.py::MessageTestCase::test_more_not_equal_cases
tests/test_message.py::MessageTestCase::test_non_question_setters
tests/test_message.py::MessageTestCase::test_not_a_response
tests/test_message.py::MessageTestCase::test_padding_basic
tests/test_message.py::MessageTestCase::test_padding_various
tests/test_message.py::MessageTestCase::test_padding_with_option
tests/test_message.py::MessageTestCase::test_padding_with_tsig_and_option
tests/test_message.py::MessageTestCase::test_payload_turns_on_edns
tests/test_message.py::MessageTestCase::test_prefer_truncation_additional
tests/test_message.py::MessageTestCase::test_prefer_truncation_answer
tests/test_message.py::MessageTestCase::test_prefer_truncation_edns
tests/test_message.py::MessageTestCase::test_question_only
tests/test_message.py::MessageTestCase::test_read_no_content_message
tests/test_message.py::MessageTestCase::test_recording_wire
tests/test_message.py::MessageTestCase::test_repr
tests/test_message.py::MessageTestCase::test_resolve_chaining_no_infinite_loop
tests/test_message.py::MessageTestCase::test_response_padding
tests/test_message.py::MessageTestCase::test_section_count
tests/test_message.py::MessageTestCase::test_section_count_update
tests/test_message.py::MessageTestCase::test_section_from_number
tests/test_message.py::MessageTestCase::test_setting_flags
tests/test_message.py::MessageTestCase::test_setting_id
tests/test_message.py::MessageTestCase::test_truncated_exception_message
tests/test_message.py::MessageTestCase::test_wanting_DNSSEC_turns_on_EDNS
tests/test_message.py::MessageTestCase::test_wanting_EDNS_true_is_EDNS0
tests/test_name.py::NameTestCase::testAbs1
tests/test_name.py::NameTestCase::testAbs2
tests/test_name.py::NameTestCase::testAbs3
tests/test_name.py::NameTestCase::testAbs4
tests/test_name.py::NameTestCase::testBadDigestable
tests/test_name.py::NameTestCase::testBadEnumToE164
tests/test_name.py::NameTestCase::testBadEscape
tests/test_name.py::NameTestCase::testBadFromWire1
tests/test_name.py::NameTestCase::testBadFromWire2
tests/test_name.py::NameTestCase::testBadFromWire3
tests/test_name.py::NameTestCase::testBadFromWire4
tests/test_name.py::NameTestCase::testBadPunycode
tests/test_name.py::NameTestCase::testBadPunycodeStrict2008
tests/test_name.py::NameTestCase::testBadReverseIPv4
tests/test_name.py::NameTestCase::testBadReverseIPv6
tests/test_name.py::NameTestCase::testBadSplit1
tests/test_name.py::NameTestCase::testBadSplit2
tests/test_name.py::NameTestCase::testBadToWire
tests/test_name.py::NameTestCase::testCanonicalize1
tests/test_name.py::NameTestCase::testChooseRelativity1
tests/test_name.py::NameTestCase::testChooseRelativity2
tests/test_name.py::NameTestCase::testChooseRelativity3
tests/test_name.py::NameTestCase::testChooseRelativity4
tests/test_name.py::NameTestCase::testChooseRelativity5
tests/test_name.py::NameTestCase::testChooseRelativity6
tests/test_name.py::NameTestCase::testChooseRelativity7
tests/test_name.py::NameTestCase::testCodecNotFoundRaises
tests/test_name.py::NameTestCase::testCompare1
tests/test_name.py::NameTestCase::testCompare2
tests/test_name.py::NameTestCase::testCompare3
tests/test_name.py::NameTestCase::testCompare4
tests/test_name.py::NameTestCase::testConcat1
tests/test_name.py::NameTestCase::testConcat2
tests/test_name.py::NameTestCase::testConcat3
tests/test_name.py::NameTestCase::testConcat4
tests/test_name.py::NameTestCase::testConcat5
tests/test_name.py::NameTestCase::testConcat6
tests/test_name.py::NameTestCase::testCopy
tests/test_name.py::NameTestCase::testDeepCopy
tests/test_name.py::NameTestCase::testDefaultDecodeIsJustPunycode
tests/test_name.py::NameTestCase::testDerelativize1
tests/test_name.py::NameTestCase::testDerelativize2
tests/test_name.py::NameTestCase::testDerelativize3
tests/test_name.py::NameTestCase::testDigestable1
tests/test_name.py::NameTestCase::testDigestable2
tests/test_name.py::NameTestCase::testDigestable3
tests/test_name.py::NameTestCase::testDigestable4
tests/test_name.py::NameTestCase::testE164ToEnum
tests/test_name.py::NameTestCase::testEmptyLabel1
tests/test_name.py::NameTestCase::testEmptyLabel2
tests/test_name.py::NameTestCase::testEmptyLabel3
tests/test_name.py::NameTestCase::testEnumToE164
tests/test_name.py::NameTestCase::testForwardIPv4
tests/test_name.py::NameTestCase::testForwardIPv4AlternateOrigin
tests/test_name.py::NameTestCase::testForwardIPv6
tests/test_name.py::NameTestCase::testForwardIPv6AlternateOrigin
tests/test_name.py::NameTestCase::testFromTextAbs1
tests/test_name.py::NameTestCase::testFromTextRel1
tests/test_name.py::NameTestCase::testFromTextRel2
tests/test_name.py::NameTestCase::testFromTextRel3
tests/test_name.py::NameTestCase::testFromTextRel4
tests/test_name.py::NameTestCase::testFromTextRel5
tests/test_name.py::NameTestCase::testFromUnicode1
tests/test_name.py::NameTestCase::testFromUnicode2
tests/test_name.py::NameTestCase::testFromUnicodeAlternateDot1
tests/test_name.py::NameTestCase::testFromUnicodeAlternateDot2
tests/test_name.py::NameTestCase::testFromUnicodeAlternateDot3
tests/test_name.py::NameTestCase::testFromUnicodeAlternateRoot1
tests/test_name.py::NameTestCase::testFromUnicodeAlternateRoot2
tests/test_name.py::NameTestCase::testFromUnicodeAlternateRoot3
tests/test_name.py::NameTestCase::testFromUnicodeBadEscape
tests/test_name.py::NameTestCase::testFromUnicodeEmptyLabel
tests/test_name.py::NameTestCase::testFromUnicodeEmptyName
tests/test_name.py::NameTestCase::testFromUnicodeEscapes
tests/test_name.py::NameTestCase::testFromUnicodeIDNA2003Explicit
tests/test_name.py::NameTestCase::testFromUnicodeIDNA2008
tests/test_name.py::NameTestCase::testFromUnicodeIDNA2008Mixed
tests/test_name.py::NameTestCase::testFromUnicodeRoot
tests/test_name.py::NameTestCase::testFromUnicodeSimpleEscape
tests/test_name.py::NameTestCase::testFromWire1
tests/test_name.py::NameTestCase::testFromWire2
tests/test_name.py::NameTestCase::testGiantCompressionTable
tests/test_name.py::NameTestCase::testHash1
tests/test_name.py::NameTestCase::testIDNA2003Misc
tests/test_name.py::NameTestCase::testIDNA2008Misc
tests/test_name.py::NameTestCase::testINDA2008Decode
tests/test_name.py::NameTestCase::testImmutable1
tests/test_name.py::NameTestCase::testImmutable2
tests/test_name.py::NameTestCase::testLabelTooLong
tests/test_name.py::NameTestCase::testLongLabel
tests/test_name.py::NameTestCase::testLongName
tests/test_name.py::NameTestCase::testNameTooLong
tests/test_name.py::NameTestCase::testNoAttributeDeletion
tests/test_name.py::NameTestCase::testParent1
tests/test_name.py::NameTestCase::testParent2
tests/test_name.py::NameTestCase::testParent3
tests/test_name.py::NameTestCase::testParent4
tests/test_name.py::NameTestCase::testRelativize1
tests/test_name.py::NameTestCase::testRelativize2
tests/test_name.py::NameTestCase::testRelativize3
tests/test_name.py::NameTestCase::testRelativize4
tests/test_name.py::NameTestCase::testRelativizeSubtractionSyntax
tests/test_name.py::NameTestCase::testReverseIPv4
tests/test_name.py::NameTestCase::testReverseIPv4AlternateOrigin
tests/test_name.py::NameTestCase::testReverseIPv6
tests/test_name.py::NameTestCase::testReverseIPv6AlternateOrigin
tests/test_name.py::NameTestCase::testReverseIPv6MappedIpv4
tests/test_name.py::NameTestCase::testRootLabel2003StrictDecode
tests/test_name.py::NameTestCase::testRootLabel2008StrictDecode
tests/test_name.py::NameTestCase::testSlice1
tests/test_name.py::NameTestCase::testSlice2
tests/test_name.py::NameTestCase::testSlice3
tests/test_name.py::NameTestCase::testSplit1
tests/test_name.py::NameTestCase::testSplit2
tests/test_name.py::NameTestCase::testSplit3
tests/test_name.py::NameTestCase::testSplit4
tests/test_name.py::NameTestCase::testStrictINDA2003Decode
tests/test_name.py::NameTestCase::testSubdomain1
tests/test_name.py::NameTestCase::testSubdomain2
tests/test_name.py::NameTestCase::testSubdomain3
tests/test_name.py::NameTestCase::testSubdomain4
tests/test_name.py::NameTestCase::testSubdomain5
tests/test_name.py::NameTestCase::testSuperdomain1
tests/test_name.py::NameTestCase::testSuperdomain2
tests/test_name.py::NameTestCase::testSuperdomain3
tests/test_name.py::NameTestCase::testSuperdomain4
tests/test_name.py::NameTestCase::testSuperdomain5
tests/test_name.py::NameTestCase::testToText1
tests/test_name.py::NameTestCase::testToText10
tests/test_name.py::NameTestCase::testToText11
tests/test_name.py::NameTestCase::testToText12
tests/test_name.py::NameTestCase::testToText13
tests/test_name.py::NameTestCase::testToText14
tests/test_name.py::NameTestCase::testToText2
tests/test_name.py::NameTestCase::testToText3
tests/test_name.py::NameTestCase::testToText4
tests/test_name.py::NameTestCase::testToText5
tests/test_name.py::NameTestCase::testToText6
tests/test_name.py::NameTestCase::testToText7
tests/test_name.py::NameTestCase::testToText8
tests/test_name.py::NameTestCase::testToText9
tests/test_name.py::NameTestCase::testToUnicode1
tests/test_name.py::NameTestCase::testToUnicode2
tests/test_name.py::NameTestCase::testToUnicode3
tests/test_name.py::NameTestCase::testToUnicode4
tests/test_name.py::NameTestCase::testToUnicode5
tests/test_name.py::NameTestCase::testToUnicode6
tests/test_name.py::NameTestCase::testToUnicodeOmitFinalDot
tests/test_name.py::NameTestCase::testToWire1
tests/test_name.py::NameTestCase::testToWire2
tests/test_name.py::NameTestCase::testToWire3
tests/test_name.py::NameTestCase::testToWire4
tests/test_name.py::NameTestCase::testToWire5
tests/test_name.py::NameTestCase::testToWire6
tests/test_name.py::NameTestCase::testToWireRelativeNameWithOrigin
tests/test_name.py::NameTestCase::testToWireRelativeNameWithoutOrigin
tests/test_name.py::NameTestCase::testTortureFromText
tests/test_name.py::NameTestCase::testUnicodeEscapify2003
tests/test_name.py::NameTestCase::testUnicodeEscapify2008
tests/test_name.py::NameTestCase::testUnknownReverseOrigin
tests/test_name.py::NameTestCase::testWild1
tests/test_name.py::NameTestCase::testWild2
tests/test_name.py::NameTestCase::testWild3
tests/test_name.py::NameTestCase::testWild4
tests/test_name.py::NameTestCase::testWild5
tests/test_name.py::NameTestCase::test_incompatible_relations
tests/test_name.py::NameTestCase::test_pad_to_max_name
tests/test_name.py::NameTestCase::test_pickle
tests/test_name.py::NameTestCase::test_predecessor_and_successor_errors
tests/test_name.py::NameTestCase::test_predecessors_and_successors
tests/test_namedict.py::NameTestCase::testDepth
tests/test_namedict.py::NameTestCase::testLookup1
tests/test_namedict.py::NameTestCase::testLookup2
tests/test_namedict.py::NameTestCase::testLookup3
tests/test_namedict.py::NameTestCase::testLookup4
tests/test_namedict.py::NameTestCase::testLookup5
tests/test_namedict.py::NameTestCase::testLookup6
tests/test_namedict.py::NameTestCase::testLookup7
tests/test_namedict.py::NameTestCase::testLookup8
tests/test_namedict.py::NameTestCase::testRelDepth
tests/test_namedict.py::NameTestCase::testRelLookup1
tests/test_namedict.py::NameTestCase::testRelLookup2
tests/test_namedict.py::NameTestCase::testRelLookup3
tests/test_namedict.py::NameTestCase::testRelLookup4
tests/test_namedict.py::NameTestCase::testRelLookup7
tests/test_namedict.py::NameTestCase::test_delete_max_depth_changes
tests/test_namedict.py::NameTestCase::test_delete_multiple_max_depth_changes
tests/test_namedict.py::NameTestCase::test_delete_no_max_depth_change
tests/test_namedict.py::NameTestCase::test_haskey
tests/test_namedict.py::NameTestCase::test_iter
tests/test_namedict.py::NameTestCase::test_len
tests/test_namedict.py::NameTestCase::test_max_depth_increases
tests/test_nsec3.py::NSEC3TestCase::test_NSEC3_bad_bitmaps
tests/test_nsec3.py::NSEC3TestCase::test_NSEC3_bitmap
tests/test_nsec3_hash.py::NSEC3Hash::test_hash_function
tests/test_nsec3_hash.py::NSEC3Hash::test_hash_invalid_algorithm
tests/test_nsec3_hash.py::NSEC3Hash::test_hash_invalid_salt_length
tests/test_ntoaaton.py::NtoAAtoNTestCase::test_aton1
tests/test_ntoaaton.py::NtoAAtoNTestCase::test_aton2
tests/test_ntoaaton.py::NtoAAtoNTestCase::test_aton3
tests/test_ntoaaton.py::NtoAAtoNTestCase::test_aton4
tests/test_ntoaaton.py::NtoAAtoNTestCase::test_aton5
tests/test_ntoaaton.py::NtoAAtoNTestCase::test_aton6
tests/test_ntoaaton.py::NtoAAtoNTestCase::test_aton7
tests/test_ntoaaton.py::NtoAAtoNTestCase::test_aton8
tests/test_ntoaaton.py::NtoAAtoNTestCase::test_aton9
tests/test_ntoaaton.py::NtoAAtoNTestCase::test_bad_aton1
tests/test_ntoaaton.py::NtoAAtoNTestCase::test_bad_aton2
tests/test_ntoaaton.py::NtoAAtoNTestCase::test_bad_aton3
tests/test_ntoaaton.py::NtoAAtoNTestCase::test_bad_aton4
tests/test_ntoaaton.py::NtoAAtoNTestCase::test_bad_ntoa1
tests/test_ntoaaton.py::NtoAAtoNTestCase::test_bad_ntoa2
tests/test_ntoaaton.py::NtoAAtoNTestCase::test_bad_ntoa3
tests/test_ntoaaton.py::NtoAAtoNTestCase::test_bad_v4_aton
tests/test_ntoaaton.py::NtoAAtoNTestCase::test_bad_v6_aton
tests/test_ntoaaton.py::NtoAAtoNTestCase::test_bogus_family
tests/test_ntoaaton.py::NtoAAtoNTestCase::test_do_not_ignore_scope
tests/test_ntoaaton.py::NtoAAtoNTestCase::test_good_v4_aton
tests/test_ntoaaton.py::NtoAAtoNTestCase::test_ignore_scope
tests/test_ntoaaton.py::NtoAAtoNTestCase::test_inet_canonicalize
tests/test_ntoaaton.py::NtoAAtoNTestCase::test_ipv4_canonicalize
tests/test_ntoaaton.py::NtoAAtoNTestCase::test_ipv6_canonicalize
tests/test_ntoaaton.py::NtoAAtoNTestCase::test_is_mapped
tests/test_ntoaaton.py::NtoAAtoNTestCase::test_is_multicast
tests/test_ntoaaton.py::NtoAAtoNTestCase::test_is_multicast_bad_input
tests/test_ntoaaton.py::NtoAAtoNTestCase::test_isaddress
tests/test_ntoaaton.py::NtoAAtoNTestCase::test_low_level_address_tuple
tests/test_ntoaaton.py::NtoAAtoNTestCase::test_multiple_scopes_bad
tests/test_ntoaaton.py::NtoAAtoNTestCase::test_ntoa1
tests/test_ntoaaton.py::NtoAAtoNTestCase::test_ntoa10
tests/test_ntoaaton.py::NtoAAtoNTestCase::test_ntoa11
tests/test_ntoaaton.py::NtoAAtoNTestCase::test_ntoa12
tests/test_ntoaaton.py::NtoAAtoNTestCase::test_ntoa13
tests/test_ntoaaton.py::NtoAAtoNTestCase::test_ntoa14
tests/test_ntoaaton.py::NtoAAtoNTestCase::test_ntoa15
tests/test_ntoaaton.py::NtoAAtoNTestCase::test_ntoa2
tests/test_ntoaaton.py::NtoAAtoNTestCase::test_ntoa3
tests/test_ntoaaton.py::NtoAAtoNTestCase::test_ntoa4
tests/test_ntoaaton.py::NtoAAtoNTestCase::test_ntoa5
tests/test_ntoaaton.py::NtoAAtoNTestCase::test_ntoa6
tests/test_ntoaaton.py::NtoAAtoNTestCase::test_ntoa7
tests/test_ntoaaton.py::NtoAAtoNTestCase::test_ntoa8
tests/test_ntoaaton.py::NtoAAtoNTestCase::test_ntoa9
tests/test_ntoaaton.py::NtoAAtoNTestCase::test_ptontop
tests/test_ntoaaton.py::NtoAAtoNTestCase::test_rfc5952_section_4_2_2
tests/test_processing_order.py::test_processing_order_shuffle
tests/test_processing_order.py::test_processing_order_priority_mx
tests/test_processing_order.py::test_processing_order_priority_weighted
tests/test_processing_order.py::test_processing_order_priority_naptr
tests/test_processing_order.py::test_processing_order_empty
tests/test_processing_order.py::test_processing_singleton_priority
tests/test_processing_order.py::test_processing_singleton_weighted
tests/test_processing_order.py::test_processing_all_zero_weight_srv
tests/test_processing_order.py::test_processing_order_uri
tests/test_processing_order.py::test_processing_order_svcb
tests/test_query.py::QueryTests::testQueryTCP
tests/test_query.py::QueryTests::testQueryTCPWithSocket
tests/test_query.py::QueryTests::testQueryTLS
tests/test_query.py::QueryTests::testQueryTLSWithContext
tests/test_query.py::QueryTests::testQueryTLSWithSocket
tests/test_query.py::QueryTests::testQueryTLSwithPadding
tests/test_query.py::QueryTests::testQueryUDP
tests/test_query.py::QueryTests::testQueryUDPFallback
tests/test_query.py::QueryTests::testQueryUDPFallbackNoFallback
tests/test_query.py::QueryTests::testQueryUDPFallbackWithSocket
tests/test_query.py::QueryTests::testQueryUDPWithSocket
tests/test_query.py::QueryTests::testUDPReceiveQuery
tests/test_query.py::DestinationAndSourceTests::test_af_inferred_from_source
tests/test_query.py::DestinationAndSourceTests::test_af_inferred_from_where
tests/test_query.py::DestinationAndSourceTests::test_af_mismatch
tests/test_query.py::DestinationAndSourceTests::test_destination_is_none_of_where_url
tests/test_query.py::DestinationAndSourceTests::test_source_port_but_no_af_inferred
tests/test_query.py::DestinationAndSourceTests::test_v4_wildcard_source_set
tests/test_query.py::DestinationAndSourceTests::test_v6_wildcard_source_set
tests/test_query.py::DestinationAndSourceTests::test_where_must_be_an_address
tests/test_query.py::AddressesEqualTestCase::test_mixed
tests/test_query.py::AddressesEqualTestCase::test_v4
tests/test_query.py::AddressesEqualTestCase::test_v6
tests/test_query.py::XfrTests::test_axfr
tests/test_query.py::XfrTests::test_axfr_bad_rcode
tests/test_query.py::XfrTests::test_axfr_root_tsig
tests/test_query.py::XfrTests::test_axfr_trailing_junk
tests/test_query.py::XfrTests::test_axfr_tsig
tests/test_query.py::XfrTests::test_axfr_udp
tests/test_query.py::XfrTests::test_ixfr_base_serial_mismatch
tests/test_query.py::XfrTests::test_ixfr_tcp
tests/test_query.py::XfrTests::test_ixfr_trailing_junk
tests/test_query.py::XfrTests::test_ixfr_udp
tests/test_query.py::XfrTests::test_ixfr_up_to_date
tests/test_query.py::TsigTests::test_tsig
tests/test_query.py::LowLevelWaitTests::test_wait_for
tests/test_query.py::MiscTests::test_matches_destination
tests/test_query.py::IgnoreErrors::test_bad_address
tests/test_query.py::IgnoreErrors::test_bad_address_not_ignored
tests/test_query.py::IgnoreErrors::test_bad_id
tests/test_query.py::IgnoreErrors::test_bad_id_not_ignored
tests/test_query.py::IgnoreErrors::test_bad_wire
tests/test_query.py::IgnoreErrors::test_bad_wire_not_ignored
tests/test_query.py::IgnoreErrors::test_good_mock
tests/test_query.py::IgnoreErrors::test_good_wire_with_truncation_flag_and_no_truncation_raise
tests/test_query.py::IgnoreErrors::test_good_wire_with_truncation_flag_and_truncation_raise
tests/test_query.py::IgnoreErrors::test_not_response_not_ignored_udp_level
tests/test_query.py::IgnoreErrors::test_trailing_wire
tests/test_query.py::IgnoreErrors::test_trailing_wire_not_ignored
tests/test_query.py::IgnoreErrors::test_wrong_id_wire_with_truncation_flag_and_no_truncation_raise
tests/test_query.py::IgnoreErrors::test_wrong_id_wire_with_truncation_flag_and_truncation_raise
tests/test_rdata.py::RdataTestCase::test_AFSDB_properties
tests/test_rdata.py::RdataTestCase::test_CERT_algorithm
tests/test_rdata.py::RdataTestCase::test_CERT_with_string_type
tests/test_rdata.py::RdataTestCase::test_DNSKEY_chunking
tests/test_rdata.py::RdataTestCase::test_GPOS_constructor_conversion
tests/test_rdata.py::RdataTestCase::test_GPOS_float_converters
tests/test_rdata.py::RdataTestCase::test_LOC_to_text_SW_hemispheres
tests/test_rdata.py::RdataTestCase::test_a_rdata_made_multiple_ways
tests/test_rdata.py::RdataTestCase::test_aaaa_rdata_made_multiple_ways
tests/test_rdata.py::RdataTestCase::test_absolute_vs_absolute_compare_strict
tests/test_rdata.py::RdataTestCase::test_absolute_vs_absolute_compare_unstrict
tests/test_rdata.py::RdataTestCase::test_bad_APLItem_address_length
tests/test_rdata.py::RdataTestCase::test_bad_CAA_text
tests/test_rdata.py::RdataTestCase::test_bad_GPOS_text
tests/test_rdata.py::RdataTestCase::test_bad_GPOS_wire
tests/test_rdata.py::RdataTestCase::test_bad_HIP_text
tests/test_rdata.py::RdataTestCase::test_bad_LOC_text
tests/test_rdata.py::RdataTestCase::test_bad_LOC_wire
tests/test_rdata.py::RdataTestCase::test_bad_NSAP_text
tests/test_rdata.py::RdataTestCase::test_bad_SMIMEA
tests/test_rdata.py::RdataTestCase::test_bad_URI_text
tests/test_rdata.py::RdataTestCase::test_bad_URI_wire
tests/test_rdata.py::RdataTestCase::test_bad_generic
tests/test_rdata.py::RdataTestCase::test_bad_sigtime
tests/test_rdata.py::RdataTestCase::test_basic_relations
tests/test_rdata.py::RdataTestCase::test_chaos
tests/test_rdata.py::RdataTestCase::test_class_registration
tests/test_rdata.py::RdataTestCase::test_covered_repr
tests/test_rdata.py::RdataTestCase::test_covers_and_extended_rdatatype
tests/test_rdata.py::RdataTestCase::test_digestable_downcasing
tests/test_rdata.py::RdataTestCase::test_digestable_no_downcasing
tests/test_rdata.py::RdataTestCase::test_empty_TXT
tests/test_rdata.py::RdataTestCase::test_empty_TXT_wire
tests/test_rdata.py::RdataTestCase::test_empty_generic
tests/test_rdata.py::RdataTestCase::test_escaped_newline_in_nonquoted_string
tests/test_rdata.py::RdataTestCase::test_escaped_newline_in_quoted_string
tests/test_rdata.py::RdataTestCase::test_escapify
tests/test_rdata.py::RdataTestCase::test_from_wire_parser
tests/test_rdata.py::RdataTestCase::test_good_SMIMEA
tests/test_rdata.py::RdataTestCase::test_immutability
tests/test_rdata.py::RdataTestCase::test_incompatible_relations
tests/test_rdata.py::RdataTestCase::test_invalid_replace
tests/test_rdata.py::RdataTestCase::test_misc_bad_WKS_text
tests/test_rdata.py::RdataTestCase::test_misc_good_LOC_text
tests/test_rdata.py::RdataTestCase::test_misc_good_WKS_text
tests/test_rdata.py::RdataTestCase::test_module_registration
tests/test_rdata.py::RdataTestCase::test_module_registration_singleton
tests/test_rdata.py::RdataTestCase::test_module_reregistration
tests/test_rdata.py::RdataTestCase::test_no_replace_class_or_type
tests/test_rdata.py::RdataTestCase::test_nsec3_next_name
tests/test_rdata.py::RdataTestCase::test_opt_repr
tests/test_rdata.py::RdataTestCase::test_opt_short_lengths
tests/test_rdata.py::RdataTestCase::test_pickle
tests/test_rdata.py::RdataTestCase::test_registration_implementing_known_and_implemented_type
tests/test_rdata.py::RdataTestCase::test_registration_of_known_but_unimplmented_type
tests/test_rdata.py::RdataTestCase::test_relative_vs_absolute_compare_strict
tests/test_rdata.py::RdataTestCase::test_relative_vs_absolute_compare_unstrict
tests/test_rdata.py::RdataTestCase::test_relative_vs_relative_compare_strict
tests/test_rdata.py::RdataTestCase::test_relative_vs_relative_compare_unstrict
tests/test_rdata.py::RdataTestCase::test_replace
tests/test_rdata.py::RdataTestCase::test_replace_comment
tests/test_rdata.py::RdataTestCase::test_simple_ordered_compare_when_equal
tests/test_rdata.py::RdataTestCase::test_str
tests/test_rdata.py::RdataTestCase::test_to_generic
tests/test_rdata.py::RdataTestCase::test_too_long_TXT
tests/test_rdata.py::RdataTestCase::test_truncate_bitmap
tests/test_rdata.py::RdataTestCase::test_txt_unicode
tests/test_rdata.py::RdataTestCase::test_uncomparable
tests/test_rdata.py::RdataTestCase::test_unicode
tests/test_rdata.py::RdataTestCase::test_unicode_idna2003_in_rdata
tests/test_rdata.py::RdataTestCase::test_unicode_idna2008_in_rdata
tests/test_rdata.py::RdataTestCase::test_unpickle
tests/test_rdata.py::RdataTestCase::test_wordbreak
tests/test_rdata.py::RdataTestCase::test_zero_size
tests/test_rdata.py::UtilTestCase::test_Bitmap
tests/test_rdata.py::UtilTestCase::test_Bitmap_0_length_window_parse
tests/test_rdata.py::UtilTestCase::test_Bitmap_empty_window_not_written
tests/test_rdata.py::UtilTestCase::test_Bitmap_has_type_0_set
tests/test_rdata.py::UtilTestCase::test_Bitmap_ok_parse
tests/test_rdata.py::UtilTestCase::test_Bitmap_too_long_parse
tests/test_rdata.py::UtilTestCase::test_Bitmap_with_duplicate_types
tests/test_rdata.py::UtilTestCase::test_Bitmap_with_out_of_order_types
tests/test_rdata.py::UtilTestCase::test_Bitmap_zero_padding_works
tests/test_rdata.py::UtilTestCase::test_Gateway_bad_type0
tests/test_rdata.py::UtilTestCase::test_Gateway_bad_type3
tests/test_rdata.py::UtilTestCase::test_Gateway_type4
tests/test_rdata.py::UtilTestCase::test_bad_DSYNC_text
tests/test_rdata.py::UtilTestCase::test_compressed_in_generic_is_bad
tests/test_rdata.py::UtilTestCase::test_nsap_ptr_type
tests/test_rdata.py::UtilTestCase::test_rdataset_ttl_conversion
tests/test_rdata.py::RdataConvertersTestCase::test_as_bool
tests/test_rdata.py::RdataConvertersTestCase::test_as_int
tests/test_rdata.py::RdataConvertersTestCase::test_as_name
tests/test_rdata.py::RdataConvertersTestCase::test_as_ttl
tests/test_rdata.py::RdataConvertersTestCase::test_as_uint16
tests/test_rdata.py::RdataConvertersTestCase::test_as_uint32
tests/test_rdata.py::RdataConvertersTestCase::test_as_uint48
tests/test_rdata.py::RdataConvertersTestCase::test_as_uint8
tests/test_rdataset.py::RdatasetTestCase::testAddIncompatible
tests/test_rdataset.py::RdatasetTestCase::testCodec2003
tests/test_rdataset.py::RdatasetTestCase::testCodec2008
tests/test_rdataset.py::RdatasetTestCase::testCopy
tests/test_rdataset.py::RdatasetTestCase::testCoveredRepr
tests/test_rdataset.py::RdatasetTestCase::testDifferingCovers
tests/test_rdataset.py::RdatasetTestCase::testEmptyRdataList
tests/test_rdataset.py::RdatasetTestCase::testIntersectionUpdate
tests/test_rdataset.py::RdatasetTestCase::testMultilineToText
tests/test_rdataset.py::RdatasetTestCase::testNoEqualToOther
tests/test_rdataset.py::RdatasetTestCase::testRepr
tests/test_rdataset.py::RdatasetTestCase::testStr
tests/test_rdataset.py::RdatasetTestCase::testToTextNoName
tests/test_rdataset.py::RdatasetTestCase::testToTextOverrideClass
tests/test_rdataset.py::RdatasetTestCase::testTruncatedRepr
tests/test_rdataset.py::RdatasetTestCase::testUnionUpdate
tests/test_rdataset.py::ImmutableRdatasetTestCase::test_basic
tests/test_rdataset.py::ImmutableRdatasetTestCase::test_cloning
tests/test_rdtypeandclass.py::RdTypeAndClassTestCase::test_class_bytext1
tests/test_rdtypeandclass.py::RdTypeAndClassTestCase::test_class_bytext2
tests/test_rdtypeandclass.py::RdTypeAndClassTestCase::test_class_bytext_bounds1
tests/test_rdtypeandclass.py::RdTypeAndClassTestCase::test_class_bytext_bounds2
tests/test_rdtypeandclass.py::RdTypeAndClassTestCase::test_class_bytext_unknown
tests/test_rdtypeandclass.py::RdTypeAndClassTestCase::test_class_meta1
tests/test_rdtypeandclass.py::RdTypeAndClassTestCase::test_class_meta2
tests/test_rdtypeandclass.py::RdTypeAndClassTestCase::test_class_totext1
tests/test_rdtypeandclass.py::RdTypeAndClassTestCase::test_class_totext2
tests/test_rdtypeandclass.py::RdTypeAndClassTestCase::test_class_totext_bounds1
tests/test_rdtypeandclass.py::RdTypeAndClassTestCase::test_class_totext_bounds2
tests/test_rdtypeandclass.py::RdTypeAndClassTestCase::test_type0_totext
tests/test_rdtypeandclass.py::RdTypeAndClassTestCase::test_type_bytext1
tests/test_rdtypeandclass.py::RdTypeAndClassTestCase::test_type_bytext2
tests/test_rdtypeandclass.py::RdTypeAndClassTestCase::test_type_bytext_bounds1
tests/test_rdtypeandclass.py::RdTypeAndClassTestCase::test_type_bytext_bounds2
tests/test_rdtypeandclass.py::RdTypeAndClassTestCase::test_type_bytext_unknown
tests/test_rdtypeandclass.py::RdTypeAndClassTestCase::test_type_meta1
tests/test_rdtypeandclass.py::RdTypeAndClassTestCase::test_type_meta2
tests/test_rdtypeandclass.py::RdTypeAndClassTestCase::test_type_meta3
tests/test_rdtypeandclass.py::RdTypeAndClassTestCase::test_type_singleton1
tests/test_rdtypeandclass.py::RdTypeAndClassTestCase::test_type_singleton2
tests/test_rdtypeandclass.py::RdTypeAndClassTestCase::test_type_totext1
tests/test_rdtypeandclass.py::RdTypeAndClassTestCase::test_type_totext2
tests/test_rdtypeandclass.py::RdTypeAndClassTestCase::test_type_totext_bounds1
tests/test_rdtypeandclass.py::RdTypeAndClassTestCase::test_type_totext_bounds2
tests/test_rdtypeanydnskey.py::RdtypeAnyDnskeyTestCase::testFlagsAll
tests/test_rdtypeanydnskey.py::RdtypeAnyDnskeyTestCase::testFlagsRRToText
tests/test_rdtypeanyeui.py::RdtypeAnyEUI48TestCase::testFromTextDelim
tests/test_rdtypeanyeui.py::RdtypeAnyEUI48TestCase::testFromTextExtraDash
tests/test_rdtypeanyeui.py::RdtypeAnyEUI48TestCase::testFromTextInvalidHex
tests/test_rdtypeanyeui.py::RdtypeAnyEUI48TestCase::testFromTextLength
tests/test_rdtypeanyeui.py::RdtypeAnyEUI48TestCase::testFromTextMultipleTokens
tests/test_rdtypeanyeui.py::RdtypeAnyEUI48TestCase::testFromTextOk
tests/test_rdtypeanyeui.py::RdtypeAnyEUI48TestCase::testFromWireLength
tests/test_rdtypeanyeui.py::RdtypeAnyEUI48TestCase::testFromWireOk
tests/test_rdtypeanyeui.py::RdtypeAnyEUI48TestCase::testInstLength
tests/test_rdtypeanyeui.py::RdtypeAnyEUI48TestCase::testInstOk
tests/test_rdtypeanyeui.py::RdtypeAnyEUI48TestCase::testToTextOk
tests/test_rdtypeanyeui.py::RdtypeAnyEUI48TestCase::testToWire
tests/test_rdtypeanyeui.py::RdtypeAnyEUI64TestCase::testFromTextDelim
tests/test_rdtypeanyeui.py::RdtypeAnyEUI64TestCase::testFromTextExtraDash
tests/test_rdtypeanyeui.py::RdtypeAnyEUI64TestCase::testFromTextInvalidHex
tests/test_rdtypeanyeui.py::RdtypeAnyEUI64TestCase::testFromTextLength
tests/test_rdtypeanyeui.py::RdtypeAnyEUI64TestCase::testFromTextMultipleTokens
tests/test_rdtypeanyeui.py::RdtypeAnyEUI64TestCase::testFromTextOk
tests/test_rdtypeanyeui.py::RdtypeAnyEUI64TestCase::testFromWireLength
tests/test_rdtypeanyeui.py::RdtypeAnyEUI64TestCase::testFromWireOk
tests/test_rdtypeanyeui.py::RdtypeAnyEUI64TestCase::testInstLength
tests/test_rdtypeanyeui.py::RdtypeAnyEUI64TestCase::testInstOk
tests/test_rdtypeanyeui.py::RdtypeAnyEUI64TestCase::testToTextOk
tests/test_rdtypeanyeui.py::RdtypeAnyEUI64TestCase::testToWire
tests/test_rdtypeanykey.py::RdtypeAnyKeyTestCase::testAlgorithmRRToText
tests/test_rdtypeanykey.py::RdtypeAnyKeyTestCase::testFlagsRRToText
tests/test_rdtypeanyloc.py::RdtypeAnyLocTestCase::testEqual1
tests/test_rdtypeanyloc.py::RdtypeAnyLocTestCase::testEqual2
tests/test_rdtypeanyloc.py::RdtypeAnyLocTestCase::testEqual3
tests/test_rdtypeanyloc.py::RdtypeAnyLocTestCase::testEqual4
tests/test_rdtypeanytkey.py::RdtypeAnyTKeyTestCase::testTextNoOptionalData
tests/test_rdtypeanytkey.py::RdtypeAnyTKeyTestCase::testTextOptionalData
tests/test_rdtypeanytkey.py::RdtypeAnyTKeyTestCase::testWireNoOptionalData
tests/test_rdtypeanytkey.py::RdtypeAnyTKeyTestCase::testWireOptionalData
tests/test_renderer.py::RendererTestCase::test_basic
tests/test_renderer.py::RendererTestCase::test_going_backwards_fails
tests/test_renderer.py::RendererTestCase::test_multi_tsig
tests/test_renderer.py::RendererTestCase::test_reservation
tests/test_renderer.py::RendererTestCase::test_tsig
tests/test_resolution.py::ResolutionTestCase::test_next_nameserver_max_size_nameserver
tests/test_resolution.py::ResolutionTestCase::test_next_nameserver_no_nameservers
tests/test_resolution.py::ResolutionTestCase::test_next_nameserver_retry_with_tcp
tests/test_resolution.py::ResolutionTestCase::test_next_nameserver_udp
tests/test_resolution.py::ResolutionTestCase::test_next_request_TSIG
tests/test_resolution.py::ResolutionTestCase::test_next_request_abs
tests/test_resolution.py::ResolutionTestCase::test_next_request_cache_hit
tests/test_resolution.py::ResolutionTestCase::test_next_request_cached_no_answer
tests/test_resolution.py::ResolutionTestCase::test_next_request_cached_nxdomain_with_search
tests/test_resolution.py::ResolutionTestCase::test_next_request_cached_nxdomain_without_search
tests/test_resolution.py::ResolutionTestCase::test_next_request_exhaust_causes_nxdomain
tests/test_resolution.py::ResolutionTestCase::test_next_request_flags
tests/test_resolution.py::ResolutionTestCase::test_next_request_rel_with_search
tests/test_resolution.py::ResolutionTestCase::test_next_request_rel_without_search
tests/test_resolution.py::ResolutionTestCase::test_next_request_rotate
tests/test_resolution.py::ResolutionTestCase::test_no_metaqueries
tests/test_resolution.py::ResolutionTestCase::test_query_result_chain_not_too_long
tests/test_resolution.py::ResolutionTestCase::test_query_result_chain_too_long
tests/test_resolution.py::ResolutionTestCase::test_query_result_nameserver_continuing_exception
tests/test_resolution.py::ResolutionTestCase::test_query_result_nameserver_removing_exceptions
tests/test_resolution.py::ResolutionTestCase::test_query_result_no_error_no_data
tests/test_resolution.py::ResolutionTestCase::test_query_result_no_error_with_data
tests/test_resolution.py::ResolutionTestCase::test_query_result_no_error_with_data_cached
tests/test_resolution.py::ResolutionTestCase::test_query_result_nxdomain
tests/test_resolution.py::ResolutionTestCase::test_query_result_nxdomain_but_has_answer
tests/test_resolution.py::ResolutionTestCase::test_query_result_nxdomain_cached
tests/test_resolution.py::ResolutionTestCase::test_query_result_other_unhappy_rcode
tests/test_resolution.py::ResolutionTestCase::test_query_result_retry_with_tcp
tests/test_resolution.py::ResolutionTestCase::test_query_result_servfail_no_retry
tests/test_resolution.py::ResolutionTestCase::test_query_result_servfail_with_retry
tests/test_resolution.py::ResolutionTestCase::test_query_result_yxdomain
tests/test_resolver.py::BaseResolverTests::testCacheCleaning
tests/test_resolver.py::BaseResolverTests::testCacheExpiration
tests/test_resolver.py::BaseResolverTests::testCacheNonCleaning
tests/test_resolver.py::BaseResolverTests::testEmptyAnswerSection
tests/test_resolver.py::BaseResolverTests::testIndexErrorOnEmptyRRsetAccess
tests/test_resolver.py::BaseResolverTests::testIndexErrorOnEmptyRRsetDelete
tests/test_resolver.py::BaseResolverTests::testLRUDoesLRU
tests/test_resolver.py::BaseResolverTests::testLRUExpiration
tests/test_resolver.py::BaseResolverTests::testLRUReplace
tests/test_resolver.py::BaseResolverTests::testRRsetDelete
tests/test_resolver.py::BaseResolverTests::testRead
tests/test_resolver.py::BaseResolverTests::testReadNoNameservers
tests/test_resolver.py::BaseResolverTests::testReadOptions
tests/test_resolver.py::BaseResolverTests::testReadOptionsBadNdots
tests/test_resolver.py::BaseResolverTests::testReadOptionsBadTimeouts
tests/test_resolver.py::BaseResolverTests::testReadUnknownDirective
tests/test_resolver.py::BaseResolverTests::testReadUnknownOption
tests/test_resolver.py::BaseResolverTests::testSearchListsAbsolute
tests/test_resolver.py::BaseResolverTests::testSearchListsRelative
tests/test_resolver.py::BaseResolverTests::testSetFlags
tests/test_resolver.py::BaseResolverTests::testUseEDNS
tests/test_resolver.py::BaseResolverTests::testUseTSIG
tests/test_resolver.py::BaseResolverTests::test_LRUCache_overwrite
tests/test_resolver.py::BaseResolverTests::test_LRUCache_set_max_size
tests/test_resolver.py::BaseResolverTests::test_cache_flush
tests/test_resolver.py::BaseResolverTests::test_cache_stats
tests/test_resolver.py::LiveResolverTests::testCanonicalNameCNAME
tests/test_resolver.py::LiveResolverTests::testCanonicalNameDangling
tests/test_resolver.py::LiveResolverTests::testCanonicalNameNoCNAME
tests/test_resolver.py::LiveResolverTests::testNameserverSetting
tests/test_resolver.py::LiveResolverTests::testQuicNameserver
tests/test_resolver.py::LiveResolverTests::testResolve
tests/test_resolver.py::LiveResolverTests::testResolveAddress
tests/test_resolver.py::LiveResolverTests::testResolveAtAddress
tests/test_resolver.py::LiveResolverTests::testResolveAtName
tests/test_resolver.py::LiveResolverTests::testResolveCacheHit
tests/test_resolver.py::LiveResolverTests::testResolveEdnsOptions
tests/test_resolver.py::LiveResolverTests::testResolveNXDOMAIN
tests/test_resolver.py::LiveResolverTests::testResolveName
tests/test_resolver.py::LiveResolverTests::testResolveNodataAnswer
tests/test_resolver.py::LiveResolverTests::testResolveNodataException
tests/test_resolver.py::LiveResolverTests::testResolveTCP
tests/test_resolver.py::LiveResolverTests::testTLSNameserver
tests/test_resolver.py::LiveResolverTests::testZoneForName1
tests/test_resolver.py::LiveResolverTests::testZoneForName2
tests/test_resolver.py::LiveResolverTests::testZoneForName3
tests/test_resolver.py::LiveResolverTests::testZoneForName4
tests/test_resolver.py::NXDOMAINExceptionTestCase::test_nxdomain_canonical_name
tests/test_resolver.py::NXDOMAINExceptionTestCase::test_nxdomain_compatible
tests/test_resolver.py::NXDOMAINExceptionTestCase::test_nxdomain_merge
tests/test_resolver.py::ResolverMiscTestCase::test_compute_timeout
tests/test_resolver.py::ResolverMiscTestCase::test_read_nonexistent_config
tests/test_resolver.py::ResolverNameserverValidTypeTestCase::test_set_nameservers_invalid_type
tests/test_resolver.py::ResolverNameserverValidTypeTestCase::test_set_nameservers_to_list
tests/test_resolver.py::ResolverNameserverValidTypeTestCase::test_set_namservers_to_empty_list
tests/test_resolver.py::NanoTests::testE164Query
tests/test_resolver.py::ZoneForNameTests::testHelpfulNXDOMAIN
tests/test_resolver.py::ZoneForNameTests::testHelpfulNoErrorNoData
tests/test_resolver.py::ZoneForNameTests::testNoRootSOA
tests/test_resolver.py::testResolverTimeout
tests/test_resolver.py::testResolverNoNameservers
tests/test_resolver.py::testZoneForNameLifetimeTimeout
tests/test_resolver_override.py::OverrideSystemResolverTestCase::test_basic_getaddrinfo
tests/test_resolver_override.py::OverrideSystemResolverTestCase::test_getaddrinfo_nxdomain
tests/test_resolver_override.py::OverrideSystemResolverTestCase::test_getaddrinfo_only_service
tests/test_resolver_override.py::OverrideSystemResolverTestCase::test_getaddrinfo_service
tests/test_resolver_override.py::OverrideSystemResolverTestCase::test_gethostbyaddr
tests/test_resolver_override.py::OverrideSystemResolverTestCase::test_getnameinfo_tcp
tests/test_resolver_override.py::OverrideSystemResolverTestCase::test_getnameinfo_udp
tests/test_resolver_override.py::OverrideSystemResolverTestCase::test_override
tests/test_resolver_override.py::OverrideSystemResolverTestCase::test_unknown_service_fails
tests/test_resolver_override.py::OverrideSystemResolverUsingFakeResolverTestCase::test_AI_ADDRCONFIG_fails
tests/test_resolver_override.py::OverrideSystemResolverUsingFakeResolverTestCase::test_gethostbyaddr_of_name_fails
tests/test_resolver_override.py::OverrideSystemResolverUsingFakeResolverTestCase::test_no_host_or_service_fails
tests/test_resolver_override.py::OverrideSystemResolverUsingFakeResolverTestCase::test_temporary_failure
tests/test_resolver_override.py::OverrideSystemResolverUsingDefaultResolverTestCase::test_override
tests/test_rrset.py::RRsetTestCase::testCodec2003
tests/test_rrset.py::RRsetTestCase::testCodec2008
tests/test_rrset.py::RRsetTestCase::testCopy
tests/test_rrset.py::RRsetTestCase::testEmptyList
tests/test_rrset.py::RRsetTestCase::testEqual1
tests/test_rrset.py::RRsetTestCase::testEqual2
tests/test_rrset.py::RRsetTestCase::testFromRdata
tests/test_rrset.py::RRsetTestCase::testFullMatch1
tests/test_rrset.py::RRsetTestCase::testFullMatch2
tests/test_rrset.py::RRsetTestCase::testMatchCompatibilityWithFullMatch
tests/test_rrset.py::RRsetTestCase::testMatchCompatibilityWithRdatasetMatch
tests/test_rrset.py::RRsetTestCase::testNoFullMatch1
tests/test_rrset.py::RRsetTestCase::testNoFullMatch2
tests/test_rrset.py::RRsetTestCase::testNoFullMatch3
tests/test_rrset.py::RRsetTestCase::testNotEqual1
tests/test_rrset.py::RRsetTestCase::testNotEqual2
tests/test_rrset.py::RRsetTestCase::testNotEqual3
tests/test_rrset.py::RRsetTestCase::testNotEqual4
tests/test_rrset.py::RRsetTestCase::testNotEqualOtherType
tests/test_rrset.py::RRsetTestCase::testRepr
tests/test_rrset.py::RRsetTestCase::testTTLMinimization
tests/test_rrset.py::RRsetTestCase::testToRdataset
tests/test_rrset_reader.py::test_name_ttl_rdclass_forced
tests/test_rrset_reader.py::test_name_ttl_rdclass_forced_rdata_split
tests/test_rrset_reader.py::test_name_ttl_rdclass_rdtype_forced
tests/test_rrset_reader.py::test_name_rdclass_forced
tests/test_rrset_reader.py::test_rdclass_forced
tests/test_rrset_reader.py::test_rdclass_forced_with_origin
tests/test_rrset_reader.py::test_rdclass_forced_with_origin_relativized
tests/test_rrset_reader.py::test_rdclass_matching_default_tolerated
tests/test_rrset_reader.py::test_rdclass_not_matching_default_rejected
tests/test_rrset_reader.py::test_default_rdclass_is_none
tests/test_rrset_reader.py::test_name_rdclass_rdtype_force
tests/test_rrset_reader.py::test_rdclass_rdtype_force
tests/test_serial.py::SerialTestCase::test_addition_bounds
tests/test_serial.py::SerialTestCase::test_casting
tests/test_serial.py::SerialTestCase::test_hashable
tests/test_serial.py::SerialTestCase::test_incremental_ops
tests/test_serial.py::SerialTestCase::test_modulo
tests/test_serial.py::SerialTestCase::test_not_equal
tests/test_serial.py::SerialTestCase::test_repr
tests/test_serial.py::SerialTestCase::test_rfc_1982_2_bit_cases
tests/test_serial.py::SerialTestCase::test_rfc_1982_8_bit_cases
tests/test_serial.py::SerialTestCase::test_sub
tests/test_serial.py::SerialTestCase::test_uncastable
tests/test_serial.py::SerialTestCase::test_uncomparable
tests/test_set.py::SetTestCase::testBadDisjoint
tests/test_set.py::SetTestCase::testBadSubsetSuperset
tests/test_set.py::SetTestCase::testBadUpdates
tests/test_set.py::SetTestCase::testCopy
tests/test_set.py::SetTestCase::testDelitem
tests/test_set.py::SetTestCase::testDelslice
tests/test_set.py::SetTestCase::testDifference1
tests/test_set.py::SetTestCase::testDifference2
tests/test_set.py::SetTestCase::testDifference3
tests/test_set.py::SetTestCase::testDifference4
tests/test_set.py::SetTestCase::testDiscardNonexistent
tests/test_set.py::SetTestCase::testDisjoint1
tests/test_set.py::SetTestCase::testDisjoint2
tests/test_set.py::SetTestCase::testDisjoint3
tests/test_set.py::SetTestCase::testGetitem
tests/test_set.py::SetTestCase::testGetslice
tests/test_set.py::SetTestCase::testIncrementalOperators
tests/test_set.py::SetTestCase::testIntersection1
tests/test_set.py::SetTestCase::testIntersection2
tests/test_set.py::SetTestCase::testIntersection3
tests/test_set.py::SetTestCase::testIntersection4
tests/test_set.py::SetTestCase::testLen1
tests/test_set.py::SetTestCase::testLen2
tests/test_set.py::SetTestCase::testLen3
tests/test_set.py::SetTestCase::testPop
tests/test_set.py::SetTestCase::testRemoveNonexistent
tests/test_set.py::SetTestCase::testSelfUpdates
tests/test_set.py::SetTestCase::testSubset1
tests/test_set.py::SetTestCase::testSubset2
tests/test_set.py::SetTestCase::testSubset3
tests/test_set.py::SetTestCase::testSubset4
tests/test_set.py::SetTestCase::testSubset5
tests/test_set.py::SetTestCase::testSubset6
tests/test_set.py::SetTestCase::testSuperset1
tests/test_set.py::SetTestCase::testSuperset2
tests/test_set.py::SetTestCase::testSuperset3
tests/test_set.py::SetTestCase::testSuperset4
tests/test_set.py::SetTestCase::testSuperset5
tests/test_set.py::SetTestCase::testSuperset6
tests/test_set.py::SetTestCase::testSymmetricDifference1
tests/test_set.py::SetTestCase::testSymmetricDifference2
tests/test_set.py::SetTestCase::testSymmetricDifference3
tests/test_set.py::SetTestCase::testSymmetricDifference4
tests/test_set.py::SetTestCase::testSymmetricDifference5
tests/test_set.py::SetTestCase::testSymmetricDifference6
tests/test_set.py::SetTestCase::testUnion1
tests/test_set.py::SetTestCase::testUnion2
tests/test_set.py::SetTestCase::testUnion3
tests/test_set.py::SetTestCase::testUnionPlusSyntax
tests/test_set.py::SetTestCase::testUpdate1
tests/test_set.py::SetTestCase::testUpdate2
tests/test_svcb.py::SVCBTestCase::test_alias_mode
tests/test_svcb.py::SVCBTestCase::test_alias_not_compressed
tests/test_svcb.py::SVCBTestCase::test_immutability
tests/test_svcb.py::SVCBTestCase::test_misc_escape
tests/test_svcb.py::SVCBTestCase::test_svcb_alpn
tests/test_svcb.py::SVCBTestCase::test_svcb_docpath
tests/test_svcb.py::SVCBTestCase::test_svcb_ech
tests/test_svcb.py::SVCBTestCase::test_svcb_general_invalid
tests/test_svcb.py::SVCBTestCase::test_svcb_ipv4hint
tests/test_svcb.py::SVCBTestCase::test_svcb_ipv6hint
tests/test_svcb.py::SVCBTestCase::test_svcb_mandatory
tests/test_svcb.py::SVCBTestCase::test_svcb_no_default_alpn
tests/test_svcb.py::SVCBTestCase::test_svcb_port
tests/test_svcb.py::SVCBTestCase::test_svcb_spec_failure_cases
tests/test_svcb.py::SVCBTestCase::test_svcb_spec_test_vectors
tests/test_svcb.py::SVCBTestCase::test_svcb_unknown
tests/test_svcb.py::SVCBTestCase::test_svcb_wire
tests/test_tokenizer.py::TokenizerTestCase::testBadAsName
tests/test_tokenizer.py::TokenizerTestCase::testBadConcatenateRemaining
tests/test_tokenizer.py::TokenizerTestCase::testBadGetEOL
tests/test_tokenizer.py::TokenizerTestCase::testBadGetTTL
tests/test_tokenizer.py::TokenizerTestCase::testBytesLiteral
tests/test_tokenizer.py::TokenizerTestCase::testComment1
tests/test_tokenizer.py::TokenizerTestCase::testComment2
tests/test_tokenizer.py::TokenizerTestCase::testComment3
tests/test_tokenizer.py::TokenizerTestCase::testDanglingEscapes
tests/test_tokenizer.py::TokenizerTestCase::testEOFAfterComment
tests/test_tokenizer.py::TokenizerTestCase::testEOL
tests/test_tokenizer.py::TokenizerTestCase::testEOLAfterComment
tests/test_tokenizer.py::TokenizerTestCase::testEmpty1
tests/test_tokenizer.py::TokenizerTestCase::testEmpty2
tests/test_tokenizer.py::TokenizerTestCase::testEscapeBounds
tests/test_tokenizer.py::TokenizerTestCase::testEscapeUnexpectedEnd
tests/test_tokenizer.py::TokenizerTestCase::testEscapedDelimiter1
tests/test_tokenizer.py::TokenizerTestCase::testEscapedDelimiter1u
tests/test_tokenizer.py::TokenizerTestCase::testEscapedDelimiter2
tests/test_tokenizer.py::TokenizerTestCase::testEscapedDelimiter2u
tests/test_tokenizer.py::TokenizerTestCase::testEscapedDelimiter3
tests/test_tokenizer.py::TokenizerTestCase::testEscapedDelimiter3u
tests/test_tokenizer.py::TokenizerTestCase::testGetEOL1
tests/test_tokenizer.py::TokenizerTestCase::testGetEOL2
tests/test_tokenizer.py::TokenizerTestCase::testGetString
tests/test_tokenizer.py::TokenizerTestCase::testGetUInt
tests/test_tokenizer.py::TokenizerTestCase::testGetUngetRegetComment
tests/test_tokenizer.py::TokenizerTestCase::testMultiLineWithComment
tests/test_tokenizer.py::TokenizerTestCase::testMultiLineWithEOFAfterComment
tests/test_tokenizer.py::TokenizerTestCase::testMultiline1
tests/test_tokenizer.py::TokenizerTestCase::testMultiline2
tests/test_tokenizer.py::TokenizerTestCase::testMultiline3
tests/test_tokenizer.py::TokenizerTestCase::testMultiline4
tests/test_tokenizer.py::TokenizerTestCase::testQuotedString1
tests/test_tokenizer.py::TokenizerTestCase::testQuotedString2
tests/test_tokenizer.py::TokenizerTestCase::testQuotedString3
tests/test_tokenizer.py::TokenizerTestCase::testQuotedString4
tests/test_tokenizer.py::TokenizerTestCase::testQuotedString5
tests/test_tokenizer.py::TokenizerTestCase::testQuotedString6
tests/test_tokenizer.py::TokenizerTestCase::testQuotedString7
tests/test_tokenizer.py::TokenizerTestCase::testStdinFilename
tests/test_tokenizer.py::TokenizerTestCase::testStr
tests/test_tokenizer.py::TokenizerTestCase::testTokenMisc
tests/test_tokenizer.py::TokenizerTestCase::testUnget1
tests/test_tokenizer.py::TokenizerTestCase::testUnget2
tests/test_tokenizer.py::TokenizerTestCase::testUngetBranches
tests/test_tokenizer.py::TokenizerTestCase::testWS1
tests/test_tokenizer.py::TokenizerTestCase::testWS2
tests/test_transaction.py::test_basic
tests/test_transaction.py::test_get
tests/test_transaction.py::test_add
tests/test_transaction.py::test_replacement
tests/test_transaction.py::test_delete
tests/test_transaction.py::test_delete_exact
tests/test_transaction.py::test_parameter_forms
tests/test_transaction.py::test_bad_parameters
tests/test_transaction.py::test_cannot_store_non_origin_soa
tests/test_transaction.py::test_checks
tests/test_transaction.py::test_zone_basic[Zone0]
tests/test_transaction.py::test_zone_basic[Zone1]
tests/test_transaction.py::test_explicit_rollback_and_commit[Zone0]
tests/test_transaction.py::test_explicit_rollback_and_commit[Zone1]
tests/test_transaction.py::test_zone_changed[Zone0]
tests/test_transaction.py::test_zone_changed[Zone1]
tests/test_transaction.py::test_zone_base_layer[Zone0]
tests/test_transaction.py::test_zone_base_layer[Zone1]
tests/test_transaction.py::test_zone_transaction_layer[Zone0]
tests/test_transaction.py::test_zone_transaction_layer[Zone1]
tests/test_transaction.py::test_zone_add_and_delete[Zone0]
tests/test_transaction.py::test_zone_add_and_delete[Zone1]
tests/test_transaction.py::test_write_after_rollback[Zone0]
tests/test_transaction.py::test_write_after_rollback[Zone1]
tests/test_transaction.py::test_zone_get_deleted[Zone0]
tests/test_transaction.py::test_zone_get_deleted[Zone1]
tests/test_transaction.py::test_zone_bad_class[Zone0]
tests/test_transaction.py::test_zone_bad_class[Zone1]
tests/test_transaction.py::test_update_serial[Zone0]
tests/test_transaction.py::test_update_serial[Zone1]
tests/test_transaction.py::test_zone_rollback[Zone0]
tests/test_transaction.py::test_zone_rollback[Zone1]
tests/test_transaction.py::test_zone_ooz_name[Zone0]
tests/test_transaction.py::test_zone_ooz_name[Zone1]
tests/test_transaction.py::test_zone_iteration[Zone0]
tests/test_transaction.py::test_zone_iteration[Zone1]
tests/test_transaction.py::test_zone_name_iteration[Zone0]
tests/test_transaction.py::test_zone_name_iteration[Zone1]
tests/test_transaction.py::test_iteration_in_replacement_txn[Zone0]
tests/test_transaction.py::test_iteration_in_replacement_txn[Zone1]
tests/test_transaction.py::test_replacement_commit[Zone0]
tests/test_transaction.py::test_replacement_commit[Zone1]
tests/test_transaction.py::test_replacement_get[Zone0]
tests/test_transaction.py::test_replacement_get[Zone1]
tests/test_transaction.py::test_vzone_read_only
tests/test_transaction.py::test_vzone_multiple_versions
tests/test_transaction.py::test_vzone_open_txn_pins_versions
tests/test_transaction.py::test_vzone_concurrency
tests/test_tsig.py::TSIGTestCase::test_get_context
tests/test_tsig.py::TSIGTestCase::test_gss_key_repr
tests/test_tsig.py::TSIGTestCase::test_gssapi_context
tests/test_tsig.py::TSIGTestCase::test_hmac_sha256_128
tests/test_tsig.py::TSIGTestCase::test_hmac_sha384_192
tests/test_tsig.py::TSIGTestCase::test_hmac_sha512_256
tests/test_tsig.py::TSIGTestCase::test_make_response_to_unverified
tests/test_tsig.py::TSIGTestCase::test_multi
tests/test_tsig.py::TSIGTestCase::test_multi_with_pad
tests/test_tsig.py::TSIGTestCase::test_non_gss_key_repr
tests/test_tsig.py::TSIGTestCase::test_peer_errors
tests/test_tsig.py::TSIGTestCase::test_render_message_with_existing_tsig
tests/test_tsig.py::TSIGTestCase::test_sign_and_validate
tests/test_tsig.py::TSIGTestCase::test_sign_and_validate_with_other_data
tests/test_tsig.py::TSIGTestCase::test_sign_respond_and_validate
tests/test_tsig.py::TSIGTestCase::test_signature_is_invalid
tests/test_tsig.py::TSIGTestCase::test_signature_is_invalid_and_ignored
tests/test_tsig.py::TSIGTestCase::test_text_hmac_sha256_128
tests/test_tsig.py::TSIGTestCase::test_text_hmac_sha384_192
tests/test_tsig.py::TSIGTestCase::test_text_hmac_sha512_256
tests/test_tsig.py::TSIGTestCase::test_tsig_message_properties
tests/test_tsig.py::TSIGTestCase::test_validate
tests/test_tsig.py::TSIGTestCase::test_validate_with_bad_keyring
tests/test_tsig.py::TSIGTestCase::test_verify_mac_for_context
tests/test_tsigkeyring.py::TSIGKeyRingTestCase::test_from_alt_text
tests/test_tsigkeyring.py::TSIGKeyRingTestCase::test_from_and_to_text
tests/test_tsigkeyring.py::TSIGKeyRingTestCase::test_from_file_1
tests/test_tsigkeyring.py::TSIGKeyRingTestCase::test_from_file_2
tests/test_tsigkeyring.py::TSIGKeyRingTestCase::test_from_file_3
tests/test_tsigkeyring.py::TSIGKeyRingTestCase::test_from_file_4
tests/test_tsigkeyring.py::TSIGKeyRingTestCase::test_from_file_error
tests/test_tsigkeyring.py::TSIGKeyRingTestCase::test_from_old_text
tests/test_tsigkeyring.py::TSIGKeyRingTestCase::test_from_text
tests/test_tsigkeyring.py::TSIGKeyRingTestCase::test_old_from_and_to_text
tests/test_tsigkeyring.py::TSIGKeyRingTestCase::test_old_to_text
tests/test_tsigkeyring.py::TSIGKeyRingTestCase::test_to_text
tests/test_ttl.py::TTLTestCase::test_bind_style_bad_unit
tests/test_ttl.py::TTLTestCase::test_bind_style_leading_unit
tests/test_ttl.py::TTLTestCase::test_bind_style_no_unit
tests/test_ttl.py::TTLTestCase::test_bind_style_ok
tests/test_ttl.py::TTLTestCase::test_bind_style_ok2
tests/test_ttl.py::TTLTestCase::test_bind_style_unit_without_digits
tests/test_ttl.py::TTLTestCase::test_empty
tests/test_ttl.py::TTLTestCase::test_non_decimal_unicode_digits
tests/test_ttl.py::TTLTestCase::test_ttl_technically_too_big
tests/test_ttl.py::TTLTestCase::test_ttl_technically_too_big_but_tolerated
tests/test_update.py::UpdateTestCase::test_TSIG
tests/test_update.py::UpdateTestCase::test_added_rdata
tests/test_update.py::UpdateTestCase::test_added_rdataset
tests/test_update.py::UpdateTestCase::test_any_any_with_rdata_from_wire
tests/test_update.py::UpdateTestCase::test_any_with_rdata_from_wire
tests/test_update.py::UpdateTestCase::test_bad_zone_class_from_wire
tests/test_update.py::UpdateTestCase::test_bad_zone_multi_from_wire
tests/test_update.py::UpdateTestCase::test_bad_zone_type_from_wire
tests/test_update.py::UpdateTestCase::test_delete_rdataset
tests/test_update.py::UpdateTestCase::test_deleted_rdata
tests/test_update.py::UpdateTestCase::test_from_text1
tests/test_update.py::UpdateTestCase::test_from_wire
tests/test_update.py::UpdateTestCase::test_good_explicit_delete_wire
tests/test_update.py::UpdateTestCase::test_is_response
tests/test_update.py::UpdateTestCase::test_making_UpdateSection
tests/test_update.py::UpdateTestCase::test_no_zone_section_from_wire
tests/test_update.py::UpdateTestCase::test_none_with_rdata_from_wire
tests/test_update.py::UpdateTestCase::test_replaced_rdata
tests/test_update.py::UpdateTestCase::test_replaced_rdataset
tests/test_update.py::UpdateTestCase::test_setters
tests/test_update.py::UpdateTestCase::test_to_wire1
tests/test_update.py::UpdateTestCase::test_to_wire2
tests/test_update.py::UpdateTestCase::test_to_wire3
tests/test_wire.py::BinaryTestCase::test_basic
tests/test_wire.py::BinaryTestCase::test_compressed_name
tests/test_wire.py::BinaryTestCase::test_name
tests/test_wire.py::BinaryTestCase::test_not_reading_everything_in_restriction
tests/test_wire.py::BinaryTestCase::test_prefixed_length
tests/test_wire.py::BinaryTestCase::test_prefixed_length_overflow
tests/test_wire.py::BinaryTestCase::test_relativized_name
tests/test_wire.py::BinaryTestCase::test_restriction_does_not_mask_exception
tests/test_wire.py::BinaryTestCase::test_seek
tests/test_xfr.py::test_basic_axfr
tests/test_xfr.py::test_basic_axfr_unversioned
tests/test_xfr.py::test_basic_axfr_two_parts
tests/test_xfr.py::test_axfr_unexpected_origin
tests/test_xfr.py::test_axfr_with_non_subdomain_glue
tests/test_xfr.py::test_basic_ixfr
tests/test_xfr.py::test_basic_ixfr_unversioned
tests/test_xfr.py::test_compressed_ixfr
tests/test_xfr.py::test_basic_ixfr_many_parts
tests/test_xfr.py::test_good_empty_ixfr
tests/test_xfr.py::test_retry_tcp_ixfr
tests/test_xfr.py::test_bad_empty_ixfr
tests/test_xfr.py::test_serial_went_backwards_ixfr
tests/test_xfr.py::test_ixfr_is_axfr
tests/test_xfr.py::test_ixfr_is_axfr_two_parts
tests/test_xfr.py::test_ixfr_requires_serial
tests/test_xfr.py::test_ixfr_unexpected_end_bad_diff_sequence
tests/test_xfr.py::test_udp_ixfr_unexpected_end_just_stops
tests/test_xfr.py::test_ixfr_bad_serial
tests/test_xfr.py::test_no_udp_with_axfr
tests/test_xfr.py::test_refused
tests/test_xfr.py::test_bad_qname
tests/test_xfr.py::test_bad_qtype
tests/test_xfr.py::test_soa_not_first
tests/test_xfr.py::test_no_answer
tests/test_xfr.py::test_axfr_answers_after_final_soa
tests/test_xfr.py::test_make_query_basic
tests/test_xfr.py::test_make_query_bad_serial
tests/test_xfr.py::test_extract_serial_from_query
tests/test_xfr.py::test_sync_inbound_xfr
tests/test_xfr.py::test_asyncio_inbound_xfr
tests/test_xfr.py::test_sync_retry_tcp_inbound_xfr
tests/test_xfr.py::test_asyncio_retry_tcp_inbound_xfr
tests/test_zone.py::ZoneTestCase::testAllowedButNotImplementedDirective
tests/test_zone.py::ZoneTestCase::testBadClass
tests/test_zone.py::ZoneTestCase::testBadDirective
tests/test_zone.py::ZoneTestCase::testBadReplacement
tests/test_zone.py::ZoneTestCase::testCnameAndOtherDataAddCname
tests/test_zone.py::ZoneTestCase::testCnameAndOtherDataAddOther
tests/test_zone.py::ZoneTestCase::testCnameAndOtherDataInZonefile
tests/test_zone.py::ZoneTestCase::testCodec2003
tests/test_zone.py::ZoneTestCase::testCodec2008
tests/test_zone.py::ZoneTestCase::testComments
tests/test_zone.py::ZoneTestCase::testDangling
tests/test_zone.py::ZoneTestCase::testDeleteRdataset1
tests/test_zone.py::ZoneTestCase::testDeleteRdataset2
tests/test_zone.py::ZoneTestCase::testDollarOriginSetsZoneOriginIfUnknown
tests/test_zone.py::ZoneTestCase::testEqual
tests/test_zone.py::ZoneTestCase::testEqualClassBeforeTTL
tests/test_zone.py::ZoneTestCase::testExplicitInclude
tests/test_zone.py::ZoneTestCase::testExplicitIncludeNotUpperNoDollar
tests/test_zone.py::ZoneTestCase::testExplicitLowerCase
tests/test_zone.py::ZoneTestCase::testExplicitWithoutInclude1
tests/test_zone.py::ZoneTestCase::testExplicitWithoutInclude2
tests/test_zone.py::ZoneTestCase::testFindRRset1
tests/test_zone.py::ZoneTestCase::testFindRRset2
tests/test_zone.py::ZoneTestCase::testFindRdataset1
tests/test_zone.py::ZoneTestCase::testFindRdataset2
tests/test_zone.py::ZoneTestCase::testFirstRRStartsWithWhitespace
tests/test_zone.py::ZoneTestCase::testFromFile1
tests/test_zone.py::ZoneTestCase::testFromFile2
tests/test_zone.py::ZoneTestCase::testFromText
tests/test_zone.py::ZoneTestCase::testGenerate
tests/test_zone.py::ZoneTestCase::testGetRRset1
tests/test_zone.py::ZoneTestCase::testGetRRset2
tests/test_zone.py::ZoneTestCase::testGetRdataset1
tests/test_zone.py::ZoneTestCase::testGetRdataset2
tests/test_zone.py::ZoneTestCase::testGetRdatasetWithRelativeNameFromAbsoluteZone
tests/test_zone.py::ZoneTestCase::testImmutableNodes
tests/test_zone.py::ZoneTestCase::testInclude
tests/test_zone.py::ZoneTestCase::testIterateAllRdatas
tests/test_zone.py::ZoneTestCase::testIterateAllRdatasets
tests/test_zone.py::ZoneTestCase::testIterateNodes
tests/test_zone.py::ZoneTestCase::testIterateRdatas
tests/test_zone.py::ZoneTestCase::testIterateRdatasets
tests/test_zone.py::ZoneTestCase::testJustificationAndDefaultTTL
tests/test_zone.py::ZoneTestCase::testNameInZoneWhereNameIsNotValid
tests/test_zone.py::ZoneTestCase::testNameInZoneWithStr
tests/test_zone.py::ZoneTestCase::testNoInclude
tests/test_zone.py::ZoneTestCase::testNoNS
tests/test_zone.py::ZoneTestCase::testNoSOA
tests/test_zone.py::ZoneTestCase::testNoTTL
tests/test_zone.py::ZoneTestCase::testNodeDeleteRdataset1
tests/test_zone.py::ZoneTestCase::testNodeDeleteRdataset2
tests/test_zone.py::ZoneTestCase::testNodeFindRdataset1
tests/test_zone.py::ZoneTestCase::testNodeFindRdataset2
tests/test_zone.py::ZoneTestCase::testNodeFindRdataset3
tests/test_zone.py::ZoneTestCase::testNodeGetRdataset1
tests/test_zone.py::ZoneTestCase::testNodeGetRdataset2
tests/test_zone.py::ZoneTestCase::testNodeGetSetDel
tests/test_zone.py::ZoneTestCase::testNodeReplaceRdatasetConvertsRRsets
tests/test_zone.py::ZoneTestCase::testNotEqual1
tests/test_zone.py::ZoneTestCase::testNotEqual2
tests/test_zone.py::ZoneTestCase::testNotEqual3
tests/test_zone.py::ZoneTestCase::testRelativeNameLengthChecks
tests/test_zone.py::ZoneTestCase::testReplaceRdataset1
tests/test_zone.py::ZoneTestCase::testReplaceRdataset2
tests/test_zone.py::ZoneTestCase::testTTLFromLast
tests/test_zone.py::ZoneTestCase::testTTLFromSOA
tests/test_zone.py::ZoneTestCase::testTTLs
tests/test_zone.py::ZoneTestCase::testToFileBinary
tests/test_zone.py::ZoneTestCase::testToFileBinaryStream
tests/test_zone.py::ZoneTestCase::testToFileBinaryWithOrigin
tests/test_zone.py::ZoneTestCase::testToFileFilename
tests/test_zone.py::ZoneTestCase::testToFileTextual
tests/test_zone.py::ZoneTestCase::testToFileTextualStream
tests/test_zone.py::ZoneTestCase::testToFileTextualWithOrigin
tests/test_zone.py::ZoneTestCase::testToText
tests/test_zone.py::ZoneTestCase::testTorture1
tests/test_zone.py::ZoneTestCase::testUncomparable
tests/test_zone.py::ZoneTestCase::testUnicodeThereAndBack
tests/test_zone.py::ZoneTestCase::testUnknownOrigin
tests/test_zone.py::ZoneTestCase::testUnknownRdatatype
tests/test_zone.py::ZoneTestCase::testUnsorted
tests/test_zone.py::ZoneTestCase::testUseLastTTL
tests/test_zone.py::ZoneTestCase::testValidateNameRelativizesNameInZone
tests/test_zone.py::ZoneTestCase::testZoneFromXFR
tests/test_zone.py::ZoneTestCase::testZoneMiscCases
tests/test_zone.py::ZoneTestCase::testZoneOrigin
tests/test_zone.py::ZoneTestCase::testZoneOriginNone
tests/test_zone.py::VersionedZoneTestCase::testCannotSpecifyBothSerialAndVersionIdToReader
tests/test_zone.py::VersionedZoneTestCase::testCnameAndOtherDataAddCname
tests/test_zone.py::VersionedZoneTestCase::testCnameAndOtherDataAddOther
tests/test_zone.py::VersionedZoneTestCase::testGetRdataset1
tests/test_zone.py::VersionedZoneTestCase::testGetRdataset2
tests/test_zone.py::VersionedZoneTestCase::testGetSoa
tests/test_zone.py::VersionedZoneTestCase::testGetSoaEmptyZone
tests/test_zone.py::VersionedZoneTestCase::testGetSoaTxn
tests/test_zone.py::VersionedZoneTestCase::testImmutableNodes
tests/test_zone.py::VersionedZoneTestCase::testNoRelativizeReader
tests/test_zone.py::VersionedZoneTestCase::testNoRelativizeReaderAbsoluteGet
tests/test_zone.py::VersionedZoneTestCase::testNoRelativizeReaderOriginInText
tests/test_zone.py::VersionedZoneTestCase::testSelectDefaultPruningPolicy
tests/test_zone.py::VersionedZoneTestCase::testSetAlternatePruningPolicyInConstructor
tests/test_zone.py::VersionedZoneTestCase::testUnknownSerial
tests/test_zone.py::VersionedZoneTestCase::testUnknownVersion
tests/test_zone.py::VersionedZoneTestCase::testUseTransaction
tests/test_zone.py::BTreeZoneTestCase::testCannotSpecifyBothSerialAndVersionIdToReader
tests/test_zone.py::BTreeZoneTestCase::testCnameAndOtherDataAddCname
tests/test_zone.py::BTreeZoneTestCase::testCnameAndOtherDataAddOther
tests/test_zone.py::BTreeZoneTestCase::testGetRdataset1
tests/test_zone.py::BTreeZoneTestCase::testGetRdataset2
tests/test_zone.py::BTreeZoneTestCase::testGetSoa
tests/test_zone.py::BTreeZoneTestCase::testGetSoaEmptyZone
tests/test_zone.py::BTreeZoneTestCase::testGetSoaTxn
tests/test_zone.py::BTreeZoneTestCase::testImmutableNodes
tests/test_zone.py::BTreeZoneTestCase::testNoRelativizeReader
tests/test_zone.py::BTreeZoneTestCase::testNoRelativizeReaderAbsoluteGet
tests/test_zone.py::BTreeZoneTestCase::testNoRelativizeReaderOriginInText
tests/test_zone.py::BTreeZoneTestCase::testSelectDefaultPruningPolicy
tests/test_zone.py::BTreeZoneTestCase::testSetAlternatePruningPolicyInConstructor
tests/test_zone.py::BTreeZoneTestCase::testUnknownSerial
tests/test_zone.py::BTreeZoneTestCase::testUnknownVersion
tests/test_zone.py::BTreeZoneTestCase::testUseTransaction
tests/test_zonedigest.py::ZoneDigestTestCase::test_relative_zone_sorting
tests/test_zonedigest.py::ZoneDigestTestCase::test_zonemd_complex
tests/test_zonedigest.py::ZoneDigestTestCase::test_zonemd_invalid_digest_length
tests/test_zonedigest.py::ZoneDigestTestCase::test_zonemd_multiple_digests
tests/test_zonedigest.py::ZoneDigestTestCase::test_zonemd_no_digest
tests/test_zonedigest.py::ZoneDigestTestCase::test_zonemd_parse_rdata
tests/test_zonedigest.py::ZoneDigestTestCase::test_zonemd_parse_rdata_reserved
tests/test_zonedigest.py::ZoneDigestTestCase::test_zonemd_simple
tests/test_zonedigest.py::ZoneDigestTestCase::test_zonemd_simple_absolute
tests/test_zonedigest.py::ZoneDigestTestCase::test_zonemd_unknown_hash_algorithm
tests/test_zonedigest.py::ZoneDigestTestCase::test_zonemd_unknown_scheme

1400 tests collected in 0.47s
