...........sssssssssssssssssssssssssssss................................ [  5%]
........................ssssssssssssssssssssssssssssssssssssssssssssssss [ 10%]
ssssssssssssssssssssssssssssssssssssssssss.............................. [ 15%]
...ss................................................................... [ 20%]
........................................................................ [ 25%]
........................................................................ [ 30%]
........................................................................ [ 36%]
........................................................................ [ 41%]
..............................ssssssssssss...........ssssssssssss....... [ 46%]
........................................................................ [ 51%]
........................................................................ [ 56%]
........................................................................ [ 61%]
.................................sssssssssssssssssssss........ssssssssss [ 66%]
ssssss....s............................................................. [ 72%]
........................................................................ [ 77%]
........................................................................ [ 82%]
........................................................................ [ 87%]
........................................ssss............................ [ 92%]
........................................................................ [ 97%]
................................                                         [100%]
1213 passed, 187 skipped in 1.10s
