Traceback (most recent call last):
  File "/encoder-python/transformers/utils/import_utils.py", line 2073, in _get_module
    return importlib.import_module("." + module_name, self.__name__)
           ^^^^^^^^^^^^^^^^^^^^^^^^^^^^^^^^^^^^^^^^^^^^^^^^^^^^^^^^^
  File "/usr/lib/python3.12/importlib/__init__.py", line 90, in import_module
    return _bootstrap._gcd_import(name[level:], package, level)
           ^^^^^^^^^^^^^^^^^^^^^^^^^^^^^^^^^^^^^^^^^^^^^^^^^^^^
  File "<frozen importlib._bootstrap>", line 1387, in _gcd_import
  File "<frozen importlib._bootstrap>", line 1360, in _find_and_load
  File "<frozen importlib._bootstrap>", line 1331, in _find_and_load_unlocked
  File "<frozen importlib._bootstrap>", line 935, in _load_unlocked
  File "<frozen importlib._bootstrap_external>", line 995, in exec_module
  File "<frozen importlib._bootstrap>", line 488, in _call_with_frames_removed
  File "/encoder-python/transformers/models/bert/modeling_bert.py", line 44, in <module>
    from ...modeling_utils import PreTrainedModel
  File "/encoder-python/transformers/modeling_utils.py", line 72, in <module>
    from .loss.loss_utils import LOSS_MAPPING
  File "/encoder-python/transformers/loss/loss_utils.py", line 21, in <module>
    from .loss_d_fine import DFineForObjectDetectionLoss
  File "/encoder-python/transformers/loss/loss_d_fine.py", line 21, in <module>
    from .loss_for_object_detection import (
  File "/encoder-python/transformers/loss/loss_for_object_detection.py", line 28, in <module>
    from scipy.optimize import linear_sum_assignment
  File "/usr/lib/python3/dist-packages/scipy/optimize/__init__.py", line 409, in <module>
    from ._optimize import *
  File "/usr/lib/python3/dist-packages/scipy/optimize/_optimize.py", line 34, in <module>
    from scipy.sparse.linalg import LinearOperator
  File "/usr/lib/python3/dist-packages/scipy/sparse/__init__.py", line 287, in <module>
    from . import csgraph
  File "/usr/lib/python3/dist-packages/scipy/sparse/csgraph/__init__.py", line 185, in <module>
    from ._laplacian import laplacian
  File "/usr/lib/python3/dist-packages/scipy/sparse/csgraph/_laplacian.py", line 7, in <module>
    from scipy.sparse.linalg import LinearOperator
  File "/usr/lib/python3/dist-packages/scipy/sparse/linalg/__init__.py", line 120, in <module>
    from ._isolve import *
  File "/usr/lib/python3/dist-packages/scipy/sparse/linalg/_isolve/__init__.py", line 4, in <module>
    from .iterative import *
  File "/usr/lib/python3/dist-packages/scipy/sparse/linalg/_isolve/iterative.py", line 9, in <module>
    from . import _iterative
ImportError: liblapack.so.3: cannot open shared object file: No such file or directory

The above exception was the direct cause of the following exception:

Traceback (most recent call last):
  File "/encoder-python/transformers/utils/import_utils.py", line 2045, in __getattr__
    module = self._get_module(self._class_to_module[name])
             ^^^^^^^^^^^^^^^^^^^^^^^^^^^^^^^^^^^^^^^^^^^^^
  File "/encoder-python/transformers/utils/import_utils.py", line 2075, in _get_module
    raise RuntimeError(
RuntimeError: Failed to import transformers.models.bert.modeling_bert because of the following error (look up to see its traceback):
liblapack.so.3: cannot open shared object file: No such file or directory

The above exception was the direct cause of the following exception:

Traceback (most recent call last):
  File "/job/encode_train_selection.py", line 29, in <module>
    model=AutoModel.from_pretrained('/encoder',local_files_only=True,trust_remote_code=False).to('cpu').eval()
          ^^^^^^^^^^^^^^^^^^^^^^^^^^^^^^^^^^^^^^^^^^^^^^^^^^^^^^^^^^^^^^^^^^^^^^^^^^^^^^^^^^^
  File "/encoder-python/transformers/models/auto/auto_factory.py", line 568, in from_pretrained
    model_class = _get_model_class(config, cls._model_mapping)
                  ^^^^^^^^^^^^^^^^^^^^^^^^^^^^^^^^^^^^^^^^^^^^
  File "/encoder-python/transformers/models/auto/auto_factory.py", line 388, in _get_model_class
    supported_models = model_mapping[type(config)]
                       ~~~~~~~~~~~~~^^^^^^^^^^^^^^
  File "/encoder-python/transformers/models/auto/auto_factory.py", line 774, in __getitem__
    return self._load_attr_from_module(model_type, model_name)
           ^^^^^^^^^^^^^^^^^^^^^^^^^^^^^^^^^^^^^^^^^^^^^^^^^^^
  File "/encoder-python/transformers/models/auto/auto_factory.py", line 788, in _load_attr_from_module
    return getattribute_from_module(self._modules[module_name], attr)
           ^^^^^^^^^^^^^^^^^^^^^^^^^^^^^^^^^^^^^^^^^^^^^^^^^^^^^^^^^^
  File "/encoder-python/transformers/models/auto/auto_factory.py", line 700, in getattribute_from_module
    if hasattr(module, attr):
       ^^^^^^^^^^^^^^^^^^^^^
  File "/encoder-python/transformers/utils/import_utils.py", line 2048, in __getattr__
    raise ModuleNotFoundError(
ModuleNotFoundError: Could not import module 'BertModel'. Are this object's requirements defined correctly?
