{
  "checks": [
    "all_actual_projection_original_input_hashes_match",
    "saved_training_success_does_not_rewrite_original_checker_OOM",
    "actual_three_T2_seeds_full_updates",
    "actual_three_T3_seeds_structural_scope_isolation",
    "actual_amended_resource_profile_preserved",
    "summary_uses_actual_adopted_execution",
    "source_usage_equals_phase_projection_but_counted_only_once",
    "actual_114_native_canaries_no_candidate_unactivated",
    "no_empty_metric_or_reset_efficacy_inference",
    "all_44_primary_cells_preserved",
    "primary_final_cells_have_no_invented_measurements",
    "human_fidelity_unknown_without_reviewer_gate",
    "manuscript_actual_success_and_limitations_join",
    "stale_failure_and_duplicate_cost_claims_removed",
    "actual_E_executor_unconditional_refusal_preserved",
    "constructed_zero_epoch_cannot_be_promoted_to_actual_completion",
    "source_guide_uses_actual_native_keyword_only_state_constructor",
    "source_guide_state_loader_and_structural_export_exist",
    "all_69_final_feedback_statuses_bound_to_final_inventory_not_prior_OOM"
  ],
  "checks_passed": 19,
  "no_new_experiment": true,
  "ok": true,
  "schema": "af-final-correction-evidence-check/v1"
}
