{
  "fabricated_human_review": false,
  "independent_fidelity_unmeasured": true,
  "ok": true,
  "public_upload": false,
  "summary_sha256": "d369e99ec3bcc9d1bbd12361ca73300d2297b5363806be77dcd2625889bb2276",
  "tables": {
    "table11_training.tex": {
      "bytes": 2447,
      "sha256": "b30c46c02a85acb43dbe46e6a4008bff6d0416bb6f32bbc2c9dc90e4f8714a14"
    },
    "table13_assistance.tex": {
      "bytes": 2209,
      "sha256": "dab02cc945ce5db5efb16685daa2d6ca4cfaef9b03a6f96781c7829611322117"
    },
    "table6_pipeline.tex": {
      "bytes": 2095,
      "sha256": "a2ebba34895da30b383954e93ec582d2738a212d15de7b329fecf5a4d0c7aa49"
    }
  },
  "unrun_is_not_zero": true
}
