{
  "fabricated_human_review": false,
  "large_artifacts_hash_bound": [
    {
      "access": {
        "publication_status": "not_uploaded_by_this_package",
        "reviewer_access": "Anonymous download of the public sentence-transformers/all-MiniLM-L6-v2 revision 1110a243fdf4706b3f48f1d95db1a4f5529b4d41 with the listed file checksum. No author-hosted URL is published.",
        "strategy": "included_in_supplement"
      },
      "bytes": 190,
      "id": "minilm:1_Pooling/config.json",
      "present_in_bundle": false,
      "sha256": "4be450dde3b0273bb9787637cfbd28fe04a7ba6ab9d36ac48e92b11e350ffc23"
    },
    {
      "access": {
        "publication_status": "not_uploaded_by_this_package",
        "reviewer_access": "Anonymous download of the public sentence-transformers/all-MiniLM-L6-v2 revision 1110a243fdf4706b3f48f1d95db1a4f5529b4d41 with the listed file checksum. No author-hosted URL is published.",
        "strategy": "included_in_supplement"
      },
      "bytes": 10502,
      "id": "minilm:README.md",
      "present_in_bundle": false,
      "sha256": "dcd602d2fd35c203a247304a06fec6654a12f7941b739f9221a064fe8dc3b7f0"
    },
    {
      "access": {
        "publication_status": "not_uploaded_by_this_package",
        "reviewer_access": "Anonymous download of the public sentence-transformers/all-MiniLM-L6-v2 revision 1110a243fdf4706b3f48f1d95db1a4f5529b4d41 with the listed file checksum. No author-hosted URL is published.",
        "strategy": "included_in_supplement"
      },
      "bytes": 612,
      "id": "minilm:config.json",
      "present_in_bundle": false,
      "sha256": "953f9c0d463486b10a6871cc2fd59f223b2c70184f49815e7efbcab5d8908b41"
    },
    {
      "access": {
        "publication_status": "not_uploaded_by_this_package",
        "reviewer_access": "Anonymous download of the public sentence-transformers/all-MiniLM-L6-v2 revision 1110a243fdf4706b3f48f1d95db1a4f5529b4d41 with the listed file checksum. No author-hosted URL is published.",
        "strategy": "included_in_supplement"
      },
      "bytes": 116,
      "id": "minilm:config_sentence_transformers.json",
      "present_in_bundle": false,
      "sha256": "061ca9d39661d6c6d6de5ba27f79a1cd5770ea247f8d46412a68a498dc5ac9f3"
    },
    {
      "access": {
        "publication_status": "not_uploaded_by_this_package",
        "reviewer_access": "Anonymous download of the public sentence-transformers/all-MiniLM-L6-v2 revision 1110a243fdf4706b3f48f1d95db1a4f5529b4d41 with the listed file checksum. No author-hosted URL is published.",
        "strategy": "public_model_hub_anonymous_download"
      },
      "bytes": 90868376,
      "id": "minilm:model.safetensors",
      "present_in_bundle": false,
      "sha256": "53aa51172d142c89d9012cce15ae4d6cc0ca6895895114379cacb4fab128d9db"
    },
    {
      "access": {
        "publication_status": "not_uploaded_by_this_package",
        "reviewer_access": "Anonymous download of the public sentence-transformers/all-MiniLM-L6-v2 revision 1110a243fdf4706b3f48f1d95db1a4f5529b4d41 with the listed file checksum. No author-hosted URL is published.",
        "strategy": "included_in_supplement"
      },
      "bytes": 349,
      "id": "minilm:modules.json",
      "present_in_bundle": false,
      "sha256": "84e40c8e006c9b1d6c122e02cba9b02458120b5fb0c87b746c41e0207cf642cf"
    },
    {
      "access": {
        "publication_status": "not_uploaded_by_this_package",
        "reviewer_access": "Anonymous download of the public sentence-transformers/all-MiniLM-L6-v2 revision 1110a243fdf4706b3f48f1d95db1a4f5529b4d41 with the listed file checksum. No author-hosted URL is published.",
        "strategy": "included_in_supplement"
      },
      "bytes": 53,
      "id": "minilm:sentence_bert_config.json",
      "present_in_bundle": false,
      "sha256": "fc1993fde0a95c24ec6c022539d41cf6e2f7c9721e5415d6fb6897472a9cd4b7"
    },
    {
      "access": {
        "publication_status": "not_uploaded_by_this_package",
        "reviewer_access": "Anonymous download of the public sentence-transformers/all-MiniLM-L6-v2 revision 1110a243fdf4706b3f48f1d95db1a4f5529b4d41 with the listed file checksum. No author-hosted URL is published.",
        "strategy": "included_in_supplement"
      },
      "bytes": 112,
      "id": "minilm:special_tokens_map.json",
      "present_in_bundle": false,
      "sha256": "303df45a03609e4ead04bc3dc1536d0ab19b5358db685b6f3da123d05ec200e3"
    },
    {
      "access": {
        "publication_status": "not_uploaded_by_this_package",
        "reviewer_access": "Anonymous download of the public sentence-transformers/all-MiniLM-L6-v2 revision 1110a243fdf4706b3f48f1d95db1a4f5529b4d41 with the listed file checksum. No author-hosted URL is published.",
        "strategy": "included_in_supplement"
      },
      "bytes": 466247,
      "id": "minilm:tokenizer.json",
      "present_in_bundle": false,
      "sha256": "be50c3628f2bf5bb5e3a7f17b1f74611b2561a3a27eeab05e5aa30f411572037"
    },
    {
      "access": {
        "publication_status": "not_uploaded_by_this_package",
        "reviewer_access": "Anonymous download of the public sentence-transformers/all-MiniLM-L6-v2 revision 1110a243fdf4706b3f48f1d95db1a4f5529b4d41 with the listed file checksum. No author-hosted URL is published.",
        "strategy": "included_in_supplement"
      },
      "bytes": 350,
      "id": "minilm:tokenizer_config.json",
      "present_in_bundle": false,
      "sha256": "acb92769e8195aabd29b7b2137a9e6d6e25c476a4f15aa4355c233426c61576b"
    },
    {
      "access": {
        "publication_status": "not_uploaded_by_this_package",
        "reviewer_access": "Anonymous download of the public sentence-transformers/all-MiniLM-L6-v2 revision 1110a243fdf4706b3f48f1d95db1a4f5529b4d41 with the listed file checksum. No author-hosted URL is published.",
        "strategy": "included_in_supplement"
      },
      "bytes": 231508,
      "id": "minilm:vocab.txt",
      "present_in_bundle": false,
      "sha256": "07eced375cec144d27c900241f3e339478dec958f92fddbc551f295c992038a3"
    },
    {
      "access": {
        "publication_status": "not_uploaded",
        "reviewer_access": "States exceed the 100 MB supplement limit. Exact SHA-256 values are recorded. Bytes may be provided through the venue anonymous channel on request. They are not required to regenerate reported Tables 6/11/13.",
        "strategy": "hash_bound_anonymous_artifact_store_on_request"
      },
      "bytes": 5879300067,
      "id": "native-checkpoint:T2-104729-final.json",
      "present_in_bundle": false,
      "sha256": "a7128b133296bbfb18c5d92e85da088f1e1d57cd5a87ad2147a48efb57217932"
    },
    {
      "access": {
        "publication_status": "not_uploaded",
        "reviewer_access": "States exceed the 100 MB supplement limit. Exact SHA-256 values are recorded. Bytes may be provided through the venue anonymous channel on request. They are not required to regenerate reported Tables 6/11/13.",
        "strategy": "hash_bound_anonymous_artifact_store_on_request"
      },
      "bytes": 5879301981,
      "id": "native-checkpoint:T2-130363-final.json",
      "present_in_bundle": false,
      "sha256": "7ea1f7a8e11d65958fa1900069471e1367c67bfb750091af0488b763f2a8c828"
    },
    {
      "access": {
        "publication_status": "not_uploaded",
        "reviewer_access": "States exceed the 100 MB supplement limit. Exact SHA-256 values are recorded. Bytes may be provided through the venue anonymous channel on request. They are not required to regenerate reported Tables 6/11/13.",
        "strategy": "hash_bound_anonymous_artifact_store_on_request"
      },
      "bytes": 5879278275,
      "id": "native-checkpoint:T2-155921-final.json",
      "present_in_bundle": false,
      "sha256": "cdd3f96c6bea69f864fe59760703f1de1f426f04713bddfd0ec40fda6d38b18d"
    },
    {
      "access": {
        "publication_status": "not_uploaded",
        "reviewer_access": "States exceed the 100 MB supplement limit. Exact SHA-256 values are recorded. Bytes may be provided through the venue anonymous channel on request. They are not required to regenerate reported Tables 6/11/13.",
        "strategy": "hash_bound_anonymous_artifact_store_on_request"
      },
      "bytes": 5879326750,
      "id": "native-checkpoint:T3-104729-final.json",
      "present_in_bundle": false,
      "sha256": "324e0488bf71b87124d431fd4b7099d6f5a7b4fc45b0c537e524c611f4d13dd0"
    },
    {
      "access": {
        "publication_status": "not_uploaded",
        "reviewer_access": "States exceed the 100 MB supplement limit. Exact SHA-256 values are recorded. Bytes may be provided through the venue anonymous channel on request. They are not required to regenerate reported Tables 6/11/13.",
        "strategy": "hash_bound_anonymous_artifact_store_on_request"
      },
      "bytes": 5879328664,
      "id": "native-checkpoint:T3-130363-final.json",
      "present_in_bundle": false,
      "sha256": "bd76ef019fbdc97c57dc56d05359c875aac9887e21f835af4c5d483ec104794e"
    },
    {
      "access": {
        "publication_status": "not_uploaded",
        "reviewer_access": "States exceed the 100 MB supplement limit. Exact SHA-256 values are recorded. Bytes may be provided through the venue anonymous channel on request. They are not required to regenerate reported Tables 6/11/13.",
        "strategy": "hash_bound_anonymous_artifact_store_on_request"
      },
      "bytes": 5879304958,
      "id": "native-checkpoint:T3-155921-final.json",
      "present_in_bundle": false,
      "sha256": "e161f648d75653bc0e1c1515992028838ec6c96b3b87bbde0e2896bf6e809fdc"
    },
    {
      "access": {
        "publication_status": "not_uploaded",
        "reviewer_access": "Checkpoint identity is the SHA-256 recorded in the baseline manifest. Raw state files are not in the supplement. Table 11 held-out fidelity remains unmeasured.",
        "strategy": "hash_bound_anonymous_artifact_store_on_request"
      },
      "bytes": null,
      "id": "baseline-checkpoint:5975e52cd3db",
      "present_in_bundle": false,
      "sha256": "5975e52cd3db3f1ac7e8be248351d685782e102a56d69dd17ecb4b1ef1d23737"
    },
    {
      "access": {
        "publication_status": "not_uploaded",
        "reviewer_access": "Checkpoint identity is the SHA-256 recorded in the baseline manifest. Raw state files are not in the supplement. Table 11 held-out fidelity remains unmeasured.",
        "strategy": "hash_bound_anonymous_artifact_store_on_request"
      },
      "bytes": null,
      "id": "baseline-checkpoint:1a1bb5919cbc",
      "present_in_bundle": false,
      "sha256": "1a1bb5919cbc0808381e69de3629c3a9da2f65de88994661b0e89a0ab63feba9"
    },
    {
      "access": {
        "publication_status": "not_uploaded",
        "reviewer_access": "Checkpoint identity is the SHA-256 recorded in the baseline manifest. Raw state files are not in the supplement. Table 11 held-out fidelity remains unmeasured.",
        "strategy": "hash_bound_anonymous_artifact_store_on_request"
      },
      "bytes": null,
      "id": "baseline-checkpoint:f25507dfc60b",
      "present_in_bundle": false,
      "sha256": "f25507dfc60b2dd8a0093bb96c0f4633a665d1dc95713799a6349abe331f9e34"
    },
    {
      "access": {
        "publication_status": "not_uploaded",
        "reviewer_access": "Checkpoint identity is the SHA-256 recorded in the baseline manifest. Raw state files are not in the supplement. Table 11 held-out fidelity remains unmeasured.",
        "strategy": "hash_bound_anonymous_artifact_store_on_request"
      },
      "bytes": null,
      "id": "baseline-checkpoint:b628a9466f2e",
      "present_in_bundle": false,
      "sha256": "b628a9466f2ecd660ec674c51a5bcd9e07dde3fb30b30829908527e6fa52c0e3"
    },
    {
      "access": {
        "publication_status": "not_uploaded",
        "reviewer_access": "Original bytes may contain operator-local paths, runtime receipts, or the private S01-S40 ledger. They are withheld from the anonymous ZIP. The SHA-256 is recorded. Table regeneration uses the included frozen results and clean manifests. The actual-execution scalar projection retains exact original hashes; original execution replay is not performed by the table regenerator.",
        "strategy": "excluded_operator_local_paths"
      },
      "bytes": 6296,
      "id": "checkpoints/native_training/manifest.json",
      "present_in_bundle": false,
      "sha256": "a6cc9c3fa78c365977c8409b9a02e479a4cce8b3b3bde8035e889e40064a9fa3"
    },
    {
      "access": {
        "publication_status": "not_uploaded",
        "reviewer_access": "Original bytes may contain operator-local paths, runtime receipts, or the private S01-S40 ledger. They are withheld from the anonymous ZIP. The SHA-256 is recorded. Table regeneration uses the included frozen results and clean manifests. The actual-execution scalar projection retains exact original hashes; original execution replay is not performed by the table regenerator.",
        "strategy": "excluded_operator_local_paths"
      },
      "bytes": 22202,
      "id": "config/environment_manifest.json",
      "present_in_bundle": false,
      "sha256": "06d1ff983d6879cfbe13e700267f4d2f2d21dbc2136c5d062276a4a7dfced1d5"
    },
    {
      "access": {
        "publication_status": "not_uploaded",
        "reviewer_access": "Original bytes may contain operator-local paths, runtime receipts, or the private S01-S40 ledger. They are withheld from the anonymous ZIP. The SHA-256 is recorded. Table regeneration uses the included frozen results and clean manifests. The actual-execution scalar projection retains exact original hashes; original execution replay is not performed by the table regenerator.",
        "strategy": "excluded_operator_local_paths"
      },
      "bytes": 6860,
      "id": "config/training_backend.json",
      "present_in_bundle": false,
      "sha256": "c5a8854ef62b73db3b6e53615678b35cccb33907e0a554da766509f5d48181b5"
    },
    {
      "access": {
        "publication_status": "not_uploaded",
        "reviewer_access": "Original bytes may contain operator-local paths, runtime receipts, or the private S01-S40 ledger. They are withheld from the anonymous ZIP. The SHA-256 is recorded. Table regeneration uses the included frozen results and clean manifests. The actual-execution scalar projection retains exact original hashes; original execution replay is not performed by the table regenerator.",
        "strategy": "excluded_operator_local_paths"
      },
      "bytes": 3685,
      "id": "data/native_training_teacher_manifest.json",
      "present_in_bundle": false,
      "sha256": "3fb875b7fac796389ccbebbcbd798977fdd74e1e4198e0dda6341955c421e886"
    },
    {
      "access": {
        "publication_status": "not_uploaded",
        "reviewer_access": "Original bytes may contain operator-local paths, runtime receipts, or the private S01-S40 ledger. They are withheld from the anonymous ZIP. The SHA-256 is recorded. Table regeneration uses the included frozen results and clean manifests. The actual-execution scalar projection retains exact original hashes; original execution replay is not performed by the table regenerator.",
        "strategy": "excluded_operator_local_paths"
      },
      "bytes": 5692,
      "id": "data/teacher_manifest.json",
      "present_in_bundle": false,
      "sha256": "90dab08c92142210e386f9c71343766eba42ca920e5db0318a015a44e8ae3fa4"
    },
    {
      "access": {
        "publication_status": "not_uploaded",
        "reviewer_access": "Original bytes may contain operator-local paths, runtime receipts, or the private S01-S40 ledger. They are withheld from the anonymous ZIP. The SHA-256 is recorded. Table regeneration uses the included frozen results and clean manifests. The actual-execution scalar projection retains exact original hashes; original execution replay is not performed by the table regenerator.",
        "strategy": "excluded_operator_local_paths"
      },
      "bytes": 21236,
      "id": "evidence/consumer_activation.json",
      "present_in_bundle": false,
      "sha256": "bd85d54c59b92c40a98dc35757c35498f46ae4316da8611f0f109d9c9c6af9fe"
    },
    {
      "access": {
        "publication_status": "not_uploaded",
        "reviewer_access": "Original bytes may contain operator-local paths, runtime receipts, or the private S01-S40 ledger. They are withheld from the anonymous ZIP. The SHA-256 is recorded. Table regeneration uses the included frozen results and clean manifests. The actual-execution scalar projection retains exact original hashes; original execution replay is not performed by the table regenerator.",
        "strategy": "excluded_operator_local_paths"
      },
      "bytes": 161628,
      "id": "evidence/guidance_export.json",
      "present_in_bundle": false,
      "sha256": "7bf7cbe0641dfd7175922dd530f5d7a7158403a49fb6dbf508136ce0434dcbff"
    },
    {
      "access": {
        "publication_status": "not_uploaded",
        "reviewer_access": "Original bytes may contain operator-local paths, runtime receipts, or the private S01-S40 ledger. They are withheld from the anonymous ZIP. The SHA-256 is recorded. Table regeneration uses the included frozen results and clean manifests. The actual-execution scalar projection retains exact original hashes; original execution replay is not performed by the table regenerator.",
        "strategy": "excluded_operator_local_paths"
      },
      "bytes": 5469,
      "id": "evidence/native_training/adoption_handoff.json",
      "present_in_bundle": false,
      "sha256": "1149e384356efdb292d0cac5ff758578caa8543fb57dd2c32290df1027667c7e"
    },
    {
      "access": {
        "publication_status": "not_uploaded",
        "reviewer_access": "Original bytes may contain operator-local paths, runtime receipts, or the private S01-S40 ledger. They are withheld from the anonymous ZIP. The SHA-256 is recorded. Table regeneration uses the included frozen results and clean manifests. The actual-execution scalar projection retains exact original hashes; original execution replay is not performed by the table regenerator.",
        "strategy": "excluded_operator_local_paths"
      },
      "bytes": 34755,
      "id": "evidence/native_training/adoption_validation_costs.json",
      "present_in_bundle": false,
      "sha256": "3739b51c833f4c761a48a96ecb6e19cda2fa5158f2dac77817377a4abd54b69d"
    },
    {
      "access": {
        "publication_status": "not_uploaded",
        "reviewer_access": "Original bytes may contain operator-local paths, runtime receipts, or the private S01-S40 ledger. They are withheld from the anonymous ZIP. The SHA-256 is recorded. Table regeneration uses the included frozen results and clean manifests. The actual-execution scalar projection retains exact original hashes; original execution replay is not performed by the table regenerator.",
        "strategy": "excluded_operator_local_paths"
      },
      "bytes": 15292,
      "id": "evidence/repair_validation.json",
      "present_in_bundle": false,
      "sha256": "ef44169f2282ac27d1a632d992ee16fae55d350b2d383d1817bb0c64c836da4a"
    },
    {
      "access": {
        "publication_status": "not_uploaded",
        "reviewer_access": "Original bytes may contain operator-local paths, runtime receipts, or the private S01-S40 ledger. They are withheld from the anonymous ZIP. The SHA-256 is recorded. Table regeneration uses the included frozen results and clean manifests. The actual-execution scalar projection retains exact original hashes; original execution replay is not performed by the table regenerator.",
        "strategy": "excluded_operator_local_paths"
      },
      "bytes": 3664,
      "id": "evidence/rollback_receipt.json",
      "present_in_bundle": false,
      "sha256": "d95cc91cdc9e142d20e602af2aa68b8850e4fcf4f2ac6a5e515d3089a3f0e1ab"
    },
    {
      "access": {
        "publication_status": "not_uploaded",
        "reviewer_access": "Original bytes may contain operator-local paths, runtime receipts, or the private S01-S40 ledger. They are withheld from the anonymous ZIP. The SHA-256 is recorded. Table regeneration uses the included frozen results and clean manifests. The actual-execution scalar projection retains exact original hashes; original execution replay is not performed by the table regenerator.",
        "strategy": "excluded_operator_local_paths"
      },
      "bytes": 29578,
      "id": "evidence/source_audit_private.json",
      "present_in_bundle": false,
      "sha256": "f865eca0f686e1d179cc71c4e8a7a9c36928780468df3384b73803c9c35bd454"
    },
    {
      "access": {
        "publication_status": "not_uploaded",
        "reviewer_access": "Original bytes may contain operator-local paths, runtime receipts, or the private S01-S40 ledger. They are withheld from the anonymous ZIP. The SHA-256 is recorded. Table regeneration uses the included frozen results and clean manifests. The actual-execution scalar projection retains exact original hashes; original execution replay is not performed by the table regenerator.",
        "strategy": "excluded_operator_local_paths"
      },
      "bytes": 16714,
      "id": "receipts/AF-013.json",
      "present_in_bundle": false,
      "sha256": "e7bd5d9e5f899d44a262f7f28cd0bd5e6f22fdd67dce5a4949a87e5c8b555152"
    },
    {
      "access": {
        "publication_status": "not_uploaded",
        "reviewer_access": "Original bytes may contain operator-local paths, runtime receipts, or the private S01-S40 ledger. They are withheld from the anonymous ZIP. The SHA-256 is recorded. Table regeneration uses the included frozen results and clean manifests. The actual-execution scalar projection retains exact original hashes; original execution replay is not performed by the table regenerator.",
        "strategy": "excluded_operator_local_paths"
      },
      "bytes": 67108,
      "id": "receipts/AF-029.json",
      "present_in_bundle": false,
      "sha256": "e5afe12686ae6bf4942c922a387c0c38aff36a5dd28f409c89ec3d3234b260c8"
    },
    {
      "access": {
        "publication_status": "not_uploaded",
        "reviewer_access": "Original bytes may contain operator-local paths, runtime receipts, or the private S01-S40 ledger. They are withheld from the anonymous ZIP. The SHA-256 is recorded. Table regeneration uses the included frozen results and clean manifests. The actual-execution scalar projection retains exact original hashes; original execution replay is not performed by the table regenerator.",
        "strategy": "excluded_operator_local_paths"
      },
      "bytes": 29924,
      "id": "runs/compiler_repair/results.jsonl",
      "present_in_bundle": false,
      "sha256": "08131ec40811ef5a3b4615c08ea0b1cf7f1b0a3446cfede8c2659a5c15794280"
    },
    {
      "access": {
        "publication_status": "not_uploaded",
        "reviewer_access": "Original bytes may contain operator-local paths, runtime receipts, or the private S01-S40 ledger. They are withheld from the anonymous ZIP. The SHA-256 is recorded. Table regeneration uses the included frozen results and clean manifests. The actual-execution scalar projection retains exact original hashes; original execution replay is not performed by the table regenerator.",
        "strategy": "excluded_operator_local_paths"
      },
      "bytes": 55497,
      "id": "runs/guidance_promotion/results.jsonl",
      "present_in_bundle": false,
      "sha256": "e2898a87f9c76ab4640b4a954fed536403fb2dd32ac2aacc94087a7ad324e373"
    },
    {
      "access": {
        "publication_status": "not_uploaded",
        "reviewer_access": "Original bytes may contain operator-local paths, runtime receipts, or the private S01-S40 ledger. They are withheld from the anonymous ZIP. The SHA-256 is recorded. Table regeneration uses the included frozen results and clean manifests. The actual-execution scalar projection retains exact original hashes; original execution replay is not performed by the table regenerator.",
        "strategy": "excluded_operator_local_paths"
      },
      "bytes": 42425,
      "id": "runs/native_training/manifest.json",
      "present_in_bundle": false,
      "sha256": "5efe5c80e4f7e03301c6921fcc3b7505301c278934f3639889433aa19107a33d"
    },
    {
      "access": {
        "included_in_supplement": false,
        "publication_status": "not_uploaded",
        "reviewer_access": "Content-addressed implementation bytes may be provided through the venue's anonymous supplementary channel on request. No public URL is published.",
        "strategy": "hash_bound_anonymous_artifact_store_on_request"
      },
      "bytes": 9211,
      "id": "role:S01",
      "present_in_bundle": false,
      "sha256": "283d46385f982381bc7f3e8b4f0ed4948be834487dc4d7e7f604e091f0c857fa"
    },
    {
      "access": {
        "included_in_supplement": false,
        "publication_status": "not_uploaded",
        "reviewer_access": "Content-addressed implementation bytes may be provided through the venue's anonymous supplementary channel on request. No public URL is published.",
        "strategy": "hash_bound_anonymous_artifact_store_on_request"
      },
      "bytes": 36390,
      "id": "role:S02",
      "present_in_bundle": false,
      "sha256": "18d0a4e71385f657355366c282c65c8616c2ddb5278348ca261047f5722b79f7"
    },
    {
      "access": {
        "included_in_supplement": false,
        "publication_status": "not_uploaded",
        "reviewer_access": "Content-addressed implementation bytes may be provided through the venue's anonymous supplementary channel on request. No public URL is published.",
        "strategy": "hash_bound_anonymous_artifact_store_on_request"
      },
      "bytes": 13436,
      "id": "role:S03",
      "present_in_bundle": false,
      "sha256": "e537994d17982bd9b612c2535bf8a9da3dd10c356392b0ac543db5ab9a40ca2c"
    },
    {
      "access": {
        "included_in_supplement": false,
        "publication_status": "not_uploaded",
        "reviewer_access": "Content-addressed implementation bytes may be provided through the venue's anonymous supplementary channel on request. No public URL is published.",
        "strategy": "hash_bound_anonymous_artifact_store_on_request"
      },
      "bytes": 30716,
      "id": "role:S04",
      "present_in_bundle": false,
      "sha256": "fac9c2cda82a2b076b83ffaedbcd8188916d5511d9e2aa5a13cbe5e9a978e6e3"
    },
    {
      "access": {
        "included_in_supplement": false,
        "publication_status": "not_uploaded",
        "reviewer_access": "Content-addressed implementation bytes may be provided through the venue's anonymous supplementary channel on request. No public URL is published.",
        "strategy": "hash_bound_anonymous_artifact_store_on_request"
      },
      "bytes": 3559,
      "id": "role:S05",
      "present_in_bundle": false,
      "sha256": "7c4367457ff94628740cd2ecdb97b4a0c2878f99cb3206d4a05bc8d965ef0169"
    },
    {
      "access": {
        "included_in_supplement": false,
        "publication_status": "not_uploaded",
        "reviewer_access": "Content-addressed implementation bytes may be provided through the venue's anonymous supplementary channel on request. No public URL is published.",
        "strategy": "hash_bound_anonymous_artifact_store_on_request"
      },
      "bytes": 45113,
      "id": "role:S06",
      "present_in_bundle": false,
      "sha256": "cdf999e4ea4b26a0ef4b5043d7567ffba1385bdc070f303f217cbef96a0e5510"
    },
    {
      "access": {
        "included_in_supplement": false,
        "publication_status": "not_uploaded",
        "reviewer_access": "Content-addressed implementation bytes may be provided through the venue's anonymous supplementary channel on request. No public URL is published.",
        "strategy": "hash_bound_anonymous_artifact_store_on_request"
      },
      "bytes": 61446,
      "id": "role:S07",
      "present_in_bundle": false,
      "sha256": "effd4ae1ce39e0ce095fe2e5aca019178c822e35282a4b5f19fedf132fc11552"
    },
    {
      "access": {
        "included_in_supplement": false,
        "publication_status": "not_uploaded",
        "reviewer_access": "Content-addressed implementation bytes may be provided through the venue's anonymous supplementary channel on request. No public URL is published.",
        "strategy": "hash_bound_anonymous_artifact_store_on_request"
      },
      "bytes": 34574,
      "id": "role:S08",
      "present_in_bundle": false,
      "sha256": "2b00f9f605827e18364ba41552f39c54c8df1f2ee42732b69f04ad20c5240e87"
    },
    {
      "access": {
        "included_in_supplement": false,
        "publication_status": "not_uploaded",
        "reviewer_access": "Content-addressed implementation bytes may be provided through the venue's anonymous supplementary channel on request. No public URL is published.",
        "strategy": "hash_bound_anonymous_artifact_store_on_request"
      },
      "bytes": 66185,
      "id": "role:S09",
      "present_in_bundle": false,
      "sha256": "80204883247be10831b6d2c3f831336a80bab2a00f427f6dc35f363edd96fbb2"
    },
    {
      "access": {
        "included_in_supplement": false,
        "publication_status": "not_uploaded",
        "reviewer_access": "Content-addressed implementation bytes may be provided through the venue's anonymous supplementary channel on request. No public URL is published.",
        "strategy": "hash_bound_anonymous_artifact_store_on_request"
      },
      "bytes": 161001,
      "id": "role:S10",
      "present_in_bundle": false,
      "sha256": "2d12dff43f85c18bb20f4ac2bc878a2d2ef27a7e2b1a6dc6493b100f7138b0e0"
    },
    {
      "access": {
        "included_in_supplement": false,
        "publication_status": "not_uploaded",
        "reviewer_access": "Content-addressed implementation bytes may be provided through the venue's anonymous supplementary channel on request. No public URL is published.",
        "strategy": "hash_bound_anonymous_artifact_store_on_request"
      },
      "bytes": 521439,
      "id": "role:S11",
      "present_in_bundle": false,
      "sha256": "e1bee6ba59b916cf02cb47cb712df2e90d02f6273abf544121ab6eae59c32c9e"
    },
    {
      "access": {
        "included_in_supplement": false,
        "publication_status": "not_uploaded",
        "reviewer_access": "Content-addressed implementation bytes may be provided through the venue's anonymous supplementary channel on request. No public URL is published.",
        "strategy": "hash_bound_anonymous_artifact_store_on_request"
      },
      "bytes": 12069,
      "id": "role:S12",
      "present_in_bundle": false,
      "sha256": "bfab64afed5c3752fbd765574102a141919f157f452a78e996564516d34b5c4a"
    },
    {
      "access": {
        "included_in_supplement": false,
        "publication_status": "not_uploaded",
        "reviewer_access": "Content-addressed implementation bytes may be provided through the venue's anonymous supplementary channel on request. No public URL is published.",
        "strategy": "hash_bound_anonymous_artifact_store_on_request"
      },
      "bytes": 18168,
      "id": "role:S13",
      "present_in_bundle": false,
      "sha256": "788c95fd11c79cdc0af84e7b9e278fac802e063e59d0e4689a688abad33d8a3a"
    },
    {
      "access": {
        "included_in_supplement": false,
        "publication_status": "not_uploaded",
        "reviewer_access": "Content-addressed implementation bytes may be provided through the venue's anonymous supplementary channel on request. No public URL is published.",
        "strategy": "hash_bound_anonymous_artifact_store_on_request"
      },
      "bytes": 1738,
      "id": "role:S15",
      "present_in_bundle": false,
      "sha256": "6ce2242343fe5e3e6829bd48537eb1eabb6b7c54005da5f6f69500b9f73b905f"
    },
    {
      "access": {
        "included_in_supplement": false,
        "publication_status": "not_uploaded",
        "reviewer_access": "Content-addressed implementation bytes may be provided through the venue's anonymous supplementary channel on request. No public URL is published.",
        "strategy": "hash_bound_anonymous_artifact_store_on_request"
      },
      "bytes": 10864,
      "id": "role:S16",
      "present_in_bundle": false,
      "sha256": "1eb49f79c415ccb0cbef653126c3132d07e60a2180b8b1b0706bea71d79a96b6"
    },
    {
      "access": {
        "included_in_supplement": false,
        "publication_status": "not_uploaded",
        "reviewer_access": "Content-addressed implementation bytes may be provided through the venue's anonymous supplementary channel on request. No public URL is published.",
        "strategy": "hash_bound_anonymous_artifact_store_on_request"
      },
      "bytes": 84568,
      "id": "role:S17",
      "present_in_bundle": false,
      "sha256": "1499fdec2eb88867b122a0175fc64428239765f155d366380c98073ee4777700"
    },
    {
      "access": {
        "included_in_supplement": false,
        "publication_status": "not_uploaded",
        "reviewer_access": "Content-addressed implementation bytes may be provided through the venue's anonymous supplementary channel on request. No public URL is published.",
        "strategy": "hash_bound_anonymous_artifact_store_on_request"
      },
      "bytes": 20780,
      "id": "role:S18",
      "present_in_bundle": false,
      "sha256": "a18399d2b7e07506b1ab7e5951a27271081ec411f1d29187483cab08363c0ce9"
    },
    {
      "access": {
        "included_in_supplement": false,
        "publication_status": "not_uploaded",
        "reviewer_access": "Content-addressed implementation bytes may be provided through the venue's anonymous supplementary channel on request. No public URL is published.",
        "strategy": "hash_bound_anonymous_artifact_store_on_request"
      },
      "bytes": 48048,
      "id": "role:S19",
      "present_in_bundle": false,
      "sha256": "cc4048edefd664f3d8c1392fe3400c9059caf353f04b96d42d4f5b21edca9b9d"
    },
    {
      "access": {
        "included_in_supplement": false,
        "publication_status": "not_uploaded",
        "reviewer_access": "Content-addressed implementation bytes may be provided through the venue's anonymous supplementary channel on request. No public URL is published.",
        "strategy": "hash_bound_anonymous_artifact_store_on_request"
      },
      "bytes": 29371,
      "id": "role:S20",
      "present_in_bundle": false,
      "sha256": "157dd0aa6f119cb6e9800f75c08189e86b500eca526cbeb2242bb629339077ab"
    },
    {
      "access": {
        "included_in_supplement": false,
        "publication_status": "not_uploaded",
        "reviewer_access": "Content-addressed implementation bytes may be provided through the venue's anonymous supplementary channel on request. No public URL is published.",
        "strategy": "hash_bound_anonymous_artifact_store_on_request"
      },
      "bytes": 58285,
      "id": "role:S21",
      "present_in_bundle": false,
      "sha256": "4e042e5b1c163c6397bcd9fd0bccae665f8c43a95dca083403405cfa00179802"
    },
    {
      "access": {
        "included_in_supplement": false,
        "publication_status": "not_uploaded",
        "reviewer_access": "Content-addressed implementation bytes may be provided through the venue's anonymous supplementary channel on request. No public URL is published.",
        "strategy": "hash_bound_anonymous_artifact_store_on_request"
      },
      "bytes": 5745,
      "id": "role:S22",
      "present_in_bundle": false,
      "sha256": "86e94357d18b5894246bd237a5263f3d36739f70589b23f13ecc1910526419cd"
    },
    {
      "access": {
        "included_in_supplement": false,
        "publication_status": "not_uploaded",
        "reviewer_access": "Content-addressed implementation bytes may be provided through the venue's anonymous supplementary channel on request. No public URL is published.",
        "strategy": "hash_bound_anonymous_artifact_store_on_request"
      },
      "bytes": 316101,
      "id": "role:S23",
      "present_in_bundle": false,
      "sha256": "1c704dec09a9de95dcc491149f30bd08b396185ddd5f0041c25f69b609460f31"
    },
    {
      "access": {
        "included_in_supplement": false,
        "publication_status": "not_uploaded",
        "reviewer_access": "Content-addressed implementation bytes may be provided through the venue's anonymous supplementary channel on request. No public URL is published.",
        "strategy": "hash_bound_anonymous_artifact_store_on_request"
      },
      "bytes": 1371393,
      "id": "role:S24",
      "present_in_bundle": false,
      "sha256": "70cf31bc8204a5d9ab4c5d9b851d47b54cfc20cefbc2392f0cfe7aa67519172e"
    },
    {
      "access": {
        "included_in_supplement": false,
        "publication_status": "not_uploaded",
        "reviewer_access": "Content-addressed implementation bytes may be provided through the venue's anonymous supplementary channel on request. No public URL is published.",
        "strategy": "hash_bound_anonymous_artifact_store_on_request"
      },
      "bytes": 42863,
      "id": "role:S25",
      "present_in_bundle": false,
      "sha256": "e77289ee5e3cc80839e7679cb88848b36df97728ec5465c41b6e6e291269017e"
    },
    {
      "access": {
        "included_in_supplement": false,
        "publication_status": "not_uploaded",
        "reviewer_access": "Content-addressed implementation bytes may be provided through the venue's anonymous supplementary channel on request. No public URL is published.",
        "strategy": "hash_bound_anonymous_artifact_store_on_request"
      },
      "bytes": 69704,
      "id": "role:S26",
      "present_in_bundle": false,
      "sha256": "88ec503eac1ec43c95c5bdaf85e664b949a171d2666c9349f9952c7446e79f3a"
    },
    {
      "access": {
        "included_in_supplement": false,
        "publication_status": "not_uploaded",
        "reviewer_access": "Content-addressed implementation bytes may be provided through the venue's anonymous supplementary channel on request. No public URL is published.",
        "strategy": "hash_bound_anonymous_artifact_store_on_request"
      },
      "bytes": 69704,
      "id": "role:S27",
      "present_in_bundle": false,
      "sha256": "88ec503eac1ec43c95c5bdaf85e664b949a171d2666c9349f9952c7446e79f3a"
    },
    {
      "access": {
        "included_in_supplement": false,
        "publication_status": "not_uploaded",
        "reviewer_access": "Content-addressed implementation bytes may be provided through the venue's anonymous supplementary channel on request. No public URL is published.",
        "strategy": "hash_bound_anonymous_artifact_store_on_request"
      },
      "bytes": 69704,
      "id": "role:S28",
      "present_in_bundle": false,
      "sha256": "88ec503eac1ec43c95c5bdaf85e664b949a171d2666c9349f9952c7446e79f3a"
    },
    {
      "access": {
        "included_in_supplement": false,
        "publication_status": "not_uploaded",
        "reviewer_access": "Content-addressed implementation bytes may be provided through the venue's anonymous supplementary channel on request. No public URL is published.",
        "strategy": "hash_bound_anonymous_artifact_store_on_request"
      },
      "bytes": 62575,
      "id": "role:S29",
      "present_in_bundle": false,
      "sha256": "a535490dd20776d7388c600adc91034186fcbc41af32b823fa2215b11dbf6a13"
    },
    {
      "access": {
        "included_in_supplement": false,
        "publication_status": "not_uploaded",
        "reviewer_access": "Content-addressed implementation bytes may be provided through the venue's anonymous supplementary channel on request. No public URL is published.",
        "strategy": "hash_bound_anonymous_artifact_store_on_request"
      },
      "bytes": 56535,
      "id": "role:S30",
      "present_in_bundle": false,
      "sha256": "9ddcb15a485fdccb7ff911dfd54e6912e34c0367200c71f3c10f3c871ee924c5"
    },
    {
      "access": {
        "included_in_supplement": false,
        "publication_status": "not_uploaded",
        "reviewer_access": "Content-addressed implementation bytes may be provided through the venue's anonymous supplementary channel on request. No public URL is published.",
        "strategy": "hash_bound_anonymous_artifact_store_on_request"
      },
      "bytes": 1371393,
      "id": "role:S31",
      "present_in_bundle": false,
      "sha256": "70cf31bc8204a5d9ab4c5d9b851d47b54cfc20cefbc2392f0cfe7aa67519172e"
    },
    {
      "access": {
        "included_in_supplement": false,
        "publication_status": "not_uploaded",
        "reviewer_access": "Content-addressed implementation bytes may be provided through the venue's anonymous supplementary channel on request. No public URL is published.",
        "strategy": "hash_bound_anonymous_artifact_store_on_request"
      },
      "bytes": 40785,
      "id": "role:S33",
      "present_in_bundle": false,
      "sha256": "297560cb9ffe828b003ea913133d2f857bea0496a4b18284428a38575f36b88e"
    },
    {
      "access": {
        "included_in_supplement": false,
        "publication_status": "not_uploaded",
        "reviewer_access": "Content-addressed implementation bytes may be provided through the venue's anonymous supplementary channel on request. No public URL is published.",
        "strategy": "hash_bound_anonymous_artifact_store_on_request"
      },
      "bytes": 31750,
      "id": "role:S34",
      "present_in_bundle": false,
      "sha256": "dc0c8e8bb660d85c002d0e4354c6cb8d9926b9d31b7ac25471a7e6e26a45ca33"
    },
    {
      "access": {
        "included_in_supplement": false,
        "publication_status": "not_uploaded",
        "reviewer_access": "Content-addressed implementation bytes may be provided through the venue's anonymous supplementary channel on request. No public URL is published.",
        "strategy": "hash_bound_anonymous_artifact_store_on_request"
      },
      "bytes": 21074,
      "id": "role:S35",
      "present_in_bundle": false,
      "sha256": "7e1b731561c1b73bb513eb6d51bd58acc89a87afbf2888e53b2a2aee539a86bb"
    },
    {
      "access": {
        "included_in_supplement": false,
        "publication_status": "not_uploaded",
        "reviewer_access": "Content-addressed implementation bytes may be provided through the venue's anonymous supplementary channel on request. No public URL is published.",
        "strategy": "hash_bound_anonymous_artifact_store_on_request"
      },
      "bytes": 54332,
      "id": "role:S36",
      "present_in_bundle": false,
      "sha256": "7e92a319576ce1d05843bbf29a39b4c3d32c343c43f5ce0748f9ec6a3d2750da"
    },
    {
      "access": {
        "included_in_supplement": false,
        "publication_status": "not_uploaded",
        "reviewer_access": "Content-addressed implementation bytes may be provided through the venue's anonymous supplementary channel on request. No public URL is published.",
        "strategy": "hash_bound_anonymous_artifact_store_on_request"
      },
      "bytes": 44224,
      "id": "role:S37",
      "present_in_bundle": false,
      "sha256": "55bc429e0f591ba2ded781441285d212270639b29bb33cd250f70cd2424b8261"
    },
    {
      "access": {
        "included_in_supplement": false,
        "publication_status": "not_uploaded",
        "reviewer_access": "Content-addressed implementation bytes may be provided through the venue's anonymous supplementary channel on request. No public URL is published.",
        "strategy": "hash_bound_anonymous_artifact_store_on_request"
      },
      "bytes": 16320,
      "id": "role:S38",
      "present_in_bundle": false,
      "sha256": "8952b5258803d1067075e8f4195ca2b8b25158d9e7f8a3be9fb607773d6c7d56"
    },
    {
      "access": {
        "included_in_supplement": false,
        "publication_status": "not_uploaded",
        "reviewer_access": "Content-addressed implementation bytes may be provided through the venue's anonymous supplementary channel on request. No public URL is published.",
        "strategy": "hash_bound_anonymous_artifact_store_on_request"
      },
      "bytes": 115451,
      "id": "role:S39",
      "present_in_bundle": false,
      "sha256": "d50a5fbb9473d7d23a227989bbde811f9a44fd6cf57429b15a57e70e4b8ea7bc"
    },
    {
      "access": {
        "included_in_supplement": false,
        "publication_status": "not_uploaded",
        "reviewer_access": "Content-addressed implementation bytes may be provided through the venue's anonymous supplementary channel on request. No public URL is published.",
        "strategy": "hash_bound_anonymous_artifact_store_on_request"
      },
      "bytes": 217912,
      "id": "role:S40",
      "present_in_bundle": false,
      "sha256": "da1d91e1521a4523d8949d99fa63a6bdc7a48bed932bc4877d72fa0d17423a6d"
    }
  ],
  "located": 58,
  "mismatched": [],
  "missing": [],
  "ok": true,
  "public_upload": false
}
