This is pdfTeX, Version 3.141592653-2.6-1.40.29 (TeX Live 2026) (preloaded format=pdflatex)
entering extended mode
(./main.tex
LaTeX2e <2026-06-01>
L3 programming layer <2026-08-10>
(./header.tex (/home/barberb/.local/share/vericodegen-texlive/.TinyTeX/texmf-dist/tex/latex/base/article.cls
Document Class: article 2025/01/22 v1.4n Standard LaTeX document class
(/home/barberb/.local/share/vericodegen-texlive/.TinyTeX/texmf-dist/tex/latex/base/size10.clo)) (./neurips_2026_vericode.sty (/home/barberb/.local/share/vericodegen-texlive/.TinyTeX/texmf-dist/tex/latex/environ/environ.sty (/home/barberb/.local/share/vericodegen-texlive/.TinyTeX/texmf-dist/tex/latex/trimspaces/trimspaces.sty)) (/home/barberb/.local/share/vericodegen-texlive/.TinyTeX/texmf-dist/tex/latex/natbib/natbib.sty) (/home/barberb/.local/share/vericodegen-texlive/.TinyTeX/texmf-dist/tex/latex/geometry/geometry.sty (/home/barberb/.local/share/vericodegen-texlive/.TinyTeX/texmf-dist/tex/latex/graphics/keyval.sty) (/home/barberb/.local/share/vericodegen-texlive/.TinyTeX/texmf-dist/tex/generic/iftex/ifvtex.sty (/home/barberb/.local/share/vericodegen-texlive/.TinyTeX/texmf-dist/tex/generic/iftex/iftex.sty))) (/home/barberb/.local/share/vericodegen-texlive/.TinyTeX/texmf-dist/tex/latex/lineno/lineno.sty (/home/barberb/.local/share/vericodegen-texlive/.TinyTeX/texmf-dist/tex/latex/etoolbox/etoolbox.sty) (/home/barberb/.local/share/vericodegen-texlive/.TinyTeX/texmf-dist/tex/latex/kvoptions/kvoptions.sty (/home/barberb/.local/share/vericodegen-texlive/.TinyTeX/texmf-dist/tex/generic/ltxcmds/ltxcmds.sty) (/home/barberb/.local/share/vericodegen-texlive/.TinyTeX/texmf-dist/tex/latex/kvsetkeys/kvsetkeys.sty)))) (/home/barberb/.local/share/vericodegen-texlive/.TinyTeX/texmf-dist/tex/latex/base/inputenc.sty) (/home/barberb/.local/share/vericodegen-texlive/.TinyTeX/texmf-dist/tex/latex/base/fontenc.sty (/home/barberb/.local/share/vericodegen-texlive/.TinyTeX/texmf-dist/tex/latex/psnfss/t1ptm.fd)) (/home/barberb/.local/share/vericodegen-texlive/.TinyTeX/texmf-dist/tex/latex/amsmath/amsmath.sty
For additional information on amsmath, use the `?' option.
(/home/barberb/.local/share/vericodegen-texlive/.TinyTeX/texmf-dist/tex/latex/amsmath/amstext.sty (/home/barberb/.local/share/vericodegen-texlive/.TinyTeX/texmf-dist/tex/latex/amsmath/amsgen.sty)) (/home/barberb/.local/share/vericodegen-texlive/.TinyTeX/texmf-dist/tex/latex/amsmath/amsbsy.sty) (/home/barberb/.local/share/vericodegen-texlive/.TinyTeX/texmf-dist/tex/latex/amsmath/amsopn.sty)) (/home/barberb/.local/share/vericodegen-texlive/.TinyTeX/texmf-dist/tex/latex/amsfonts/amssymb.sty (/home/barberb/.local/share/vericodegen-texlive/.TinyTeX/texmf-dist/tex/latex/amsfonts/amsfonts.sty)) (/home/barberb/.local/share/vericodegen-texlive/.TinyTeX/texmf-dist/tex/latex/booktabs/booktabs.sty) (/home/barberb/.local/share/vericodegen-texlive/.TinyTeX/texmf-dist/tex/latex/microtype/microtype.sty (/home/barberb/.local/share/vericodegen-texlive/.TinyTeX/texmf-dist/tex/latex/microtype/microtype-pdftex.def) (/home/barberb/.local/share/vericodegen-texlive/.TinyTeX/texmf-dist/tex/latex/microtype/microtype.cfg)) (/home/barberb/.local/share/vericodegen-texlive/.TinyTeX/texmf-dist/tex/latex/url/url.sty) (/home/barberb/.local/share/vericodegen-texlive/.TinyTeX/texmf-dist/tex/latex/hyperref/hyperref.sty (/home/barberb/.local/share/vericodegen-texlive/.TinyTeX/texmf-dist/tex/generic/kvdefinekeys/kvdefinekeys.sty) (/home/barberb/.local/share/vericodegen-texlive/.TinyTeX/texmf-dist/tex/generic/pdfescape/pdfescape.sty (/home/barberb/.local/share/vericodegen-texlive/.TinyTeX/texmf-dist/tex/generic/pdftexcmds/pdftexcmds.sty (/home/barberb/.local/share/vericodegen-texlive/.TinyTeX/texmf-dist/tex/generic/infwarerr/infwarerr.sty))) (/home/barberb/.local/share/vericodegen-texlive/.TinyTeX/texmf-dist/tex/latex/hycolor/hycolor.sty) (/home/barberb/.local/share/vericodegen-texlive/.TinyTeX/texmf-dist/tex/latex/hyperref/nameref.sty (/home/barberb/.local/share/vericodegen-texlive/.TinyTeX/texmf-dist/tex/latex/refcount/refcount.sty) (/home/barberb/.local/share/vericodegen-texlive/.TinyTeX/texmf-dist/tex/generic/gettitlestring/gettitlestring.sty)) (/home/barberb/.local/share/vericodegen-texlive/.TinyTeX/texmf-dist/tex/generic/stringenc/stringenc.sty) (/home/barberb/.local/share/vericodegen-texlive/.TinyTeX/texmf-dist/tex/latex/hyperref/pd1enc.def) (/home/barberb/.local/share/vericodegen-texlive/.TinyTeX/texmf-dist/tex/generic/intcalc/intcalc.sty) (/home/barberb/.local/share/vericodegen-texlive/.TinyTeX/texmf-dist/tex/latex/hyperref/puenc.def) (/home/barberb/.local/share/vericodegen-texlive/.TinyTeX/texmf-dist/tex/generic/bitset/bitset.sty (/home/barberb/.local/share/vericodegen-texlive/.TinyTeX/texmf-dist/tex/generic/bigintcalc/bigintcalc.sty))) (/home/barberb/.local/share/vericodegen-texlive/.TinyTeX/texmf-dist/tex/latex/hyperref/hpdftex.def (/home/barberb/.local/share/vericodegen-texlive/.TinyTeX/texmf-dist/tex/latex/rerunfilecheck/rerunfilecheck.sty (/home/barberb/.local/share/vericodegen-texlive/.TinyTeX/texmf-dist/tex/generic/uniquecounter/uniquecounter.sty))) (/home/barberb/.local/share/vericodegen-texlive/.TinyTeX/texmf-dist/tex/latex/graphics/graphicx.sty (/home/barberb/.local/share/vericodegen-texlive/.TinyTeX/texmf-dist/tex/latex/graphics/graphics.sty (/home/barberb/.local/share/vericodegen-texlive/.TinyTeX/texmf-dist/tex/latex/graphics/trig.sty) (/home/barberb/.local/share/vericodegen-texlive/.TinyTeX/texmf-dist/tex/latex/graphics-cfg/graphics.cfg) (/home/barberb/.local/share/vericodegen-texlive/.TinyTeX/texmf-dist/tex/latex/graphics-def/pdftex.def)))) (/home/barberb/.local/share/vericodegen-texlive/.TinyTeX/texmf-dist/tex/latex/xcolor/xcolor.sty (/home/barberb/.local/share/vericodegen-texlive/.TinyTeX/texmf-dist/tex/latex/graphics-cfg/color.cfg) (/home/barberb/.local/share/vericodegen-texlive/.TinyTeX/texmf-dist/tex/latex/graphics/mathcolor.ltx)) (/home/barberb/.local/share/vericodegen-texlive/.TinyTeX/texmf-dist/tex/latex/l3kernel/l3backend-pdftex.def) (build/main.aux)
*geometry* driver: auto-detecting
*geometry* detected driver: pdftex
*geometry* verbose mode - [ preamble ] result:
* driver: pdftex
* paper: letterpaper
* layout: <same size as paper>
* layoutoffset:(h,v)=(0.0pt,0.0pt)
* modes: 
* h-part:(L,W,R)=(92.14519pt, 430.00462pt, 92.14519pt)
* v-part:(T,H,B)=(95.39737pt, 556.47656pt, 143.09605pt)
* \paperwidth=614.295pt
* \paperheight=794.96999pt
* \textwidth=430.00462pt
* \textheight=556.47656pt
* \oddsidemargin=19.8752pt
* \evensidemargin=19.8752pt
* \topmargin=-13.87262pt
* \headheight=12.0pt
* \headsep=25.0pt
* \topskip=10.0pt
* \footskip=30.0pt
* \marginparwidth=65.0pt
* \marginparsep=11.0pt
* \columnsep=10.0pt
* \skip\footins=9.0pt plus 4.0pt minus 2.0pt
* \hoffset=0.0pt
* \voffset=0.0pt
* \mag=1000
* \@twocolumnfalse
* \@twosidefalse
* \@mparswitchfalse
* \@reversemarginfalse
* (1in=72.27pt=25.4mm, 1cm=28.453pt)

*geometry* verbose mode - [ newgeometry ] result:
* driver: pdftex
* paper: letterpaper
* layout: <same size as paper>
* layoutoffset:(h,v)=(0.0pt,0.0pt)
* modes: 
* h-part:(L,W,R)=(108.405pt, 397.48499pt, 108.40501pt)
* v-part:(T,H,B)=(72.26999pt, 650.43pt, 72.27pt)
* \paperwidth=614.295pt
* \paperheight=794.96999pt
* \textwidth=397.48499pt
* \textheight=650.43pt
* \oddsidemargin=36.13501pt
* \evensidemargin=36.13501pt
* \topmargin=-37.0pt
* \headheight=12.0pt
* \headsep=25.0pt
* \topskip=10.0pt
* \footskip=30.0pt
* \marginparwidth=65.0pt
* \marginparsep=11.0pt
* \columnsep=10.0pt
* \skip\footins=9.0pt plus 4.0pt minus 2.0pt
* \hoffset=0.0pt
* \voffset=0.0pt
* \mag=1000
* \@twocolumnfalse
* \@twosidefalse
* \@mparswitchfalse
* \@reversemarginfalse
* (1in=72.27pt=25.4mm, 1cm=28.453pt)

(/home/barberb/.local/share/vericodegen-texlive/.TinyTeX/texmf-dist/tex/latex/microtype/mt-ptm.cfg) (build/main.out) (build/main.out) (/home/barberb/.local/share/vericodegen-texlive/.TinyTeX/texmf-dist/tex/latex/epstopdf-pkg/epstopdf-base.sty

Package epstopdf Warning: Shell escape feature is not enabled.

(/home/barberb/.local/share/vericodegen-texlive/.TinyTeX/texmf-dist/tex/latex/latexconfig/epstopdf-sys.cfg)) (./fragments/abstract.tex (/home/barberb/.local/share/vericodegen-texlive/.TinyTeX/texmf-dist/tex/latex/microtype/mt-cmr.cfg) (/home/barberb/.local/share/vericodegen-texlive/.TinyTeX/texmf-dist/tex/latex/amsfonts/umsa.fd) (/home/barberb/.local/share/vericodegen-texlive/.TinyTeX/texmf-dist/tex/latex/microtype/mt-msa.cfg) (/home/barberb/.local/share/vericodegen-texlive/.TinyTeX/texmf-dist/tex/latex/amsfonts/umsb.fd) (/home/barberb/.local/share/vericodegen-texlive/.TinyTeX/texmf-dist/tex/latex/microtype/mt-msb.cfg) (/home/barberb/.local/share/vericodegen-texlive/.TinyTeX/texmf-dist/tex/latex/psnfss/t1phv.fd)) (./fragments/introduction.tex [1{/home/barberb/.local/share/vericodegen-texlive/.TinyTeX/texmf-var/fonts/map/pdftex/updmap/pdftex.map}{/home/barberb/.local/share/vericodegen-texlive/.TinyTeX/texmf-dist/fonts/enc/dvips/base/8r.enc}{/home/barberb/.local/share/vericodegen-texlive/.TinyTeX/texmf-dist/fonts/enc/dvips/cm-super/cm-super-t1.enc}]) (./fragments/evidence_method.tex) (./fragments/design.tex [2]) (./fragments/analysis_method.tex [3]) (./fragments/results.tex [4]) (./generated/table17.tex) (./fragments/related_work.tex) (./fragments/limitations.tex
Underfull \vbox (badness 3449) has occurred while \output is active
Underfull \vbox (badness 3449) has occurred while \output is active [5]) (./fragments/conclusion.tex) [6] (build/main.bbl) [7] (./appendix/entry.tex (./appendix/formal_arguments.tex [8] [9])) [10] [11 <./layout/family_useful.pdf>] (./layout/table18.tex
Underfull \hbox (badness 4279) in paragraph at lines 6--6
\T1/ptm/m/n/10 (+20) thor-ity and un-trusted

Underfull \hbox (badness 3148) in paragraph at lines 6--6
\T1/ptm/m/n/10 (+20) close re-jected in fix-

Underfull \hbox (badness 10000) in paragraph at lines 6--6
[]\T1/ptm/m/n/10 (+20) Deterministic re-pair

Underfull \hbox (badness 1325) in paragraph at lines 6--6
\T1/ptm/m/n/10 (+20) and in-jected resid-ual

Underfull \hbox (badness 10000) in paragraph at lines 7--7
[]\T1/ptm/m/n/10 (+20) Exact/conservative

Underfull \hbox (badness 3428) in paragraph at lines 7--7
\T1/ptm/m/n/10 (+20) trans-la-tion only; no

Underfull \hbox (badness 10000) in paragraph at lines 8--8
[]\T1/ptm/m/n/10 (+20) Native the-o-

Underfull \hbox (badness 10000) in paragraph at lines 8--9
[]\T1/ptm/m/n/10 (+20) NS-014 scope

Underfull \hbox (badness 10000) in paragraph at lines 9--9
[]\T1/ptm/m/n/10 (+20) Fixture/call/

Underfull \hbox (badness 1337) in paragraph at lines 9--9
\T1/ptm/m/n/10 (+20) line only; no ad-mit-

Underfull \hbox (badness 10000) in paragraph at lines 9--10
[]\T1/ptm/m/n/10 (+20) NS-011; cor-

Underfull \hbox (badness 1975) in paragraph at lines 10--10
[]\T1/ptm/m/n/10 (+20) Publication af-ter

Underfull \hbox (badness 10000) in paragraph at lines 10--10
[]\T1/ptm/m/n/10 (+20) WAL/CAS re-cov-ery

Underfull \hbox (badness 10000) in paragraph at lines 10--10
\T1/ptm/m/n/10 (+20) ex-plicit her-metic

Underfull \hbox (badness 10000) in paragraph at lines 11--11
[]\T1/ptm/m/n/10 (+20) World/procedure

Underfull \hbox (badness 5771) in paragraph at lines 11--11
\T1/ptm/m/n/10 (+20) paired pre/post con-

Underfull \hbox (badness 10000) in paragraph at lines 11--12
[]\T1/ptm/m/n/10 (+20) NS-015 scope
) (./generated/ablations.tex
Underfull \hbox (badness 10000) in paragraph at lines 8--8
[]\T1/ptm/m/n/10 (+20) adversarial scorer-integrity
) [12] (./appendix/llm_usage_disclosure.tex) [13] (./checklist.tex (/home/barberb/.local/share/vericodegen-texlive/.TinyTeX/texmf-dist/tex/latex/psnfss/ts1ptm.fd) [14] [15] [16] [17] [18] [19]) [20] (build/main.aux) )
(see the transcript file for additional information)</home/barberb/.local/share/vericodegen-texlive/.TinyTeX/texmf-dist/fonts/type1/public/amsfonts/cm/cmex10.pfb></home/barberb/.local/share/vericodegen-texlive/.TinyTeX/texmf-dist/fonts/type1/public/amsfonts/cm/cmmi10.pfb></home/barberb/.local/share/vericodegen-texlive/.TinyTeX/texmf-dist/fonts/type1/public/amsfonts/cm/cmmi7.pfb></home/barberb/.local/share/vericodegen-texlive/.TinyTeX/texmf-dist/fonts/type1/public/amsfonts/cm/cmr10.pfb></home/barberb/.local/share/vericodegen-texlive/.TinyTeX/texmf-dist/fonts/type1/public/amsfonts/cm/cmr7.pfb></home/barberb/.local/share/vericodegen-texlive/.TinyTeX/texmf-dist/fonts/type1/public/amsfonts/cm/cmsy10.pfb></home/barberb/.local/share/vericodegen-texlive/.TinyTeX/texmf-dist/fonts/type1/public/amsfonts/cm/cmsy7.pfb></home/barberb/.local/share/vericodegen-texlive/.TinyTeX/texmf-dist/fonts/type1/public/cm-super/sftt1000.pfb></home/barberb/.local/share/vericodegen-texlive/.TinyTeX/texmf-dist/fonts/type1/urw/helvetic/uhvr8a.pfb></home/barberb/.local/share/vericodegen-texlive/.TinyTeX/texmf-dist/fonts/type1/urw/times/utmb8a.pfb></home/barberb/.local/share/vericodegen-texlive/.TinyTeX/texmf-dist/fonts/type1/urw/times/utmr8a.pfb></home/barberb/.local/share/vericodegen-texlive/.TinyTeX/texmf-dist/fonts/type1/urw/times/utmri8a.pfb>
Output written on build/main.pdf (20 pages, 252576 bytes).
Transcript written on build/main.log.
